Oct 17 13:07:53 lfs-eyohn kernel: Linux version 6.0.0 (root@lfs-eyohn) (gcc (GCC) 12.2.0, GNU ld (GNU Binutils) 2.39) #1 SMP PREEMPT_DYNAMIC Sat Oct 15 15:24:00 MSK 2022
Oct 17 13:07:53 lfs-eyohn kernel: Command line: BOOT_IMAGE=/boot/vmlinuz-6.0.0-15.10.22 root=/dev/sdb ro
Oct 17 13:07:53 lfs-eyohn kernel: x86/fpu: Supporting XSAVE feature 0x001: 'x87 floating point registers'
Oct 17 13:07:53 lfs-eyohn kernel: x86/fpu: Supporting XSAVE feature 0x002: 'SSE registers'
Oct 17 13:07:53 lfs-eyohn kernel: x86/fpu: Supporting XSAVE feature 0x004: 'AVX registers'
Oct 17 13:07:53 lfs-eyohn kernel: x86/fpu: xstate_offset[2]:  576, xstate_sizes[2]:  256
Oct 17 13:07:53 lfs-eyohn kernel: x86/fpu: Enabled xstate features 0x7, context size is 832 bytes, using 'compacted' format.
Oct 17 13:07:53 lfs-eyohn kernel: signal: max sigframe size: 1776
Oct 17 13:07:53 lfs-eyohn kernel: BIOS-provided physical RAM map:
Oct 17 13:07:53 lfs-eyohn kernel: BIOS-e820: [mem 0x0000000000000000-0x000000000009ffff] usable
Oct 17 13:07:53 lfs-eyohn kernel: BIOS-e820: [mem 0x00000000000a0000-0x00000000000fffff] reserved
Oct 17 13:07:53 lfs-eyohn kernel: BIOS-e820: [mem 0x0000000000100000-0x0000000009bfefff] usable
Oct 17 13:07:53 lfs-eyohn kernel: BIOS-e820: [mem 0x0000000009bff000-0x0000000009ffffff] reserved
Oct 17 13:07:53 lfs-eyohn kernel: BIOS-e820: [mem 0x000000000a000000-0x000000000a1fffff] usable
Oct 17 13:07:53 lfs-eyohn kernel: BIOS-e820: [mem 0x000000000a200000-0x000000000a20cfff] ACPI NVS
Oct 17 13:07:53 lfs-eyohn kernel: BIOS-e820: [mem 0x000000000a20d000-0x000000000affffff] usable
Oct 17 13:07:53 lfs-eyohn kernel: BIOS-e820: [mem 0x000000000b000000-0x000000000b01ffff] reserved
Oct 17 13:07:53 lfs-eyohn kernel: BIOS-e820: [mem 0x000000000b020000-0x00000000cac7efff] usable
Oct 17 13:07:53 lfs-eyohn kernel: BIOS-e820: [mem 0x00000000cac7f000-0x00000000cac7ffff] reserved
Oct 17 13:07:53 lfs-eyohn kernel: BIOS-e820: [mem 0x00000000cac80000-0x00000000cacd8fff] usable
Oct 17 13:07:53 lfs-eyohn kernel: BIOS-e820: [mem 0x00000000cacd9000-0x00000000cacd9fff] reserved
Oct 17 13:07:53 lfs-eyohn kernel: BIOS-e820: [mem 0x00000000cacda000-0x00000000e96ebfff] usable
Oct 17 13:07:53 lfs-eyohn kernel: BIOS-e820: [mem 0x00000000e96ec000-0x00000000eacdafff] reserved
Oct 17 13:07:53 lfs-eyohn kernel: BIOS-e820: [mem 0x00000000eacdb000-0x00000000ead23fff] ACPI data
Oct 17 13:07:53 lfs-eyohn kernel: BIOS-e820: [mem 0x00000000ead24000-0x00000000ec3dafff] ACPI NVS
Oct 17 13:07:53 lfs-eyohn kernel: BIOS-e820: [mem 0x00000000ec3db000-0x00000000ed179fff] reserved
Oct 17 13:07:53 lfs-eyohn kernel: BIOS-e820: [mem 0x00000000ed17a000-0x00000000ed1fefff] type 20
Oct 17 13:07:53 lfs-eyohn kernel: BIOS-e820: [mem 0x00000000ed1ff000-0x00000000edffffff] usable
Oct 17 13:07:53 lfs-eyohn kernel: BIOS-e820: [mem 0x00000000ee000000-0x00000000f7ffffff] reserved
Oct 17 13:07:53 lfs-eyohn kernel: BIOS-e820: [mem 0x00000000fd200000-0x00000000fd2fffff] reserved
Oct 17 13:07:53 lfs-eyohn kernel: BIOS-e820: [mem 0x00000000fd600000-0x00000000fd6fffff] reserved
Oct 17 13:07:53 lfs-eyohn kernel: BIOS-e820: [mem 0x00000000fea00000-0x00000000fea0ffff] reserved
Oct 17 13:07:53 lfs-eyohn kernel: BIOS-e820: [mem 0x00000000feb80000-0x00000000fec01fff] reserved
Oct 17 13:07:53 lfs-eyohn kernel: BIOS-e820: [mem 0x00000000fec10000-0x00000000fec10fff] reserved
Oct 17 13:07:53 lfs-eyohn kernel: BIOS-e820: [mem 0x00000000fec30000-0x00000000fec30fff] reserved
Oct 17 13:07:53 lfs-eyohn kernel: BIOS-e820: [mem 0x00000000fed00000-0x00000000fed00fff] reserved
Oct 17 13:07:53 lfs-eyohn kernel: BIOS-e820: [mem 0x00000000fed40000-0x00000000fed44fff] reserved
Oct 17 13:07:53 lfs-eyohn kernel: BIOS-e820: [mem 0x00000000fed80000-0x00000000fed8ffff] reserved
Oct 17 13:07:53 lfs-eyohn kernel: BIOS-e820: [mem 0x00000000fedc2000-0x00000000fedcffff] reserved
Oct 17 13:07:53 lfs-eyohn kernel: BIOS-e820: [mem 0x00000000fedd4000-0x00000000fedd5fff] reserved
Oct 17 13:07:53 lfs-eyohn kernel: BIOS-e820: [mem 0x00000000ff000000-0x00000000ffffffff] reserved
Oct 17 13:07:53 lfs-eyohn kernel: BIOS-e820: [mem 0x0000000100000000-0x00000007ef33ffff] usable
Oct 17 13:07:53 lfs-eyohn kernel: BIOS-e820: [mem 0x00000007ef340000-0x000000080fffffff] reserved
Oct 17 13:07:53 lfs-eyohn kernel: NX (Execute Disable) protection: active
Oct 17 13:07:53 lfs-eyohn kernel: efi: EFI v2.70 by American Megatrends
Oct 17 13:07:53 lfs-eyohn kernel: efi: ACPI=0xec3c4000 ACPI 2.0=0xec3c4014 SMBIOS=0xed038000 SMBIOS 3.0=0xed037000 MEMATTR=0xe628b318 ESRT=0xe83ec498 
Oct 17 13:07:53 lfs-eyohn kernel: SMBIOS 3.3.0 present.
Oct 17 13:07:53 lfs-eyohn kernel: DMI: To Be Filled By O.E.M. To Be Filled By O.E.M./A520M Pro4, BIOS L1.32 11/06/2020
Oct 17 13:07:53 lfs-eyohn kernel: tsc: Fast TSC calibration using PIT
Oct 17 13:07:53 lfs-eyohn kernel: tsc: Detected 3693.202 MHz processor
Oct 17 13:07:53 lfs-eyohn kernel: e820: update [mem 0x00000000-0x00000fff] usable ==> reserved
Oct 17 13:07:53 lfs-eyohn kernel: e820: remove [mem 0x000a0000-0x000fffff] usable
Oct 17 13:07:53 lfs-eyohn kernel: last_pfn = 0x7ef340 max_arch_pfn = 0x400000000
Oct 17 13:07:53 lfs-eyohn kernel: x86/PAT: Configuration [0-7]: WB  WC  UC- UC  WB  WP  UC- WT  
Oct 17 13:07:53 lfs-eyohn kernel: e820: update [mem 0xf0000000-0xffffffff] usable ==> reserved
Oct 17 13:07:53 lfs-eyohn kernel: last_pfn = 0xee000 max_arch_pfn = 0x400000000
Oct 17 13:07:53 lfs-eyohn kernel: esrt: Reserving ESRT space from 0x00000000e83ec498 to 0x00000000e83ec4d0.
Oct 17 13:07:53 lfs-eyohn kernel: e820: update [mem 0xe83ec000-0xe83ecfff] usable ==> reserved
Oct 17 13:07:53 lfs-eyohn kernel: Using GB pages for direct mapping
Oct 17 13:07:53 lfs-eyohn kernel: Secure boot disabled
Oct 17 13:07:53 lfs-eyohn kernel: ACPI: Early table checksum verification disabled
Oct 17 13:07:53 lfs-eyohn kernel: ACPI: RSDP 0x00000000EC3C4014 000024 (v02 ALASKA)
Oct 17 13:07:53 lfs-eyohn kernel: ACPI: XSDT 0x00000000EC3C3728 0000DC (v01 ALASKA A M I    01072009 AMI  01000013)
Oct 17 13:07:53 lfs-eyohn kernel: ACPI: FACP 0x00000000EAD16000 000114 (v06 ALASKA A M I    01072009 AMI  00010013)
Oct 17 13:07:53 lfs-eyohn kernel: ACPI: DSDT 0x00000000EACE5000 00619A (v02 ALASKA A M I    01072009 INTL 20120913)
Oct 17 13:07:53 lfs-eyohn kernel: ACPI: FACS 0x00000000EB3BE000 000040
Oct 17 13:07:53 lfs-eyohn kernel: ACPI: SSDT 0x00000000EAD1C000 007229 (v02 AMD    Artic    00000002 MSFT 04000000)
Oct 17 13:07:53 lfs-eyohn kernel: ACPI: SSDT 0x00000000EAD18000 003A31 (v01 AMD    AMD AOD  00000001 INTL 20120913)
Oct 17 13:07:53 lfs-eyohn kernel: ACPI: SSDT 0x00000000EAD17000 0001AD (v02 ALASKA CPUSSDT  01072009 AMI  01072009)
Oct 17 13:07:53 lfs-eyohn kernel: ACPI: FIDT 0x00000000EAD0F000 00009C (v01 ALASKA A M I    01072009 AMI  00010013)
Oct 17 13:07:53 lfs-eyohn kernel: ACPI: MCFG 0x00000000EAD0E000 00003C (v01 ALASKA A M I    01072009 MSFT 00010013)
Oct 17 13:07:53 lfs-eyohn kernel: ACPI: AAFT 0x00000000EAD0D000 0000ED (v01 ALASKA OEMAAFT  01072009 MSFT 00000097)
Oct 17 13:07:53 lfs-eyohn kernel: ACPI: HPET 0x00000000EAD0C000 000038 (v01 ALASKA A M I    01072009 AMI  00000005)
Oct 17 13:07:53 lfs-eyohn kernel: ACPI: VFCT 0x00000000EACFE000 00D484 (v01 ALASKA A M I    00000001 AMD  31504F47)
Oct 17 13:07:53 lfs-eyohn kernel: ACPI: BGRT 0x00000000EACFD000 000038 (v01 ALASKA A M I    01072009 AMI  00010013)
Oct 17 13:07:53 lfs-eyohn kernel: ACPI: SSDT 0x00000000EACFB000 00153C (v02 AMD    AmdTable 00000001 AMD  00000001)
Oct 17 13:07:53 lfs-eyohn kernel: ACPI: CRAT 0x00000000EACFA000 000BA8 (v01 AMD    AmdTable 00000001 AMD  00000001)
Oct 17 13:07:53 lfs-eyohn kernel: ACPI: CDIT 0x00000000EACF9000 000029 (v01 AMD    AmdTable 00000001 AMD  00000001)
Oct 17 13:07:53 lfs-eyohn kernel: ACPI: SSDT 0x00000000EACF8000 000D53 (v01 AMD    ArticIG2 00000001 INTL 20120913)
Oct 17 13:07:53 lfs-eyohn kernel: ACPI: SSDT 0x00000000EACF6000 0010A5 (v01 AMD    ArticTPX 00000001 INTL 20120913)
Oct 17 13:07:53 lfs-eyohn kernel: ACPI: SSDT 0x00000000EACF2000 00348C (v01 AMD    ArticN   00000001 INTL 20120913)
Oct 17 13:07:53 lfs-eyohn kernel: ACPI: WSMT 0x00000000EACF1000 000028 (v01 ALASKA A M I    01072009 AMI  00010013)
Oct 17 13:07:53 lfs-eyohn kernel: ACPI: APIC 0x00000000EACF0000 00015E (v03 ALASKA A M I    01072009 AMI  00010013)
Oct 17 13:07:53 lfs-eyohn kernel: ACPI: SSDT 0x00000000EACEF000 000517 (v01 AMD    ArticPRN 00000001 INTL 20120913)
Oct 17 13:07:53 lfs-eyohn kernel: ACPI: SSDT 0x00000000EACEE000 00007D (v01 AMD    ArticDIS 00000001 INTL 20120913)
Oct 17 13:07:53 lfs-eyohn kernel: ACPI: SSDT 0x00000000EACEC000 0010AF (v01 AMD    ArticC   00000001 INTL 20120913)
Oct 17 13:07:53 lfs-eyohn kernel: ACPI: SSDT 0x00000000EAD15000 0000BF (v01 AMD    AmdTable 00001000 INTL 20120913)
Oct 17 13:07:53 lfs-eyohn kernel: ACPI: FPDT 0x00000000EAD14000 000044 (v01 ALASKA A M I    01072009 AMI  01000013)
Oct 17 13:07:53 lfs-eyohn kernel: ACPI: Reserving FACP table memory at [mem 0xead16000-0xead16113]
Oct 17 13:07:53 lfs-eyohn kernel: ACPI: Reserving DSDT table memory at [mem 0xeace5000-0xeaceb199]
Oct 17 13:07:53 lfs-eyohn kernel: ACPI: Reserving FACS table memory at [mem 0xeb3be000-0xeb3be03f]
Oct 17 13:07:53 lfs-eyohn kernel: ACPI: Reserving SSDT table memory at [mem 0xead1c000-0xead23228]
Oct 17 13:07:53 lfs-eyohn kernel: ACPI: Reserving SSDT table memory at [mem 0xead18000-0xead1ba30]
Oct 17 13:07:53 lfs-eyohn kernel: ACPI: Reserving SSDT table memory at [mem 0xead17000-0xead171ac]
Oct 17 13:07:53 lfs-eyohn kernel: ACPI: Reserving FIDT table memory at [mem 0xead0f000-0xead0f09b]
Oct 17 13:07:53 lfs-eyohn kernel: ACPI: Reserving MCFG table memory at [mem 0xead0e000-0xead0e03b]
Oct 17 13:07:53 lfs-eyohn kernel: ACPI: Reserving AAFT table memory at [mem 0xead0d000-0xead0d0ec]
Oct 17 13:07:53 lfs-eyohn kernel: ACPI: Reserving HPET table memory at [mem 0xead0c000-0xead0c037]
Oct 17 13:07:53 lfs-eyohn kernel: ACPI: Reserving VFCT table memory at [mem 0xeacfe000-0xead0b483]
Oct 17 13:07:53 lfs-eyohn kernel: ACPI: Reserving BGRT table memory at [mem 0xeacfd000-0xeacfd037]
Oct 17 13:07:53 lfs-eyohn kernel: ACPI: Reserving SSDT table memory at [mem 0xeacfb000-0xeacfc53b]
Oct 17 13:07:53 lfs-eyohn kernel: ACPI: Reserving CRAT table memory at [mem 0xeacfa000-0xeacfaba7]
Oct 17 13:07:53 lfs-eyohn kernel: ACPI: Reserving CDIT table memory at [mem 0xeacf9000-0xeacf9028]
Oct 17 13:07:53 lfs-eyohn kernel: ACPI: Reserving SSDT table memory at [mem 0xeacf8000-0xeacf8d52]
Oct 17 13:07:53 lfs-eyohn kernel: ACPI: Reserving SSDT table memory at [mem 0xeacf6000-0xeacf70a4]
Oct 17 13:07:53 lfs-eyohn kernel: ACPI: Reserving SSDT table memory at [mem 0xeacf2000-0xeacf548b]
Oct 17 13:07:53 lfs-eyohn kernel: ACPI: Reserving WSMT table memory at [mem 0xeacf1000-0xeacf1027]
Oct 17 13:07:53 lfs-eyohn kernel: ACPI: Reserving APIC table memory at [mem 0xeacf0000-0xeacf015d]
Oct 17 13:07:53 lfs-eyohn kernel: ACPI: Reserving SSDT table memory at [mem 0xeacef000-0xeacef516]
Oct 17 13:07:53 lfs-eyohn kernel: ACPI: Reserving SSDT table memory at [mem 0xeacee000-0xeacee07c]
Oct 17 13:07:53 lfs-eyohn kernel: ACPI: Reserving SSDT table memory at [mem 0xeacec000-0xeaced0ae]
Oct 17 13:07:53 lfs-eyohn kernel: ACPI: Reserving SSDT table memory at [mem 0xead15000-0xead150be]
Oct 17 13:07:53 lfs-eyohn kernel: ACPI: Reserving FPDT table memory at [mem 0xead14000-0xead14043]
Oct 17 13:07:53 lfs-eyohn kernel: No NUMA configuration found
Oct 17 13:07:53 lfs-eyohn kernel: Faking a node at [mem 0x0000000000000000-0x00000007ef33ffff]
Oct 17 13:07:53 lfs-eyohn kernel: NODE_DATA(0) allocated [mem 0x7ef33b000-0x7ef33ffff]
Oct 17 13:07:53 lfs-eyohn kernel: Zone ranges:
Oct 17 13:07:53 lfs-eyohn kernel:   DMA      [mem 0x0000000000001000-0x0000000000ffffff]
Oct 17 13:07:53 lfs-eyohn kernel:   DMA32    [mem 0x0000000001000000-0x00000000ffffffff]
Oct 17 13:07:53 lfs-eyohn kernel:   Normal   [mem 0x0000000100000000-0x00000007ef33ffff]
Oct 17 13:07:53 lfs-eyohn kernel:   Device   empty
Oct 17 13:07:53 lfs-eyohn kernel: Movable zone start for each node
Oct 17 13:07:53 lfs-eyohn kernel: Early memory node ranges
Oct 17 13:07:53 lfs-eyohn kernel:   node   0: [mem 0x0000000000001000-0x000000000009ffff]
Oct 17 13:07:53 lfs-eyohn kernel:   node   0: [mem 0x0000000000100000-0x0000000009bfefff]
Oct 17 13:07:53 lfs-eyohn kernel:   node   0: [mem 0x000000000a000000-0x000000000a1fffff]
Oct 17 13:07:53 lfs-eyohn kernel:   node   0: [mem 0x000000000a20d000-0x000000000affffff]
Oct 17 13:07:53 lfs-eyohn kernel:   node   0: [mem 0x000000000b020000-0x00000000cac7efff]
Oct 17 13:07:53 lfs-eyohn kernel:   node   0: [mem 0x00000000cac80000-0x00000000cacd8fff]
Oct 17 13:07:53 lfs-eyohn kernel:   node   0: [mem 0x00000000cacda000-0x00000000e96ebfff]
Oct 17 13:07:53 lfs-eyohn kernel:   node   0: [mem 0x00000000ed1ff000-0x00000000edffffff]
Oct 17 13:07:53 lfs-eyohn kernel:   node   0: [mem 0x0000000100000000-0x00000007ef33ffff]
Oct 17 13:07:53 lfs-eyohn kernel: Initmem setup node 0 [mem 0x0000000000001000-0x00000007ef33ffff]
Oct 17 13:07:53 lfs-eyohn kernel: On node 0, zone DMA: 1 pages in unavailable ranges
Oct 17 13:07:53 lfs-eyohn kernel: On node 0, zone DMA: 96 pages in unavailable ranges
Oct 17 13:07:53 lfs-eyohn kernel: On node 0, zone DMA32: 1025 pages in unavailable ranges
Oct 17 13:07:53 lfs-eyohn kernel: On node 0, zone DMA32: 13 pages in unavailable ranges
Oct 17 13:07:53 lfs-eyohn kernel: On node 0, zone DMA32: 32 pages in unavailable ranges
Oct 17 13:07:53 lfs-eyohn kernel: On node 0, zone DMA32: 1 pages in unavailable ranges
Oct 17 13:07:53 lfs-eyohn kernel: On node 0, zone DMA32: 1 pages in unavailable ranges
Oct 17 13:07:53 lfs-eyohn kernel: On node 0, zone DMA32: 15123 pages in unavailable ranges
Oct 17 13:07:53 lfs-eyohn kernel: On node 0, zone Normal: 8192 pages in unavailable ranges
Oct 17 13:07:53 lfs-eyohn kernel: On node 0, zone Normal: 3264 pages in unavailable ranges
Oct 17 13:07:53 lfs-eyohn kernel: ACPI: PM-Timer IO Port: 0x808
Oct 17 13:07:53 lfs-eyohn kernel: ACPI: LAPIC_NMI (acpi_id[0xff] high edge lint[0x1])
Oct 17 13:07:53 lfs-eyohn kernel: IOAPIC[0]: apic_id 13, version 33, address 0xfec00000, GSI 0-23
Oct 17 13:07:53 lfs-eyohn kernel: IOAPIC[1]: apic_id 14, version 33, address 0xfec01000, GSI 24-55
Oct 17 13:07:53 lfs-eyohn kernel: ACPI: INT_SRC_OVR (bus 0 bus_irq 0 global_irq 2 dfl dfl)
Oct 17 13:07:53 lfs-eyohn kernel: ACPI: INT_SRC_OVR (bus 0 bus_irq 9 global_irq 9 low level)
Oct 17 13:07:53 lfs-eyohn kernel: ACPI: Using ACPI (MADT) for SMP configuration information
Oct 17 13:07:53 lfs-eyohn kernel: ACPI: HPET id: 0x10228201 base: 0xfed00000
Oct 17 13:07:53 lfs-eyohn kernel: e820: update [mem 0xe5f81000-0xe5fc1fff] usable ==> reserved
Oct 17 13:07:53 lfs-eyohn kernel: smpboot: Allowing 32 CPUs, 20 hotplug CPUs
Oct 17 13:07:53 lfs-eyohn kernel: PM: hibernation: Registered nosave memory: [mem 0x00000000-0x00000fff]
Oct 17 13:07:53 lfs-eyohn kernel: PM: hibernation: Registered nosave memory: [mem 0x000a0000-0x000fffff]
Oct 17 13:07:53 lfs-eyohn kernel: PM: hibernation: Registered nosave memory: [mem 0x09bff000-0x09ffffff]
Oct 17 13:07:53 lfs-eyohn kernel: PM: hibernation: Registered nosave memory: [mem 0x0a200000-0x0a20cfff]
Oct 17 13:07:53 lfs-eyohn kernel: PM: hibernation: Registered nosave memory: [mem 0x0b000000-0x0b01ffff]
Oct 17 13:07:53 lfs-eyohn kernel: PM: hibernation: Registered nosave memory: [mem 0xcac7f000-0xcac7ffff]
Oct 17 13:07:53 lfs-eyohn kernel: PM: hibernation: Registered nosave memory: [mem 0xcacd9000-0xcacd9fff]
Oct 17 13:07:53 lfs-eyohn kernel: PM: hibernation: Registered nosave memory: [mem 0xe5f81000-0xe5fc1fff]
Oct 17 13:07:53 lfs-eyohn kernel: PM: hibernation: Registered nosave memory: [mem 0xe83ec000-0xe83ecfff]
Oct 17 13:07:53 lfs-eyohn kernel: PM: hibernation: Registered nosave memory: [mem 0xe96ec000-0xeacdafff]
Oct 17 13:07:53 lfs-eyohn kernel: PM: hibernation: Registered nosave memory: [mem 0xeacdb000-0xead23fff]
Oct 17 13:07:53 lfs-eyohn kernel: PM: hibernation: Registered nosave memory: [mem 0xead24000-0xec3dafff]
Oct 17 13:07:53 lfs-eyohn kernel: PM: hibernation: Registered nosave memory: [mem 0xec3db000-0xed179fff]
Oct 17 13:07:53 lfs-eyohn kernel: PM: hibernation: Registered nosave memory: [mem 0xed17a000-0xed1fefff]
Oct 17 13:07:53 lfs-eyohn kernel: PM: hibernation: Registered nosave memory: [mem 0xee000000-0xf7ffffff]
Oct 17 13:07:53 lfs-eyohn kernel: PM: hibernation: Registered nosave memory: [mem 0xf8000000-0xfd1fffff]
Oct 17 13:07:53 lfs-eyohn kernel: PM: hibernation: Registered nosave memory: [mem 0xfd200000-0xfd2fffff]
Oct 17 13:07:53 lfs-eyohn kernel: PM: hibernation: Registered nosave memory: [mem 0xfd300000-0xfd5fffff]
Oct 17 13:07:53 lfs-eyohn kernel: PM: hibernation: Registered nosave memory: [mem 0xfd600000-0xfd6fffff]
Oct 17 13:07:53 lfs-eyohn kernel: PM: hibernation: Registered nosave memory: [mem 0xfd700000-0xfe9fffff]
Oct 17 13:07:53 lfs-eyohn kernel: PM: hibernation: Registered nosave memory: [mem 0xfea00000-0xfea0ffff]
Oct 17 13:07:53 lfs-eyohn kernel: PM: hibernation: Registered nosave memory: [mem 0xfea10000-0xfeb7ffff]
Oct 17 13:07:53 lfs-eyohn kernel: PM: hibernation: Registered nosave memory: [mem 0xfeb80000-0xfec01fff]
Oct 17 13:07:53 lfs-eyohn kernel: PM: hibernation: Registered nosave memory: [mem 0xfec02000-0xfec0ffff]
Oct 17 13:07:53 lfs-eyohn kernel: PM: hibernation: Registered nosave memory: [mem 0xfec10000-0xfec10fff]
Oct 17 13:07:53 lfs-eyohn kernel: PM: hibernation: Registered nosave memory: [mem 0xfec11000-0xfec2ffff]
Oct 17 13:07:53 lfs-eyohn kernel: PM: hibernation: Registered nosave memory: [mem 0xfec30000-0xfec30fff]
Oct 17 13:07:53 lfs-eyohn kernel: PM: hibernation: Registered nosave memory: [mem 0xfec31000-0xfecfffff]
Oct 17 13:07:53 lfs-eyohn kernel: PM: hibernation: Registered nosave memory: [mem 0xfed00000-0xfed00fff]
Oct 17 13:07:53 lfs-eyohn kernel: PM: hibernation: Registered nosave memory: [mem 0xfed01000-0xfed3ffff]
Oct 17 13:07:53 lfs-eyohn kernel: PM: hibernation: Registered nosave memory: [mem 0xfed40000-0xfed44fff]
Oct 17 13:07:53 lfs-eyohn kernel: PM: hibernation: Registered nosave memory: [mem 0xfed45000-0xfed7ffff]
Oct 17 13:07:53 lfs-eyohn kernel: PM: hibernation: Registered nosave memory: [mem 0xfed80000-0xfed8ffff]
Oct 17 13:07:53 lfs-eyohn kernel: PM: hibernation: Registered nosave memory: [mem 0xfed90000-0xfedc1fff]
Oct 17 13:07:53 lfs-eyohn kernel: PM: hibernation: Registered nosave memory: [mem 0xfedc2000-0xfedcffff]
Oct 17 13:07:53 lfs-eyohn kernel: PM: hibernation: Registered nosave memory: [mem 0xfedd0000-0xfedd3fff]
Oct 17 13:07:53 lfs-eyohn kernel: PM: hibernation: Registered nosave memory: [mem 0xfedd4000-0xfedd5fff]
Oct 17 13:07:53 lfs-eyohn kernel: PM: hibernation: Registered nosave memory: [mem 0xfedd6000-0xfeffffff]
Oct 17 13:07:53 lfs-eyohn kernel: PM: hibernation: Registered nosave memory: [mem 0xff000000-0xffffffff]
Oct 17 13:07:53 lfs-eyohn kernel: [mem 0xf8000000-0xfd1fffff] available for PCI devices
Oct 17 13:07:53 lfs-eyohn kernel: Booting paravirtualized kernel on bare hardware
Oct 17 13:07:53 lfs-eyohn kernel: clocksource: refined-jiffies: mask: 0xffffffff max_cycles: 0xffffffff, max_idle_ns: 1910969940391419 ns
Oct 17 13:07:53 lfs-eyohn kernel: setup_percpu: NR_CPUS:64 nr_cpumask_bits:32 nr_cpu_ids:32 nr_node_ids:1
Oct 17 13:07:53 lfs-eyohn kernel: percpu: Embedded 53 pages/cpu s176296 r8192 d32600 u262144
Oct 17 13:07:53 lfs-eyohn kernel: pcpu-alloc: s176296 r8192 d32600 u262144 alloc=1*2097152
Oct 17 13:07:53 lfs-eyohn kernel: pcpu-alloc: [0] 00 01 02 03 04 05 06 07 [0] 08 09 10 11 12 13 14 15 
Oct 17 13:07:53 lfs-eyohn kernel: pcpu-alloc: [0] 16 17 18 19 20 21 22 23 [0] 24 25 26 27 28 29 30 31 
Oct 17 13:07:53 lfs-eyohn kernel: Fallback order for Node 0: 0 
Oct 17 13:07:53 lfs-eyohn kernel: Built 1 zonelists, mobility grouping on.  Total pages: 8101037
Oct 17 13:07:53 lfs-eyohn kernel: Policy zone: Normal
Oct 17 13:07:53 lfs-eyohn kernel: Kernel command line: BOOT_IMAGE=/boot/vmlinuz-6.0.0-15.10.22 root=/dev/sdb ro
Oct 17 13:07:53 lfs-eyohn kernel: Unknown kernel command line parameters "BOOT_IMAGE=/boot/vmlinuz-6.0.0-15.10.22", will be passed to user space.
Oct 17 13:07:53 lfs-eyohn kernel: random: crng init done
Oct 17 13:07:53 lfs-eyohn kernel: Dentry cache hash table entries: 4194304 (order: 13, 33554432 bytes, linear)
Oct 17 13:07:53 lfs-eyohn kernel: Inode-cache hash table entries: 2097152 (order: 12, 16777216 bytes, linear)
Oct 17 13:07:53 lfs-eyohn kernel: mem auto-init: stack:all(zero), heap alloc:off, heap free:off
Oct 17 13:07:53 lfs-eyohn kernel: software IO TLB: area num 32.
Oct 17 13:07:53 lfs-eyohn kernel: Memory: 32167828K/32919152K available (16396K kernel code, 2683K rwdata, 4824K rodata, 1528K init, 904K bss, 751064K reserved, 0K cma-reserved)
Oct 17 13:07:53 lfs-eyohn kernel: SLUB: HWalign=64, Order=0-3, MinObjects=0, CPUs=32, Nodes=1
Oct 17 13:07:53 lfs-eyohn kernel: Dynamic Preempt: voluntary
Oct 17 13:07:53 lfs-eyohn kernel: rcu: Preemptible hierarchical RCU implementation.
Oct 17 13:07:53 lfs-eyohn kernel: rcu:         RCU event tracing is enabled.
Oct 17 13:07:53 lfs-eyohn kernel: rcu:         RCU restricting CPUs from NR_CPUS=64 to nr_cpu_ids=32.
Oct 17 13:07:53 lfs-eyohn kernel:         Trampoline variant of Tasks RCU enabled.
Oct 17 13:07:53 lfs-eyohn kernel: rcu: RCU calculated value of scheduler-enlistment delay is 100 jiffies.
Oct 17 13:07:53 lfs-eyohn kernel: rcu: Adjusting geometry for rcu_fanout_leaf=16, nr_cpu_ids=32
Oct 17 13:07:53 lfs-eyohn kernel: NR_IRQS: 4352, nr_irqs: 1224, preallocated irqs: 16
Oct 17 13:07:53 lfs-eyohn kernel: rcu: srcu_init: Setting srcu_struct sizes based on contention.
Oct 17 13:07:53 lfs-eyohn kernel: Console: colour dummy device 80x25
Oct 17 13:07:53 lfs-eyohn kernel: printk: console [tty0] enabled
Oct 17 13:07:53 lfs-eyohn kernel: ACPI: Core revision 20220331
Oct 17 13:07:53 lfs-eyohn kernel: clocksource: hpet: mask: 0xffffffff max_cycles: 0xffffffff, max_idle_ns: 133484873504 ns
Oct 17 13:07:53 lfs-eyohn kernel: APIC: Switch to symmetric I/O mode setup
Oct 17 13:07:53 lfs-eyohn kernel: Switched APIC routing to physical flat.
Oct 17 13:07:53 lfs-eyohn kernel: ..TIMER: vector=0x30 apic1=0 pin1=2 apic2=-1 pin2=-1
Oct 17 13:07:53 lfs-eyohn kernel: clocksource: tsc-early: mask: 0xffffffffffffffff max_cycles: 0x6a787dfa6c9, max_idle_ns: 881590522118 ns
Oct 17 13:07:53 lfs-eyohn kernel: Calibrating delay loop (skipped), value calculated using timer frequency.. 7386.40 BogoMIPS (lpj=3693202)
Oct 17 13:07:53 lfs-eyohn kernel: pid_max: default: 32768 minimum: 301
Oct 17 13:07:53 lfs-eyohn kernel: LSM: Security Framework initializing
Oct 17 13:07:53 lfs-eyohn kernel: SELinux:  Initializing.
Oct 17 13:07:53 lfs-eyohn kernel: Mount-cache hash table entries: 65536 (order: 7, 524288 bytes, linear)
Oct 17 13:07:53 lfs-eyohn kernel: Mountpoint-cache hash table entries: 65536 (order: 7, 524288 bytes, linear)
Oct 17 13:07:53 lfs-eyohn kernel: x86/cpu: User Mode Instruction Prevention (UMIP) activated
Oct 17 13:07:53 lfs-eyohn kernel: LVT offset 1 assigned for vector 0xf9
Oct 17 13:07:53 lfs-eyohn kernel: LVT offset 2 assigned for vector 0xf4
Oct 17 13:07:53 lfs-eyohn kernel: process: using mwait in idle threads
Oct 17 13:07:53 lfs-eyohn kernel: Last level iTLB entries: 4KB 1024, 2MB 1024, 4MB 512
Oct 17 13:07:53 lfs-eyohn kernel: Last level dTLB entries: 4KB 2048, 2MB 2048, 4MB 1024, 1GB 0
Oct 17 13:07:53 lfs-eyohn kernel: Spectre V1 : Mitigation: usercopy/swapgs barriers and __user pointer sanitization
Oct 17 13:07:53 lfs-eyohn kernel: Spectre V2 : Mitigation: Retpolines
Oct 17 13:07:53 lfs-eyohn kernel: Spectre V2 : Spectre v2 / SpectreRSB mitigation: Filling RSB on context switch
Oct 17 13:07:53 lfs-eyohn kernel: Spectre V2 : Spectre v2 / SpectreRSB : Filling RSB on VMEXIT
Oct 17 13:07:53 lfs-eyohn kernel: Spectre V2 : Enabling Speculation Barrier for firmware calls
Oct 17 13:07:53 lfs-eyohn kernel: RETBleed: Mitigation: untrained return thunk
Oct 17 13:07:53 lfs-eyohn kernel: Spectre V2 : mitigation: Enabling conditional Indirect Branch Prediction Barrier
Oct 17 13:07:53 lfs-eyohn kernel: Spectre V2 : Selecting STIBP always-on mode to complement retbleed mitigation
Oct 17 13:07:53 lfs-eyohn kernel: Spectre V2 : User space: Mitigation: STIBP always-on protection
Oct 17 13:07:53 lfs-eyohn kernel: Speculative Store Bypass: Mitigation: Speculative Store Bypass disabled via prctl
Oct 17 13:07:53 lfs-eyohn kernel: Freeing SMP alternatives memory: 44K
Oct 17 13:07:53 lfs-eyohn kernel: smpboot: CPU0: AMD Ryzen 5 PRO 4650G with Radeon Graphics (family: 0x17, model: 0x60, stepping: 0x1)
Oct 17 13:07:53 lfs-eyohn kernel: cblist_init_generic: Setting adjustable number of callback queues.
Oct 17 13:07:53 lfs-eyohn kernel: cblist_init_generic: Setting shift to 5 and lim to 1.
Oct 17 13:07:53 lfs-eyohn kernel: Performance Events: Fam17h+ core perfctr, AMD PMU driver.
Oct 17 13:07:53 lfs-eyohn kernel: ... version:                0
Oct 17 13:07:53 lfs-eyohn kernel: ... bit width:              48
Oct 17 13:07:53 lfs-eyohn kernel: ... generic registers:      6
Oct 17 13:07:53 lfs-eyohn kernel: ... value mask:             0000ffffffffffff
Oct 17 13:07:53 lfs-eyohn kernel: ... max period:             00007fffffffffff
Oct 17 13:07:53 lfs-eyohn kernel: ... fixed-purpose events:   0
Oct 17 13:07:53 lfs-eyohn kernel: ... event mask:             000000000000003f
Oct 17 13:07:53 lfs-eyohn kernel: rcu: Hierarchical SRCU implementation.
Oct 17 13:07:53 lfs-eyohn kernel: rcu:         Max phase no-delay instances is 400.
Oct 17 13:07:53 lfs-eyohn kernel: smp: Bringing up secondary CPUs ...
Oct 17 13:07:53 lfs-eyohn kernel: x86: Booting SMP configuration:
Oct 17 13:07:53 lfs-eyohn kernel: .... node  #0, CPUs:        #1
Oct 17 13:07:53 lfs-eyohn kernel: __common_interrupt: 1.55 No irq handler for vector
Oct 17 13:07:53 lfs-eyohn kernel:   #2  #3  #4  #5  #6
Oct 17 13:07:53 lfs-eyohn kernel: Spectre V2 : Update user space SMT mitigation: STIBP always-on
Oct 17 13:07:53 lfs-eyohn kernel:   #7  #8  #9 #10 #11
Oct 17 13:07:53 lfs-eyohn kernel: smp: Brought up 1 node, 12 CPUs
Oct 17 13:07:53 lfs-eyohn kernel: smpboot: Max logical packages: 3
Oct 17 13:07:53 lfs-eyohn kernel: smpboot: Total of 12 processors activated (88636.84 BogoMIPS)
Oct 17 13:07:53 lfs-eyohn kernel: devtmpfs: initialized
Oct 17 13:07:53 lfs-eyohn kernel: x86/mm: Memory block size: 128MB
Oct 17 13:07:53 lfs-eyohn kernel: ACPI: PM: Registering ACPI NVS region [mem 0x0a200000-0x0a20cfff] (53248 bytes)
Oct 17 13:07:53 lfs-eyohn kernel: ACPI: PM: Registering ACPI NVS region [mem 0xead24000-0xec3dafff] (23818240 bytes)
Oct 17 13:07:53 lfs-eyohn kernel: clocksource: jiffies: mask: 0xffffffff max_cycles: 0xffffffff, max_idle_ns: 1911260446275000 ns
Oct 17 13:07:53 lfs-eyohn kernel: futex hash table entries: 8192 (order: 7, 524288 bytes, linear)
Oct 17 13:07:53 lfs-eyohn kernel: pinctrl core: initialized pinctrl subsystem
Oct 17 13:07:53 lfs-eyohn kernel: PM: RTC time: 10:07:52, date: 2022-10-17
Oct 17 13:07:53 lfs-eyohn kernel: NET: Registered PF_NETLINK/PF_ROUTE protocol family
Oct 17 13:07:53 lfs-eyohn kernel: audit: initializing netlink subsys (disabled)
Oct 17 13:07:53 lfs-eyohn kernel: audit: type=2000 audit(1666001271.132:1): state=initialized audit_enabled=0 res=1
Oct 17 13:07:53 lfs-eyohn kernel: thermal_sys: Registered thermal governor 'step_wise'
Oct 17 13:07:53 lfs-eyohn kernel: thermal_sys: Registered thermal governor 'user_space'
Oct 17 13:07:53 lfs-eyohn kernel: cpuidle: using governor menu
Oct 17 13:07:53 lfs-eyohn kernel: PCI: MMCONFIG for domain 0000 [bus 00-7f] at [mem 0xf0000000-0xf7ffffff] (base 0xf0000000)
Oct 17 13:07:53 lfs-eyohn kernel: PCI: MMCONFIG at [mem 0xf0000000-0xf7ffffff] reserved in E820
Oct 17 13:07:53 lfs-eyohn kernel: PCI: Using configuration type 1 for base access
Oct 17 13:07:53 lfs-eyohn kernel: kprobes: kprobe jump-optimization is enabled. All kprobes are optimized if possible.
Oct 17 13:07:53 lfs-eyohn kernel: HugeTLB: registered 1.00 GiB page size, pre-allocated 0 pages
Oct 17 13:07:53 lfs-eyohn kernel: HugeTLB: 16380 KiB vmemmap can be freed for a 1.00 GiB page
Oct 17 13:07:53 lfs-eyohn kernel: HugeTLB: registered 2.00 MiB page size, pre-allocated 0 pages
Oct 17 13:07:53 lfs-eyohn kernel: HugeTLB: 28 KiB vmemmap can be freed for a 2.00 MiB page
Oct 17 13:07:53 lfs-eyohn kernel: ACPI: Added _OSI(Module Device)
Oct 17 13:07:53 lfs-eyohn kernel: ACPI: Added _OSI(Processor Device)
Oct 17 13:07:53 lfs-eyohn kernel: ACPI: Added _OSI(3.0 _SCP Extensions)
Oct 17 13:07:53 lfs-eyohn kernel: ACPI: Added _OSI(Processor Aggregator Device)
Oct 17 13:07:53 lfs-eyohn kernel: ACPI: 12 ACPI AML tables successfully acquired and loaded
Oct 17 13:07:53 lfs-eyohn kernel: ACPI: [Firmware Bug]: BIOS _OSI(Linux) query ignored
Oct 17 13:07:53 lfs-eyohn kernel: ACPI: Interpreter enabled
Oct 17 13:07:53 lfs-eyohn kernel: ACPI: PM: (supports S0 S3 S4 S5)
Oct 17 13:07:53 lfs-eyohn kernel: ACPI: Using IOAPIC for interrupt routing
Oct 17 13:07:53 lfs-eyohn kernel: PCI: Using host bridge windows from ACPI; if necessary, use "pci=nocrs" and report a bug
Oct 17 13:07:53 lfs-eyohn kernel: PCI: Using E820 reservations for host bridge windows
Oct 17 13:07:53 lfs-eyohn kernel: ACPI: Enabled 7 GPEs in block 00 to 1F
Oct 17 13:07:53 lfs-eyohn kernel: ACPI: PM: Power Resource [P0NV]
Oct 17 13:07:53 lfs-eyohn kernel: ACPI: PCI Root Bridge [PCI0] (domain 0000 [bus 00-ff])
Oct 17 13:07:53 lfs-eyohn kernel: acpi PNP0A08:00: _OSC: OS supports [ExtendedConfig ASPM ClockPM Segments MSI HPX-Type3]
Oct 17 13:07:53 lfs-eyohn kernel: acpi PNP0A08:00: _OSC: platform does not support [LTR]
Oct 17 13:07:53 lfs-eyohn kernel: acpi PNP0A08:00: _OSC: OS now controls [PME PCIeCapability]
Oct 17 13:07:53 lfs-eyohn kernel: acpi PNP0A08:00: [Firmware Info]: MMCONFIG for domain 0000 [bus 00-7f] only partially covers this bridge
Oct 17 13:07:53 lfs-eyohn kernel: PCI host bridge to bus 0000:00
Oct 17 13:07:53 lfs-eyohn kernel: pci_bus 0000:00: root bus resource [io  0x0000-0x03af window]
Oct 17 13:07:53 lfs-eyohn kernel: pci_bus 0000:00: root bus resource [io  0x03e0-0x0cf7 window]
Oct 17 13:07:53 lfs-eyohn kernel: pci_bus 0000:00: root bus resource [io  0x03b0-0x03df window]
Oct 17 13:07:53 lfs-eyohn kernel: pci_bus 0000:00: root bus resource [io  0x0d00-0xffff window]
Oct 17 13:07:53 lfs-eyohn kernel: pci_bus 0000:00: root bus resource [mem 0x000a0000-0x000dffff window]
Oct 17 13:07:53 lfs-eyohn kernel: pci_bus 0000:00: root bus resource [mem 0xf0000000-0xfcffffff window]
Oct 17 13:07:53 lfs-eyohn kernel: pci_bus 0000:00: root bus resource [mem 0x810000000-0x7fffffffff window]
Oct 17 13:07:53 lfs-eyohn kernel: pci_bus 0000:00: root bus resource [bus 00-ff]
Oct 17 13:07:53 lfs-eyohn kernel: pci 0000:00:00.0: [1022:1630] type 00 class 0x060000
Oct 17 13:07:53 lfs-eyohn kernel: pci 0000:00:01.0: [1022:1632] type 00 class 0x060000
Oct 17 13:07:53 lfs-eyohn kernel: pci 0000:00:02.0: [1022:1632] type 00 class 0x060000
Oct 17 13:07:53 lfs-eyohn kernel: pci 0000:00:02.1: [1022:1634] type 01 class 0x060400
Oct 17 13:07:53 lfs-eyohn kernel: pci 0000:00:02.1: enabling Extended Tags
Oct 17 13:07:53 lfs-eyohn kernel: pci 0000:00:02.1: PME# supported from D0 D3hot D3cold
Oct 17 13:07:53 lfs-eyohn kernel: pci 0000:00:02.2: [1022:1634] type 01 class 0x060400
Oct 17 13:07:53 lfs-eyohn kernel: pci 0000:00:02.2: enabling Extended Tags
Oct 17 13:07:53 lfs-eyohn kernel: pci 0000:00:02.2: PME# supported from D0 D3hot D3cold
Oct 17 13:07:53 lfs-eyohn kernel: pci 0000:00:08.0: [1022:1632] type 00 class 0x060000
Oct 17 13:07:53 lfs-eyohn kernel: pci 0000:00:08.1: [1022:1635] type 01 class 0x060400
Oct 17 13:07:53 lfs-eyohn kernel: pci 0000:00:08.1: enabling Extended Tags
Oct 17 13:07:53 lfs-eyohn kernel: pci 0000:00:08.1: PME# supported from D0 D3hot D3cold
Oct 17 13:07:53 lfs-eyohn kernel: pci 0000:00:14.0: [1022:790b] type 00 class 0x0c0500
Oct 17 13:07:53 lfs-eyohn kernel: pci 0000:00:14.3: [1022:790e] type 00 class 0x060100
Oct 17 13:07:53 lfs-eyohn kernel: pci 0000:00:18.0: [1022:1448] type 00 class 0x060000
Oct 17 13:07:53 lfs-eyohn kernel: pci 0000:00:18.1: [1022:1449] type 00 class 0x060000
Oct 17 13:07:53 lfs-eyohn kernel: pci 0000:00:18.2: [1022:144a] type 00 class 0x060000
Oct 17 13:07:53 lfs-eyohn kernel: pci 0000:00:18.3: [1022:144b] type 00 class 0x060000
Oct 17 13:07:53 lfs-eyohn kernel: pci 0000:00:18.4: [1022:144c] type 00 class 0x060000
Oct 17 13:07:53 lfs-eyohn kernel: pci 0000:00:18.5: [1022:144d] type 00 class 0x060000
Oct 17 13:07:53 lfs-eyohn kernel: pci 0000:00:18.6: [1022:144e] type 00 class 0x060000
Oct 17 13:07:53 lfs-eyohn kernel: pci 0000:00:18.7: [1022:144f] type 00 class 0x060000
Oct 17 13:07:53 lfs-eyohn kernel: pci 0000:01:00.0: [1022:43ec] type 00 class 0x0c0330
Oct 17 13:07:53 lfs-eyohn kernel: pci 0000:01:00.0: reg 0x10: [mem 0xfcea0000-0xfcea7fff 64bit]
Oct 17 13:07:53 lfs-eyohn kernel: pci 0000:01:00.0: enabling Extended Tags
Oct 17 13:07:53 lfs-eyohn kernel: pci 0000:01:00.0: PME# supported from D3hot D3cold
Oct 17 13:07:53 lfs-eyohn kernel: pci 0000:01:00.1: [1022:43eb] type 00 class 0x010601
Oct 17 13:07:53 lfs-eyohn kernel: pci 0000:01:00.1: reg 0x24: [mem 0xfce80000-0xfce9ffff]
Oct 17 13:07:53 lfs-eyohn kernel: pci 0000:01:00.1: reg 0x30: [mem 0xfce00000-0xfce7ffff pref]
Oct 17 13:07:53 lfs-eyohn kernel: pci 0000:01:00.1: enabling Extended Tags
Oct 17 13:07:53 lfs-eyohn kernel: pci 0000:01:00.1: PME# supported from D3hot D3cold
Oct 17 13:07:53 lfs-eyohn kernel: pci 0000:01:00.2: [1022:43e9] type 01 class 0x060400
Oct 17 13:07:53 lfs-eyohn kernel: pci 0000:01:00.2: enabling Extended Tags
Oct 17 13:07:53 lfs-eyohn kernel: pci 0000:01:00.2: PME# supported from D3hot D3cold
Oct 17 13:07:53 lfs-eyohn kernel: pci 0000:00:02.1: PCI bridge to [bus 01-05]
Oct 17 13:07:53 lfs-eyohn kernel: pci 0000:00:02.1:   bridge window [io  0xf000-0xffff]
Oct 17 13:07:53 lfs-eyohn kernel: pci 0000:00:02.1:   bridge window [mem 0xfcc00000-0xfcefffff]
Oct 17 13:07:53 lfs-eyohn kernel: pci 0000:02:00.0: [1022:43ea] type 01 class 0x060400
Oct 17 13:07:53 lfs-eyohn kernel: pci 0000:02:00.0: enabling Extended Tags
Oct 17 13:07:53 lfs-eyohn kernel: pci 0000:02:00.0: PME# supported from D3hot D3cold
Oct 17 13:07:53 lfs-eyohn kernel: pci 0000:02:02.0: [1022:43ea] type 01 class 0x060400
Oct 17 13:07:53 lfs-eyohn kernel: pci 0000:02:02.0: enabling Extended Tags
Oct 17 13:07:53 lfs-eyohn kernel: pci 0000:02:02.0: PME# supported from D3hot D3cold
Oct 17 13:07:53 lfs-eyohn kernel: pci 0000:02:03.0: [1022:43ea] type 01 class 0x060400
Oct 17 13:07:53 lfs-eyohn kernel: pci 0000:02:03.0: enabling Extended Tags
Oct 17 13:07:53 lfs-eyohn kernel: pci 0000:02:03.0: PME# supported from D3hot D3cold
Oct 17 13:07:53 lfs-eyohn kernel: pci 0000:01:00.2: PCI bridge to [bus 02-05]
Oct 17 13:07:53 lfs-eyohn kernel: pci 0000:01:00.2:   bridge window [io  0xf000-0xffff]
Oct 17 13:07:53 lfs-eyohn kernel: pci 0000:01:00.2:   bridge window [mem 0xfcc00000-0xfcdfffff]
Oct 17 13:07:53 lfs-eyohn kernel: pci 0000:02:00.0: PCI bridge to [bus 03]
Oct 17 13:07:53 lfs-eyohn kernel: pci 0000:04:00.0: [10ec:8168] type 00 class 0x020000
Oct 17 13:07:53 lfs-eyohn kernel: pci 0000:04:00.0: reg 0x10: [io  0xf000-0xf0ff]
Oct 17 13:07:53 lfs-eyohn kernel: pci 0000:04:00.0: reg 0x18: [mem 0xfcd04000-0xfcd04fff 64bit]
Oct 17 13:07:53 lfs-eyohn kernel: pci 0000:04:00.0: reg 0x20: [mem 0xfcd00000-0xfcd03fff 64bit]
Oct 17 13:07:53 lfs-eyohn kernel: pci 0000:04:00.0: supports D1 D2
Oct 17 13:07:53 lfs-eyohn kernel: pci 0000:04:00.0: PME# supported from D0 D1 D2 D3hot D3cold
Oct 17 13:07:53 lfs-eyohn kernel: pci 0000:02:02.0: PCI bridge to [bus 04]
Oct 17 13:07:53 lfs-eyohn kernel: pci 0000:02:02.0:   bridge window [io  0xf000-0xffff]
Oct 17 13:07:53 lfs-eyohn kernel: pci 0000:02:02.0:   bridge window [mem 0xfcd00000-0xfcdfffff]
Oct 17 13:07:53 lfs-eyohn kernel: pci 0000:05:00.0: [8086:24fd] type 00 class 0x028000
Oct 17 13:07:53 lfs-eyohn kernel: pci 0000:05:00.0: reg 0x10: [mem 0xfcc00000-0xfcc01fff 64bit]
Oct 17 13:07:53 lfs-eyohn kernel: pci 0000:05:00.0: PME# supported from D0 D3hot D3cold
Oct 17 13:07:53 lfs-eyohn kernel: pci 0000:02:03.0: PCI bridge to [bus 05]
Oct 17 13:07:53 lfs-eyohn kernel: pci 0000:02:03.0:   bridge window [mem 0xfcc00000-0xfccfffff]
Oct 17 13:07:53 lfs-eyohn kernel: pci 0000:06:00.0: [1cc1:8201] type 00 class 0x010802
Oct 17 13:07:53 lfs-eyohn kernel: pci 0000:06:00.0: reg 0x10: [mem 0xfcf00000-0xfcf03fff 64bit]
Oct 17 13:07:53 lfs-eyohn kernel: pci 0000:00:02.2: PCI bridge to [bus 06]
Oct 17 13:07:53 lfs-eyohn kernel: pci 0000:00:02.2:   bridge window [mem 0xfcf00000-0xfcffffff]
Oct 17 13:07:53 lfs-eyohn kernel: pci 0000:07:00.0: [1002:1636] type 00 class 0x030000
Oct 17 13:07:53 lfs-eyohn kernel: pci 0000:07:00.0: reg 0x10: [mem 0x7fe0000000-0x7fefffffff 64bit pref]
Oct 17 13:07:53 lfs-eyohn kernel: pci 0000:07:00.0: reg 0x18: [mem 0x7ff0000000-0x7ff01fffff 64bit pref]
Oct 17 13:07:53 lfs-eyohn kernel: pci 0000:07:00.0: reg 0x20: [io  0xe000-0xe0ff]
Oct 17 13:07:53 lfs-eyohn kernel: pci 0000:07:00.0: reg 0x24: [mem 0xfcb00000-0xfcb7ffff]
Oct 17 13:07:53 lfs-eyohn kernel: pci 0000:07:00.0: enabling Extended Tags
Oct 17 13:07:53 lfs-eyohn kernel: pci 0000:07:00.0: PME# supported from D1 D2 D3hot D3cold
Oct 17 13:07:53 lfs-eyohn kernel: pci 0000:07:00.0: 126.016 Gb/s available PCIe bandwidth, limited by 8.0 GT/s PCIe x16 link at 0000:00:08.1 (capable of 252.048 Gb/s with 16.0 GT/s PCIe x16 link)
Oct 17 13:07:53 lfs-eyohn kernel: pci 0000:07:00.1: [1002:1637] type 00 class 0x040300
Oct 17 13:07:53 lfs-eyohn kernel: pci 0000:07:00.1: reg 0x10: [mem 0xfcb88000-0xfcb8bfff]
Oct 17 13:07:53 lfs-eyohn kernel: pci 0000:07:00.1: enabling Extended Tags
Oct 17 13:07:53 lfs-eyohn kernel: pci 0000:07:00.1: PME# supported from D1 D2 D3hot D3cold
Oct 17 13:07:53 lfs-eyohn kernel: pci 0000:07:00.2: [1022:15df] type 00 class 0x108000
Oct 17 13:07:53 lfs-eyohn kernel: pci 0000:07:00.2: reg 0x18: [mem 0xfca00000-0xfcafffff]
Oct 17 13:07:53 lfs-eyohn kernel: pci 0000:07:00.2: reg 0x24: [mem 0xfcb8c000-0xfcb8dfff]
Oct 17 13:07:53 lfs-eyohn kernel: pci 0000:07:00.2: enabling Extended Tags
Oct 17 13:07:53 lfs-eyohn kernel: pci 0000:07:00.3: [1022:1639] type 00 class 0x0c0330
Oct 17 13:07:53 lfs-eyohn kernel: pci 0000:07:00.3: reg 0x10: [mem 0xfc900000-0xfc9fffff 64bit]
Oct 17 13:07:53 lfs-eyohn kernel: pci 0000:07:00.3: enabling Extended Tags
Oct 17 13:07:53 lfs-eyohn kernel: pci 0000:07:00.3: PME# supported from D0 D3hot D3cold
Oct 17 13:07:53 lfs-eyohn kernel: pci 0000:07:00.4: [1022:1639] type 00 class 0x0c0330
Oct 17 13:07:53 lfs-eyohn kernel: pci 0000:07:00.4: reg 0x10: [mem 0xfc800000-0xfc8fffff 64bit]
Oct 17 13:07:53 lfs-eyohn kernel: pci 0000:07:00.4: enabling Extended Tags
Oct 17 13:07:53 lfs-eyohn kernel: pci 0000:07:00.4: PME# supported from D0 D3hot D3cold
Oct 17 13:07:53 lfs-eyohn kernel: pci 0000:07:00.6: [1022:15e3] type 00 class 0x040300
Oct 17 13:07:53 lfs-eyohn kernel: pci 0000:07:00.6: reg 0x10: [mem 0xfcb80000-0xfcb87fff]
Oct 17 13:07:53 lfs-eyohn kernel: pci 0000:07:00.6: enabling Extended Tags
Oct 17 13:07:53 lfs-eyohn kernel: pci 0000:07:00.6: PME# supported from D0 D3hot D3cold
Oct 17 13:07:53 lfs-eyohn kernel: pci 0000:00:08.1: PCI bridge to [bus 07]
Oct 17 13:07:53 lfs-eyohn kernel: pci 0000:00:08.1:   bridge window [io  0xe000-0xefff]
Oct 17 13:07:53 lfs-eyohn kernel: pci 0000:00:08.1:   bridge window [mem 0xfc800000-0xfcbfffff]
Oct 17 13:07:53 lfs-eyohn kernel: pci 0000:00:08.1:   bridge window [mem 0x7fe0000000-0x7ff01fffff 64bit pref]
Oct 17 13:07:53 lfs-eyohn kernel: ACPI: PCI: Interrupt link LNKA configured for IRQ 0
Oct 17 13:07:53 lfs-eyohn kernel: ACPI: PCI: Interrupt link LNKB configured for IRQ 0
Oct 17 13:07:53 lfs-eyohn kernel: ACPI: PCI: Interrupt link LNKC configured for IRQ 0
Oct 17 13:07:53 lfs-eyohn kernel: ACPI: PCI: Interrupt link LNKD configured for IRQ 0
Oct 17 13:07:53 lfs-eyohn kernel: ACPI: PCI: Interrupt link LNKE configured for IRQ 0
Oct 17 13:07:53 lfs-eyohn kernel: ACPI: PCI: Interrupt link LNKF configured for IRQ 0
Oct 17 13:07:53 lfs-eyohn kernel: ACPI: PCI: Interrupt link LNKG configured for IRQ 0
Oct 17 13:07:53 lfs-eyohn kernel: ACPI: PCI: Interrupt link LNKH configured for IRQ 0
Oct 17 13:07:53 lfs-eyohn kernel: iommu: Default domain type: Translated 
Oct 17 13:07:53 lfs-eyohn kernel: iommu: DMA domain TLB invalidation policy: lazy mode 
Oct 17 13:07:53 lfs-eyohn kernel: SCSI subsystem initialized
Oct 17 13:07:53 lfs-eyohn kernel: libata version 3.00 loaded.
Oct 17 13:07:53 lfs-eyohn kernel: ACPI: bus type USB registered
Oct 17 13:07:53 lfs-eyohn kernel: usbcore: registered new interface driver usbfs
Oct 17 13:07:53 lfs-eyohn kernel: usbcore: registered new interface driver hub
Oct 17 13:07:53 lfs-eyohn kernel: usbcore: registered new device driver usb
Oct 17 13:07:53 lfs-eyohn kernel: pps_core: LinuxPPS API ver. 1 registered
Oct 17 13:07:53 lfs-eyohn kernel: pps_core: Software ver. 5.3.6 - Copyright 2005-2007 Rodolfo Giometti <giometti@linux.it>
Oct 17 13:07:53 lfs-eyohn kernel: PTP clock support registered
Oct 17 13:07:53 lfs-eyohn kernel: Registered efivars operations
Oct 17 13:07:53 lfs-eyohn kernel: NetLabel: Initializing
Oct 17 13:07:53 lfs-eyohn kernel: NetLabel:  domain hash size = 128
Oct 17 13:07:53 lfs-eyohn kernel: NetLabel:  protocols = UNLABELED CIPSOv4 CALIPSO
Oct 17 13:07:53 lfs-eyohn kernel: NetLabel:  unlabeled traffic allowed by default
Oct 17 13:07:53 lfs-eyohn kernel: PCI: Using ACPI for IRQ routing
Oct 17 13:07:53 lfs-eyohn kernel: PCI: pci_cache_line_size set to 64 bytes
Oct 17 13:07:53 lfs-eyohn kernel: Expanded resource Reserved due to conflict with PCI Bus 0000:00
Oct 17 13:07:53 lfs-eyohn kernel: e820: reserve RAM buffer [mem 0x09bff000-0x0bffffff]
Oct 17 13:07:53 lfs-eyohn kernel: e820: reserve RAM buffer [mem 0x0a200000-0x0bffffff]
Oct 17 13:07:53 lfs-eyohn kernel: e820: reserve RAM buffer [mem 0x0b000000-0x0bffffff]
Oct 17 13:07:53 lfs-eyohn kernel: e820: reserve RAM buffer [mem 0xcac7f000-0xcbffffff]
Oct 17 13:07:53 lfs-eyohn kernel: e820: reserve RAM buffer [mem 0xcacd9000-0xcbffffff]
Oct 17 13:07:53 lfs-eyohn kernel: e820: reserve RAM buffer [mem 0xe5f81000-0xe7ffffff]
Oct 17 13:07:53 lfs-eyohn kernel: e820: reserve RAM buffer [mem 0xe83ec000-0xebffffff]
Oct 17 13:07:53 lfs-eyohn kernel: e820: reserve RAM buffer [mem 0xe96ec000-0xebffffff]
Oct 17 13:07:53 lfs-eyohn kernel: e820: reserve RAM buffer [mem 0xee000000-0xefffffff]
Oct 17 13:07:53 lfs-eyohn kernel: e820: reserve RAM buffer [mem 0x7ef340000-0x7efffffff]
Oct 17 13:07:53 lfs-eyohn kernel: pci 0000:07:00.0: vgaarb: setting as boot VGA device
Oct 17 13:07:53 lfs-eyohn kernel: pci 0000:07:00.0: vgaarb: bridge control possible
Oct 17 13:07:53 lfs-eyohn kernel: pci 0000:07:00.0: vgaarb: VGA device added: decodes=io+mem,owns=none,locks=none
Oct 17 13:07:53 lfs-eyohn kernel: vgaarb: loaded
Oct 17 13:07:53 lfs-eyohn kernel: hpet0: at MMIO 0xfed00000, IRQs 2, 8, 0
Oct 17 13:07:53 lfs-eyohn kernel: hpet0: 3 comparators, 32-bit 14.318180 MHz counter
Oct 17 13:07:53 lfs-eyohn kernel: clocksource: Switched to clocksource tsc-early
Oct 17 13:07:53 lfs-eyohn kernel: VFS: Disk quotas dquot_6.6.0
Oct 17 13:07:53 lfs-eyohn kernel: VFS: Dquot-cache hash table entries: 512 (order 0, 4096 bytes)
Oct 17 13:07:53 lfs-eyohn kernel: pnp: PnP ACPI init
Oct 17 13:07:53 lfs-eyohn kernel: system 00:00: [mem 0xf0000000-0xf7ffffff] has been reserved
Oct 17 13:07:53 lfs-eyohn kernel: system 00:01: [mem 0xfeb80000-0xfebfffff] has been reserved
Oct 17 13:07:53 lfs-eyohn kernel: system 00:02: [mem 0x7f0000000-0x80fffffff window] has been reserved
Oct 17 13:07:53 lfs-eyohn kernel: system 00:04: [io  0x0280-0x028f] has been reserved
Oct 17 13:07:53 lfs-eyohn kernel: system 00:04: [io  0x0290-0x029f] has been reserved
Oct 17 13:07:53 lfs-eyohn kernel: system 00:04: [io  0x02a0-0x02af] has been reserved
Oct 17 13:07:53 lfs-eyohn kernel: system 00:04: [io  0x02b0-0x02bf] has been reserved
Oct 17 13:07:53 lfs-eyohn kernel: pnp 00:05: [dma 0 disabled]
Oct 17 13:07:53 lfs-eyohn kernel: system 00:06: [io  0x04d0-0x04d1] has been reserved
Oct 17 13:07:53 lfs-eyohn kernel: system 00:06: [io  0x040b] has been reserved
Oct 17 13:07:53 lfs-eyohn kernel: system 00:06: [io  0x04d6] has been reserved
Oct 17 13:07:53 lfs-eyohn kernel: system 00:06: [io  0x0c00-0x0c01] has been reserved
Oct 17 13:07:53 lfs-eyohn kernel: system 00:06: [io  0x0c14] has been reserved
Oct 17 13:07:53 lfs-eyohn kernel: system 00:06: [io  0x0c50-0x0c51] has been reserved
Oct 17 13:07:53 lfs-eyohn kernel: system 00:06: [io  0x0c52] has been reserved
Oct 17 13:07:53 lfs-eyohn kernel: system 00:06: [io  0x0c6c] has been reserved
Oct 17 13:07:53 lfs-eyohn kernel: system 00:06: [io  0x0c6f] has been reserved
Oct 17 13:07:53 lfs-eyohn kernel: system 00:06: [io  0x0cd0-0x0cd1] has been reserved
Oct 17 13:07:53 lfs-eyohn kernel: system 00:06: [io  0x0cd2-0x0cd3] has been reserved
Oct 17 13:07:53 lfs-eyohn kernel: system 00:06: [io  0x0cd4-0x0cd5] has been reserved
Oct 17 13:07:53 lfs-eyohn kernel: system 00:06: [io  0x0cd6-0x0cd7] has been reserved
Oct 17 13:07:53 lfs-eyohn kernel: system 00:06: [io  0x0cd8-0x0cdf] has been reserved
Oct 17 13:07:53 lfs-eyohn kernel: system 00:06: [io  0x0800-0x089f] has been reserved
Oct 17 13:07:53 lfs-eyohn kernel: system 00:06: [io  0x0b00-0x0b0f] has been reserved
Oct 17 13:07:53 lfs-eyohn kernel: system 00:06: [io  0x0b20-0x0b3f] has been reserved
Oct 17 13:07:53 lfs-eyohn kernel: system 00:06: [io  0x0900-0x090f] has been reserved
Oct 17 13:07:53 lfs-eyohn kernel: system 00:06: [io  0x0910-0x091f] has been reserved
Oct 17 13:07:53 lfs-eyohn kernel: system 00:06: [mem 0xfec00000-0xfec00fff] could not be reserved
Oct 17 13:07:53 lfs-eyohn kernel: system 00:06: [mem 0xfec01000-0xfec01fff] could not be reserved
Oct 17 13:07:53 lfs-eyohn kernel: system 00:06: [mem 0xfedc0000-0xfedc0fff] has been reserved
Oct 17 13:07:53 lfs-eyohn kernel: system 00:06: [mem 0xfee00000-0xfee00fff] has been reserved
Oct 17 13:07:53 lfs-eyohn kernel: system 00:06: [mem 0xfed80000-0xfed8ffff] could not be reserved
Oct 17 13:07:53 lfs-eyohn kernel: system 00:06: [mem 0xfec10000-0xfec10fff] has been reserved
Oct 17 13:07:53 lfs-eyohn kernel: system 00:06: [mem 0xff000000-0xffffffff] has been reserved
Oct 17 13:07:53 lfs-eyohn kernel: pnp: PnP ACPI: found 7 devices
Oct 17 13:07:53 lfs-eyohn kernel: clocksource: acpi_pm: mask: 0xffffff max_cycles: 0xffffff, max_idle_ns: 2085701024 ns
Oct 17 13:07:53 lfs-eyohn kernel: NET: Registered PF_INET protocol family
Oct 17 13:07:53 lfs-eyohn kernel: IP idents hash table entries: 262144 (order: 9, 2097152 bytes, linear)
Oct 17 13:07:53 lfs-eyohn kernel: tcp_listen_portaddr_hash hash table entries: 16384 (order: 6, 262144 bytes, linear)
Oct 17 13:07:53 lfs-eyohn kernel: Table-perturb hash table entries: 65536 (order: 6, 262144 bytes, linear)
Oct 17 13:07:53 lfs-eyohn kernel: TCP established hash table entries: 262144 (order: 9, 2097152 bytes, linear)
Oct 17 13:07:53 lfs-eyohn kernel: TCP bind hash table entries: 65536 (order: 9, 2097152 bytes, linear)
Oct 17 13:07:53 lfs-eyohn kernel: TCP: Hash tables configured (established 262144 bind 65536)
Oct 17 13:07:53 lfs-eyohn kernel: UDP hash table entries: 16384 (order: 7, 524288 bytes, linear)
Oct 17 13:07:53 lfs-eyohn kernel: UDP-Lite hash table entries: 16384 (order: 7, 524288 bytes, linear)
Oct 17 13:07:53 lfs-eyohn kernel: NET: Registered PF_UNIX/PF_LOCAL protocol family
Oct 17 13:07:53 lfs-eyohn kernel: RPC: Registered named UNIX socket transport module.
Oct 17 13:07:53 lfs-eyohn kernel: RPC: Registered udp transport module.
Oct 17 13:07:53 lfs-eyohn kernel: RPC: Registered tcp transport module.
Oct 17 13:07:53 lfs-eyohn kernel: RPC: Registered tcp NFSv4.1 backchannel transport module.
Oct 17 13:07:53 lfs-eyohn kernel: pci 0000:02:00.0: PCI bridge to [bus 03]
Oct 17 13:07:53 lfs-eyohn kernel: pci 0000:02:02.0: PCI bridge to [bus 04]
Oct 17 13:07:53 lfs-eyohn kernel: pci 0000:02:02.0:   bridge window [io  0xf000-0xffff]
Oct 17 13:07:53 lfs-eyohn kernel: pci 0000:02:02.0:   bridge window [mem 0xfcd00000-0xfcdfffff]
Oct 17 13:07:53 lfs-eyohn kernel: pci 0000:02:03.0: PCI bridge to [bus 05]
Oct 17 13:07:53 lfs-eyohn kernel: pci 0000:02:03.0:   bridge window [mem 0xfcc00000-0xfccfffff]
Oct 17 13:07:53 lfs-eyohn kernel: pci 0000:01:00.2: PCI bridge to [bus 02-05]
Oct 17 13:07:53 lfs-eyohn kernel: pci 0000:01:00.2:   bridge window [io  0xf000-0xffff]
Oct 17 13:07:53 lfs-eyohn kernel: pci 0000:01:00.2:   bridge window [mem 0xfcc00000-0xfcdfffff]
Oct 17 13:07:53 lfs-eyohn kernel: pci 0000:00:02.1: PCI bridge to [bus 01-05]
Oct 17 13:07:53 lfs-eyohn kernel: pci 0000:00:02.1:   bridge window [io  0xf000-0xffff]
Oct 17 13:07:53 lfs-eyohn kernel: pci 0000:00:02.1:   bridge window [mem 0xfcc00000-0xfcefffff]
Oct 17 13:07:53 lfs-eyohn kernel: pci 0000:00:02.2: PCI bridge to [bus 06]
Oct 17 13:07:53 lfs-eyohn kernel: pci 0000:00:02.2:   bridge window [mem 0xfcf00000-0xfcffffff]
Oct 17 13:07:53 lfs-eyohn kernel: pci 0000:00:08.1: PCI bridge to [bus 07]
Oct 17 13:07:53 lfs-eyohn kernel: pci 0000:00:08.1:   bridge window [io  0xe000-0xefff]
Oct 17 13:07:53 lfs-eyohn kernel: pci 0000:00:08.1:   bridge window [mem 0xfc800000-0xfcbfffff]
Oct 17 13:07:53 lfs-eyohn kernel: pci 0000:00:08.1:   bridge window [mem 0x7fe0000000-0x7ff01fffff 64bit pref]
Oct 17 13:07:53 lfs-eyohn kernel: pci_bus 0000:00: resource 4 [io  0x0000-0x03af window]
Oct 17 13:07:53 lfs-eyohn kernel: pci_bus 0000:00: resource 5 [io  0x03e0-0x0cf7 window]
Oct 17 13:07:53 lfs-eyohn kernel: pci_bus 0000:00: resource 6 [io  0x03b0-0x03df window]
Oct 17 13:07:53 lfs-eyohn kernel: pci_bus 0000:00: resource 7 [io  0x0d00-0xffff window]
Oct 17 13:07:53 lfs-eyohn kernel: pci_bus 0000:00: resource 8 [mem 0x000a0000-0x000dffff window]
Oct 17 13:07:53 lfs-eyohn kernel: pci_bus 0000:00: resource 9 [mem 0xf0000000-0xfcffffff window]
Oct 17 13:07:53 lfs-eyohn kernel: pci_bus 0000:00: resource 10 [mem 0x810000000-0x7fffffffff window]
Oct 17 13:07:53 lfs-eyohn kernel: pci_bus 0000:01: resource 0 [io  0xf000-0xffff]
Oct 17 13:07:53 lfs-eyohn kernel: pci_bus 0000:01: resource 1 [mem 0xfcc00000-0xfcefffff]
Oct 17 13:07:53 lfs-eyohn kernel: pci_bus 0000:02: resource 0 [io  0xf000-0xffff]
Oct 17 13:07:53 lfs-eyohn kernel: pci_bus 0000:02: resource 1 [mem 0xfcc00000-0xfcdfffff]
Oct 17 13:07:53 lfs-eyohn kernel: pci_bus 0000:04: resource 0 [io  0xf000-0xffff]
Oct 17 13:07:53 lfs-eyohn kernel: pci_bus 0000:04: resource 1 [mem 0xfcd00000-0xfcdfffff]
Oct 17 13:07:53 lfs-eyohn kernel: pci_bus 0000:05: resource 1 [mem 0xfcc00000-0xfccfffff]
Oct 17 13:07:53 lfs-eyohn kernel: pci_bus 0000:06: resource 1 [mem 0xfcf00000-0xfcffffff]
Oct 17 13:07:53 lfs-eyohn kernel: pci_bus 0000:07: resource 0 [io  0xe000-0xefff]
Oct 17 13:07:53 lfs-eyohn kernel: pci_bus 0000:07: resource 1 [mem 0xfc800000-0xfcbfffff]
Oct 17 13:07:53 lfs-eyohn kernel: pci_bus 0000:07: resource 2 [mem 0x7fe0000000-0x7ff01fffff 64bit pref]
Oct 17 13:07:53 lfs-eyohn kernel: pci 0000:07:00.1: D0 power state depends on 0000:07:00.0
Oct 17 13:07:53 lfs-eyohn kernel: pci 0000:07:00.3: extending delay after power-on from D3hot to 20 msec
Oct 17 13:07:53 lfs-eyohn kernel: pci 0000:07:00.4: extending delay after power-on from D3hot to 20 msec
Oct 17 13:07:53 lfs-eyohn kernel: PCI: CLS 64 bytes, default 64
Oct 17 13:07:53 lfs-eyohn kernel: PCI-DMA: Using software bounce buffering for IO (SWIOTLB)
Oct 17 13:07:53 lfs-eyohn kernel: software IO TLB: mapped [mem 0x00000000e1950000-0x00000000e5950000] (64MB)
Oct 17 13:07:53 lfs-eyohn kernel: RAPL PMU: API unit is 2^-32 Joules, 1 fixed counters, 163840 ms ovfl timer
Oct 17 13:07:53 lfs-eyohn kernel: RAPL PMU: hw unit of domain package 2^-16 Joules
Oct 17 13:07:53 lfs-eyohn kernel: LVT offset 0 assigned for vector 0x400
Oct 17 13:07:53 lfs-eyohn kernel: perf: AMD IBS detected (0x000003ff)
Oct 17 13:07:53 lfs-eyohn kernel: amd_uncore: 4  amd_df counters detected
Oct 17 13:07:53 lfs-eyohn kernel: amd_uncore: 6  amd_l3 counters detected
Oct 17 13:07:53 lfs-eyohn kernel: Initialise system trusted keyrings
Oct 17 13:07:53 lfs-eyohn kernel: workingset: timestamp_bits=56 max_order=23 bucket_order=0
Oct 17 13:07:53 lfs-eyohn kernel: NFS: Registering the id_resolver key type
Oct 17 13:07:53 lfs-eyohn kernel: Key type id_resolver registered
Oct 17 13:07:53 lfs-eyohn kernel: Key type id_legacy registered
Oct 17 13:07:53 lfs-eyohn kernel: 9p: Installing v9fs 9p2000 file system support
Oct 17 13:07:53 lfs-eyohn kernel: Key type asymmetric registered
Oct 17 13:07:53 lfs-eyohn kernel: Asymmetric key parser 'x509' registered
Oct 17 13:07:53 lfs-eyohn kernel: Block layer SCSI generic (bsg) driver version 0.4 loaded (major 251)
Oct 17 13:07:53 lfs-eyohn kernel: io scheduler mq-deadline registered
Oct 17 13:07:53 lfs-eyohn kernel: io scheduler kyber registered
Oct 17 13:07:53 lfs-eyohn kernel: pcieport 0000:00:02.1: PME: Signaling with IRQ 25
Oct 17 13:07:53 lfs-eyohn kernel: pcieport 0000:00:02.2: PME: Signaling with IRQ 26
Oct 17 13:07:53 lfs-eyohn kernel: pcieport 0000:00:08.1: PME: Signaling with IRQ 27
Oct 17 13:07:53 lfs-eyohn kernel: input: Power Button as /devices/LNXSYSTM:00/LNXSYBUS:00/PNP0C0C:00/input/input0
Oct 17 13:07:53 lfs-eyohn kernel: ACPI: button: Power Button [PWRB]
Oct 17 13:07:53 lfs-eyohn kernel: input: Power Button as /devices/LNXSYSTM:00/LNXPWRBN:00/input/input1
Oct 17 13:07:53 lfs-eyohn kernel: ACPI: button: Power Button [PWRF]
Oct 17 13:07:53 lfs-eyohn kernel: ACPI: video: Video Device [VGA] (multi-head: yes  rom: no  post: no)
Oct 17 13:07:53 lfs-eyohn kernel: input: Video Bus as /devices/LNXSYSTM:00/LNXSYBUS:00/PNP0A08:00/device:09/LNXVIDEO:00/input/input2
Oct 17 13:07:53 lfs-eyohn kernel: Serial: 8250/16550 driver, 4 ports, IRQ sharing enabled
Oct 17 13:07:53 lfs-eyohn kernel: 00:05: ttyS0 at I/O 0x3f8 (irq = 4, base_baud = 115200) is a 16550A
Oct 17 13:07:53 lfs-eyohn kernel: kworker/u64:1 (93) used greatest stack depth: 14744 bytes left
Oct 17 13:07:53 lfs-eyohn kernel: lp: driver loaded but no devices found
Oct 17 13:07:53 lfs-eyohn kernel: Non-volatile memory driver v1.3
Oct 17 13:07:53 lfs-eyohn kernel: Linux agpgart interface v0.103
Oct 17 13:07:53 lfs-eyohn kernel: AMD-Vi: AMD IOMMUv2 functionality not available on this system - This is not a bug.
Oct 17 13:07:53 lfs-eyohn kernel: ACPI: bus type drm_connector registered
Oct 17 13:07:53 lfs-eyohn kernel: loop: module loaded
Oct 17 13:07:53 lfs-eyohn kernel: ahci 0000:01:00.1: version 3.0
Oct 17 13:07:53 lfs-eyohn kernel: ahci 0000:01:00.1: SSS flag set, parallel bus scan disabled
Oct 17 13:07:53 lfs-eyohn kernel: ahci 0000:01:00.1: AHCI 0001.0301 32 slots 6 ports 6 Gbps 0x33 impl SATA mode
Oct 17 13:07:53 lfs-eyohn kernel: ahci 0000:01:00.1: flags: 64bit ncq sntf stag pm led clo only pmp pio slum part sxs deso sadm sds apst 
Oct 17 13:07:53 lfs-eyohn kernel: scsi host0: ahci
Oct 17 13:07:53 lfs-eyohn kernel: scsi host1: ahci
Oct 17 13:07:53 lfs-eyohn kernel: scsi host2: ahci
Oct 17 13:07:53 lfs-eyohn kernel: scsi host3: ahci
Oct 17 13:07:53 lfs-eyohn kernel: scsi host4: ahci
Oct 17 13:07:53 lfs-eyohn kernel: scsi host5: ahci
Oct 17 13:07:53 lfs-eyohn kernel: ata1: SATA max UDMA/133 abar m131072@0xfce80000 port 0xfce80100 irq 35
Oct 17 13:07:53 lfs-eyohn kernel: ata2: SATA max UDMA/133 abar m131072@0xfce80000 port 0xfce80180 irq 35
Oct 17 13:07:53 lfs-eyohn kernel: ata3: DUMMY
Oct 17 13:07:53 lfs-eyohn kernel: ata4: DUMMY
Oct 17 13:07:53 lfs-eyohn kernel: ata5: SATA max UDMA/133 abar m131072@0xfce80000 port 0xfce80300 irq 35
Oct 17 13:07:53 lfs-eyohn kernel: ata6: SATA max UDMA/133 abar m131072@0xfce80000 port 0xfce80380 irq 35
Oct 17 13:07:53 lfs-eyohn kernel: e100: Intel(R) PRO/100 Network Driver
Oct 17 13:07:53 lfs-eyohn kernel: e100: Copyright(c) 1999-2006 Intel Corporation
Oct 17 13:07:53 lfs-eyohn kernel: e1000: Intel(R) PRO/1000 Network Driver
Oct 17 13:07:53 lfs-eyohn kernel: e1000: Copyright (c) 1999-2006 Intel Corporation.
Oct 17 13:07:53 lfs-eyohn kernel: e1000e: Intel(R) PRO/1000 Network Driver
Oct 17 13:07:53 lfs-eyohn kernel: e1000e: Copyright(c) 1999 - 2015 Intel Corporation.
Oct 17 13:07:53 lfs-eyohn kernel: sky2: driver version 1.30
Oct 17 13:07:53 lfs-eyohn kernel: r8169 0000:04:00.0 eth0: RTL8168h/8111h, a8:a1:59:50:97:36, XID 541, IRQ 36
Oct 17 13:07:53 lfs-eyohn kernel: r8169 0000:04:00.0 eth0: jumbo features [frames: 9194 bytes, tx checksumming: ko]
Oct 17 13:07:53 lfs-eyohn kernel: xhci_hcd 0000:01:00.0: xHCI Host Controller
Oct 17 13:07:53 lfs-eyohn kernel: xhci_hcd 0000:01:00.0: new USB bus registered, assigned bus number 1
Oct 17 13:07:53 lfs-eyohn kernel: xhci_hcd 0000:01:00.0: hcc params 0x0200ef81 hci version 0x110 quirks 0x0000000000000410
Oct 17 13:07:53 lfs-eyohn kernel: xhci_hcd 0000:01:00.0: xHCI Host Controller
Oct 17 13:07:53 lfs-eyohn kernel: xhci_hcd 0000:01:00.0: new USB bus registered, assigned bus number 2
Oct 17 13:07:53 lfs-eyohn kernel: xhci_hcd 0000:01:00.0: Host supports USB 3.1 Enhanced SuperSpeed
Oct 17 13:07:53 lfs-eyohn kernel: usb usb1: New USB device found, idVendor=1d6b, idProduct=0002, bcdDevice= 6.00
Oct 17 13:07:53 lfs-eyohn kernel: usb usb1: New USB device strings: Mfr=3, Product=2, SerialNumber=1
Oct 17 13:07:53 lfs-eyohn kernel: usb usb1: Product: xHCI Host Controller
Oct 17 13:07:53 lfs-eyohn kernel: usb usb1: Manufacturer: Linux 6.0.0 xhci-hcd
Oct 17 13:07:53 lfs-eyohn kernel: usb usb1: SerialNumber: 0000:01:00.0
Oct 17 13:07:53 lfs-eyohn kernel: hub 1-0:1.0: USB hub found
Oct 17 13:07:53 lfs-eyohn kernel: hub 1-0:1.0: 9 ports detected
Oct 17 13:07:53 lfs-eyohn kernel: usb usb2: We don't know the algorithms for LPM for this host, disabling LPM.
Oct 17 13:07:53 lfs-eyohn kernel: usb usb2: New USB device found, idVendor=1d6b, idProduct=0003, bcdDevice= 6.00
Oct 17 13:07:53 lfs-eyohn kernel: usb usb2: New USB device strings: Mfr=3, Product=2, SerialNumber=1
Oct 17 13:07:53 lfs-eyohn kernel: usb usb2: Product: xHCI Host Controller
Oct 17 13:07:53 lfs-eyohn kernel: usb usb2: Manufacturer: Linux 6.0.0 xhci-hcd
Oct 17 13:07:53 lfs-eyohn kernel: usb usb2: SerialNumber: 0000:01:00.0
Oct 17 13:07:53 lfs-eyohn kernel: hub 2-0:1.0: USB hub found
Oct 17 13:07:53 lfs-eyohn kernel: hub 2-0:1.0: 3 ports detected
Oct 17 13:07:53 lfs-eyohn kernel: xhci_hcd 0000:07:00.3: xHCI Host Controller
Oct 17 13:07:53 lfs-eyohn kernel: xhci_hcd 0000:07:00.3: new USB bus registered, assigned bus number 3
Oct 17 13:07:53 lfs-eyohn kernel: xhci_hcd 0000:07:00.3: hcc params 0x0268ffe5 hci version 0x110 quirks 0x0000020000000410
Oct 17 13:07:53 lfs-eyohn kernel: xhci_hcd 0000:07:00.3: xHCI Host Controller
Oct 17 13:07:53 lfs-eyohn kernel: xhci_hcd 0000:07:00.3: new USB bus registered, assigned bus number 4
Oct 17 13:07:53 lfs-eyohn kernel: xhci_hcd 0000:07:00.3: Host supports USB 3.1 Enhanced SuperSpeed
Oct 17 13:07:53 lfs-eyohn kernel: usb usb3: New USB device found, idVendor=1d6b, idProduct=0002, bcdDevice= 6.00
Oct 17 13:07:53 lfs-eyohn kernel: usb usb3: New USB device strings: Mfr=3, Product=2, SerialNumber=1
Oct 17 13:07:53 lfs-eyohn kernel: usb usb3: Product: xHCI Host Controller
Oct 17 13:07:53 lfs-eyohn kernel: usb usb3: Manufacturer: Linux 6.0.0 xhci-hcd
Oct 17 13:07:53 lfs-eyohn kernel: usb usb3: SerialNumber: 0000:07:00.3
Oct 17 13:07:53 lfs-eyohn kernel: hub 3-0:1.0: USB hub found
Oct 17 13:07:53 lfs-eyohn kernel: hub 3-0:1.0: 4 ports detected
Oct 17 13:07:53 lfs-eyohn kernel: usb usb4: We don't know the algorithms for LPM for this host, disabling LPM.
Oct 17 13:07:53 lfs-eyohn kernel: usb usb4: New USB device found, idVendor=1d6b, idProduct=0003, bcdDevice= 6.00
Oct 17 13:07:53 lfs-eyohn kernel: usb usb4: New USB device strings: Mfr=3, Product=2, SerialNumber=1
Oct 17 13:07:53 lfs-eyohn kernel: usb usb4: Product: xHCI Host Controller
Oct 17 13:07:53 lfs-eyohn kernel: usb usb4: Manufacturer: Linux 6.0.0 xhci-hcd
Oct 17 13:07:53 lfs-eyohn kernel: usb usb4: SerialNumber: 0000:07:00.3
Oct 17 13:07:53 lfs-eyohn kernel: hub 4-0:1.0: USB hub found
Oct 17 13:07:53 lfs-eyohn kernel: hub 4-0:1.0: 2 ports detected
Oct 17 13:07:53 lfs-eyohn kernel: xhci_hcd 0000:07:00.4: xHCI Host Controller
Oct 17 13:07:53 lfs-eyohn kernel: xhci_hcd 0000:07:00.4: new USB bus registered, assigned bus number 5
Oct 17 13:07:53 lfs-eyohn kernel: xhci_hcd 0000:07:00.4: hcc params 0x0268ffe5 hci version 0x110 quirks 0x0000020000000410
Oct 17 13:07:53 lfs-eyohn kernel: xhci_hcd 0000:07:00.4: xHCI Host Controller
Oct 17 13:07:53 lfs-eyohn kernel: xhci_hcd 0000:07:00.4: new USB bus registered, assigned bus number 6
Oct 17 13:07:53 lfs-eyohn kernel: xhci_hcd 0000:07:00.4: Host supports USB 3.1 Enhanced SuperSpeed
Oct 17 13:07:53 lfs-eyohn kernel: usb usb5: New USB device found, idVendor=1d6b, idProduct=0002, bcdDevice= 6.00
Oct 17 13:07:53 lfs-eyohn kernel: usb usb5: New USB device strings: Mfr=3, Product=2, SerialNumber=1
Oct 17 13:07:53 lfs-eyohn kernel: usb usb5: Product: xHCI Host Controller
Oct 17 13:07:53 lfs-eyohn kernel: usb usb5: Manufacturer: Linux 6.0.0 xhci-hcd
Oct 17 13:07:53 lfs-eyohn kernel: usb usb5: SerialNumber: 0000:07:00.4
Oct 17 13:07:53 lfs-eyohn kernel: hub 5-0:1.0: USB hub found
Oct 17 13:07:53 lfs-eyohn kernel: hub 5-0:1.0: 4 ports detected
Oct 17 13:07:53 lfs-eyohn kernel: usb usb6: We don't know the algorithms for LPM for this host, disabling LPM.
Oct 17 13:07:53 lfs-eyohn kernel: usb usb6: New USB device found, idVendor=1d6b, idProduct=0003, bcdDevice= 6.00
Oct 17 13:07:53 lfs-eyohn kernel: usb usb6: New USB device strings: Mfr=3, Product=2, SerialNumber=1
Oct 17 13:07:53 lfs-eyohn kernel: usb usb6: Product: xHCI Host Controller
Oct 17 13:07:53 lfs-eyohn kernel: usb usb6: Manufacturer: Linux 6.0.0 xhci-hcd
Oct 17 13:07:53 lfs-eyohn kernel: usb usb6: SerialNumber: 0000:07:00.4
Oct 17 13:07:53 lfs-eyohn kernel: hub 6-0:1.0: USB hub found
Oct 17 13:07:53 lfs-eyohn kernel: hub 6-0:1.0: 2 ports detected
Oct 17 13:07:53 lfs-eyohn kernel: usbcore: registered new interface driver usblp
Oct 17 13:07:53 lfs-eyohn kernel: usbcore: registered new interface driver usb-storage
Oct 17 13:07:53 lfs-eyohn kernel: i8042: PNP: No PS/2 controller found.
Oct 17 13:07:53 lfs-eyohn kernel: rtc_cmos 00:03: RTC can wake from S4
Oct 17 13:07:53 lfs-eyohn kernel: rtc_cmos 00:03: registered as rtc0
Oct 17 13:07:53 lfs-eyohn kernel: rtc_cmos 00:03: alarms up to one month, y3k, 114 bytes nvram, hpet irqs
Oct 17 13:07:53 lfs-eyohn kernel: fail to initialize ptp_kvm
Oct 17 13:07:53 lfs-eyohn kernel: device-mapper: ioctl: 4.47.0-ioctl (2022-07-28) initialised: dm-devel@redhat.com
Oct 17 13:07:53 lfs-eyohn kernel: hid: raw HID events driver (C) Jiri Kosina
Oct 17 13:07:53 lfs-eyohn kernel: usbcore: registered new interface driver usbhid
Oct 17 13:07:53 lfs-eyohn kernel: usbhid: USB HID core driver
Oct 17 13:07:53 lfs-eyohn kernel: Initializing XFRM netlink socket
Oct 17 13:07:53 lfs-eyohn kernel: NET: Registered PF_INET6 protocol family
Oct 17 13:07:53 lfs-eyohn kernel: Segment Routing with IPv6
Oct 17 13:07:53 lfs-eyohn kernel: In-situ OAM (IOAM) with IPv6
Oct 17 13:07:53 lfs-eyohn kernel: sit: IPv6, IPv4 and MPLS over IPv4 tunneling driver
Oct 17 13:07:53 lfs-eyohn kernel: NET: Registered PF_PACKET protocol family
Oct 17 13:07:53 lfs-eyohn kernel: 9pnet: Installing 9P2000 support
Oct 17 13:07:53 lfs-eyohn kernel: Key type dns_resolver registered
Oct 17 13:07:53 lfs-eyohn kernel: microcode: CPU0: patch_level=0x08600106
Oct 17 13:07:53 lfs-eyohn kernel: microcode: CPU1: patch_level=0x08600106
Oct 17 13:07:53 lfs-eyohn kernel: microcode: CPU2: patch_level=0x08600106
Oct 17 13:07:53 lfs-eyohn kernel: microcode: CPU3: patch_level=0x08600106
Oct 17 13:07:53 lfs-eyohn kernel: microcode: CPU4: patch_level=0x08600106
Oct 17 13:07:53 lfs-eyohn kernel: microcode: CPU5: patch_level=0x08600106
Oct 17 13:07:53 lfs-eyohn kernel: microcode: CPU6: patch_level=0x08600106
Oct 17 13:07:53 lfs-eyohn kernel: microcode: CPU7: patch_level=0x08600106
Oct 17 13:07:53 lfs-eyohn kernel: microcode: CPU8: patch_level=0x08600106
Oct 17 13:07:53 lfs-eyohn kernel: microcode: CPU9: patch_level=0x08600106
Oct 17 13:07:53 lfs-eyohn kernel: microcode: CPU10: patch_level=0x08600106
Oct 17 13:07:53 lfs-eyohn kernel: microcode: CPU11: patch_level=0x08600106
Oct 17 13:07:53 lfs-eyohn kernel: microcode: Microcode Update Driver: v2.2.
Oct 17 13:07:53 lfs-eyohn kernel: IPI shorthand broadcast: enabled
Oct 17 13:07:53 lfs-eyohn kernel: sched_clock: Marking stable (434565066, 573630)->(446962243, -11823547)
Oct 17 13:07:53 lfs-eyohn kernel: registered taskstats version 1
Oct 17 13:07:53 lfs-eyohn kernel: Loading compiled-in X.509 certificates
Oct 17 13:07:53 lfs-eyohn kernel: PM:   Magic number: 10:426:123
Oct 17 13:07:53 lfs-eyohn kernel: acpi LNXSYBUS:01: hash matches
Oct 17 13:07:53 lfs-eyohn kernel: printk: console [netcon0] enabled
Oct 17 13:07:53 lfs-eyohn kernel: netconsole: network logging started
Oct 17 13:07:53 lfs-eyohn kernel: acpi_cpufreq: overriding BIOS provided _PSD data
Oct 17 13:07:53 lfs-eyohn kernel: cfg80211: Loading compiled-in X.509 certificates for regulatory database
Oct 17 13:07:53 lfs-eyohn kernel: cfg80211: Loaded X.509 cert 'sforshee: 00b28ddf47aef9cea7'
Oct 17 13:07:53 lfs-eyohn kernel: platform regulatory.0: Direct firmware load for regulatory.db failed with error -2
Oct 17 13:07:53 lfs-eyohn kernel: cfg80211: failed to load regulatory.db
Oct 17 13:07:53 lfs-eyohn kernel: usb 3-2: new high-speed USB device number 2 using xhci_hcd
Oct 17 13:07:53 lfs-eyohn kernel: usb 1-5: new full-speed USB device number 2 using xhci_hcd
Oct 17 13:07:53 lfs-eyohn kernel: usb 3-2: New USB device found, idVendor=174c, idProduct=2074, bcdDevice= 2.00
Oct 17 13:07:53 lfs-eyohn kernel: usb 3-2: New USB device strings: Mfr=2, Product=3, SerialNumber=0
Oct 17 13:07:53 lfs-eyohn kernel: usb 3-2: Product: ASM107x
Oct 17 13:07:53 lfs-eyohn kernel: usb 3-2: Manufacturer: Asmedia
Oct 17 13:07:53 lfs-eyohn kernel: ata1: SATA link up 3.0 Gbps (SStatus 123 SControl 300)
Oct 17 13:07:53 lfs-eyohn kernel: ata1.00: ATA-8: SAMSUNG HM321HI, 2AJ10001, max UDMA/133
Oct 17 13:07:53 lfs-eyohn kernel: ata1.00: 625142448 sectors, multi 16: LBA48 NCQ (depth 32), AA
Oct 17 13:07:53 lfs-eyohn kernel: hub 3-2:1.0: USB hub found
Oct 17 13:07:53 lfs-eyohn kernel: hub 3-2:1.0: 4 ports detected
Oct 17 13:07:53 lfs-eyohn kernel: ata1.00: configured for UDMA/133
Oct 17 13:07:53 lfs-eyohn kernel: scsi 0:0:0:0: Direct-Access     ATA      SAMSUNG HM321HI  0001 PQ: 0 ANSI: 5
Oct 17 13:07:53 lfs-eyohn kernel: sd 0:0:0:0: Attached scsi generic sg0 type 0
Oct 17 13:07:53 lfs-eyohn kernel: sd 0:0:0:0: [sda] 625142448 512-byte logical blocks: (320 GB/298 GiB)
Oct 17 13:07:53 lfs-eyohn kernel: sd 0:0:0:0: [sda] Write Protect is off
Oct 17 13:07:53 lfs-eyohn kernel: sd 0:0:0:0: [sda] Mode Sense: 00 3a 00 00
Oct 17 13:07:53 lfs-eyohn kernel: sd 0:0:0:0: [sda] Write cache: enabled, read cache: enabled, doesn't support DPO or FUA
Oct 17 13:07:53 lfs-eyohn kernel: sd 0:0:0:0: [sda] Preferred minimum I/O size 512 bytes
Oct 17 13:07:53 lfs-eyohn kernel: usb 1-5: New USB device found, idVendor=25a7, idProduct=fa70, bcdDevice= 1.41
Oct 17 13:07:53 lfs-eyohn kernel: usb 1-5: New USB device strings: Mfr=1, Product=2, SerialNumber=0
Oct 17 13:07:53 lfs-eyohn kernel: usb 1-5: Product: 2.4G Wireless Receiver
Oct 17 13:07:53 lfs-eyohn kernel: usb 1-5: Manufacturer: Compx
Oct 17 13:07:53 lfs-eyohn kernel:  sda: sda1
Oct 17 13:07:53 lfs-eyohn kernel: sd 0:0:0:0: [sda] Attached SCSI disk
Oct 17 13:07:53 lfs-eyohn kernel: input: Compx 2.4G Wireless Receiver as /devices/pci0000:00/0000:00:02.1/0000:01:00.0/usb1/1-5/1-5:1.0/0003:25A7:FA70.0001/input/input3
Oct 17 13:07:53 lfs-eyohn kernel: usb 4-2: new SuperSpeed USB device number 2 using xhci_hcd
Oct 17 13:07:53 lfs-eyohn kernel: usb 4-2: New USB device found, idVendor=174c, idProduct=3074, bcdDevice= 2.00
Oct 17 13:07:53 lfs-eyohn kernel: usb 4-2: New USB device strings: Mfr=2, Product=3, SerialNumber=0
Oct 17 13:07:53 lfs-eyohn kernel: usb 4-2: Product: ASM107x
Oct 17 13:07:53 lfs-eyohn kernel: usb 4-2: Manufacturer: Asmedia
Oct 17 13:07:53 lfs-eyohn kernel: hub 4-2:1.0: USB hub found
Oct 17 13:07:53 lfs-eyohn kernel: hub 4-2:1.0: 4 ports detected
Oct 17 13:07:53 lfs-eyohn kernel: hid-generic 0003:25A7:FA70.0001: input,hidraw0: USB HID v1.10 Keyboard [Compx 2.4G Wireless Receiver] on usb-0000:01:00.0-5/input0
Oct 17 13:07:53 lfs-eyohn kernel: input: Compx 2.4G Wireless Receiver Mouse as /devices/pci0000:00/0000:00:02.1/0000:01:00.0/usb1/1-5/1-5:1.1/0003:25A7:FA70.0002/input/input4
Oct 17 13:07:53 lfs-eyohn kernel: input: Compx 2.4G Wireless Receiver as /devices/pci0000:00/0000:00:02.1/0000:01:00.0/usb1/1-5/1-5:1.1/0003:25A7:FA70.0002/input/input5
Oct 17 13:07:53 lfs-eyohn kernel: input: Compx 2.4G Wireless Receiver Keyboard as /devices/pci0000:00/0000:00:02.1/0000:01:00.0/usb1/1-5/1-5:1.1/0003:25A7:FA70.0002/input/input6
Oct 17 13:07:53 lfs-eyohn kernel: hid-generic 0003:25A7:FA70.0002: input,hiddev96,hidraw1: USB HID v1.10 Mouse [Compx 2.4G Wireless Receiver] on usb-0000:01:00.0-5/input1
Oct 17 13:07:53 lfs-eyohn kernel: usb 1-6: new full-speed USB device number 3 using xhci_hcd
Oct 17 13:07:53 lfs-eyohn kernel: ata2: SATA link up 6.0 Gbps (SStatus 133 SControl 300)
Oct 17 13:07:53 lfs-eyohn kernel: ata2.00: ATA-10: ADATA SU650, XD0R01D2, max UDMA/133
Oct 17 13:07:53 lfs-eyohn kernel: ata2.00: 468862128 sectors, multi 16: LBA48 NCQ (depth 32), AA
Oct 17 13:07:53 lfs-eyohn kernel: ata2.00: configured for UDMA/133
Oct 17 13:07:53 lfs-eyohn kernel: scsi 1:0:0:0: Direct-Access     ATA      ADATA SU650      01D2 PQ: 0 ANSI: 5
Oct 17 13:07:53 lfs-eyohn kernel: sd 1:0:0:0: Attached scsi generic sg1 type 0
Oct 17 13:07:53 lfs-eyohn kernel: sd 1:0:0:0: [sdb] 468862128 512-byte logical blocks: (240 GB/224 GiB)
Oct 17 13:07:53 lfs-eyohn kernel: sd 1:0:0:0: [sdb] Write Protect is off
Oct 17 13:07:53 lfs-eyohn kernel: sd 1:0:0:0: [sdb] Mode Sense: 00 3a 00 00
Oct 17 13:07:53 lfs-eyohn kernel: sd 1:0:0:0: [sdb] Write cache: enabled, read cache: enabled, doesn't support DPO or FUA
Oct 17 13:07:53 lfs-eyohn kernel: sd 1:0:0:0: [sdb] Preferred minimum I/O size 512 bytes
Oct 17 13:07:53 lfs-eyohn kernel: sd 1:0:0:0: [sdb] Attached SCSI disk
Oct 17 13:07:53 lfs-eyohn kernel: usb 1-6: New USB device found, idVendor=25a7, idProduct=fa09, bcdDevice=13.00
Oct 17 13:07:53 lfs-eyohn kernel: usb 1-6: New USB device strings: Mfr=1, Product=2, SerialNumber=0
Oct 17 13:07:53 lfs-eyohn kernel: usb 1-6: Product: 2.4G Wireless Receiver
Oct 17 13:07:53 lfs-eyohn kernel: usb 1-6: Manufacturer: Compx
Oct 17 13:07:53 lfs-eyohn kernel: tsc: Refined TSC clocksource calibration: 3693.060 MHz
Oct 17 13:07:53 lfs-eyohn kernel: clocksource: tsc: mask: 0xffffffffffffffff max_cycles: 0x6a77744cfd5, max_idle_ns: 881590969987 ns
Oct 17 13:07:53 lfs-eyohn kernel: clocksource: Switched to clocksource tsc
Oct 17 13:07:53 lfs-eyohn kernel: input: Compx 2.4G Wireless Receiver as /devices/pci0000:00/0000:00:02.1/0000:01:00.0/usb1/1-6/1-6:1.0/0003:25A7:FA09.0003/input/input7
Oct 17 13:07:53 lfs-eyohn kernel: hid-generic 0003:25A7:FA09.0003: input,hidraw2: USB HID v1.10 Mouse [Compx 2.4G Wireless Receiver] on usb-0000:01:00.0-6/input0
Oct 17 13:07:53 lfs-eyohn kernel: input: Compx 2.4G Wireless Receiver Keyboard as /devices/pci0000:00/0000:00:02.1/0000:01:00.0/usb1/1-6/1-6:1.1/0003:25A7:FA09.0004/input/input8
Oct 17 13:07:53 lfs-eyohn kernel: input: Compx 2.4G Wireless Receiver as /devices/pci0000:00/0000:00:02.1/0000:01:00.0/usb1/1-6/1-6:1.1/0003:25A7:FA09.0004/input/input9
Oct 17 13:07:53 lfs-eyohn kernel: input: Compx 2.4G Wireless Receiver as /devices/pci0000:00/0000:00:02.1/0000:01:00.0/usb1/1-6/1-6:1.1/0003:25A7:FA09.0004/input/input10
Oct 17 13:07:53 lfs-eyohn kernel: hid-generic 0003:25A7:FA09.0004: input,hiddev97,hidraw3: USB HID v1.10 Keyboard [Compx 2.4G Wireless Receiver] on usb-0000:01:00.0-6/input1
Oct 17 13:07:53 lfs-eyohn kernel: usb 1-7: new high-speed USB device number 4 using xhci_hcd
Oct 17 13:07:53 lfs-eyohn kernel: usb 1-7: New USB device found, idVendor=05e3, idProduct=0610, bcdDevice=60.60
Oct 17 13:07:53 lfs-eyohn kernel: usb 1-7: New USB device strings: Mfr=0, Product=1, SerialNumber=0
Oct 17 13:07:53 lfs-eyohn kernel: usb 1-7: Product: USB2.0 Hub
Oct 17 13:07:53 lfs-eyohn kernel: hub 1-7:1.0: USB hub found
Oct 17 13:07:53 lfs-eyohn kernel: hub 1-7:1.0: 4 ports detected
Oct 17 13:07:53 lfs-eyohn kernel: ata5: SATA link up 6.0 Gbps (SStatus 133 SControl 300)
Oct 17 13:07:53 lfs-eyohn kernel: ata5.00: ATA-10: ST1000LM035-1RK172, SBM3, max UDMA/133
Oct 17 13:07:53 lfs-eyohn kernel: ata5.00: 1953525168 sectors, multi 16: LBA48 NCQ (depth 32), AA
Oct 17 13:07:53 lfs-eyohn kernel: usb 1-8: new full-speed USB device number 5 using xhci_hcd
Oct 17 13:07:53 lfs-eyohn kernel: ata5.00: configured for UDMA/133
Oct 17 13:07:53 lfs-eyohn kernel: scsi 4:0:0:0: Direct-Access     ATA      ST1000LM035-1RK1 SBM3 PQ: 0 ANSI: 5
Oct 17 13:07:53 lfs-eyohn kernel: sd 4:0:0:0: Attached scsi generic sg2 type 0
Oct 17 13:07:53 lfs-eyohn kernel: sd 4:0:0:0: [sdc] 1953525168 512-byte logical blocks: (1.00 TB/932 GiB)
Oct 17 13:07:53 lfs-eyohn kernel: sd 4:0:0:0: [sdc] 4096-byte physical blocks
Oct 17 13:07:53 lfs-eyohn kernel: sd 4:0:0:0: [sdc] Write Protect is off
Oct 17 13:07:53 lfs-eyohn kernel: sd 4:0:0:0: [sdc] Mode Sense: 00 3a 00 00
Oct 17 13:07:53 lfs-eyohn kernel: sd 4:0:0:0: [sdc] Write cache: enabled, read cache: enabled, doesn't support DPO or FUA
Oct 17 13:07:53 lfs-eyohn kernel: sd 4:0:0:0: [sdc] Preferred minimum I/O size 4096 bytes
Oct 17 13:07:53 lfs-eyohn kernel:  sdc: sdc1
Oct 17 13:07:53 lfs-eyohn kernel: sd 4:0:0:0: [sdc] Attached SCSI disk
Oct 17 13:07:53 lfs-eyohn kernel: usb 1-8: New USB device found, idVendor=26ce, idProduct=01a2, bcdDevice= 0.00
Oct 17 13:07:53 lfs-eyohn kernel: usb 1-8: New USB device strings: Mfr=1, Product=2, SerialNumber=3
Oct 17 13:07:53 lfs-eyohn kernel: usb 1-8: Product: LED Controller
Oct 17 13:07:53 lfs-eyohn kernel: usb 1-8: Manufacturer: ASRock
Oct 17 13:07:53 lfs-eyohn kernel: usb 1-8: SerialNumber: A02019100900
Oct 17 13:07:53 lfs-eyohn kernel: input: ASRock LED Controller as /devices/pci0000:00/0000:00:02.1/0000:01:00.0/usb1/1-8/1-8:1.0/0003:26CE:01A2.0005/input/input11
Oct 17 13:07:53 lfs-eyohn kernel: hid-generic 0003:26CE:01A2.0005: input,hidraw4: USB HID v1.10 Device [ASRock LED Controller] on usb-0000:01:00.0-8/input0
Oct 17 13:07:53 lfs-eyohn kernel: ata6: SATA link down (SStatus 0 SControl 300)
Oct 17 13:07:53 lfs-eyohn kernel: md: Waiting for all devices to be available before autodetect
Oct 17 13:07:53 lfs-eyohn kernel: md: If you don't use raid, use raid=noautodetect
Oct 17 13:07:53 lfs-eyohn kernel: md: Autodetecting RAID arrays.
Oct 17 13:07:53 lfs-eyohn kernel: md: autorun ...
Oct 17 13:07:53 lfs-eyohn kernel: md: ... autorun DONE.
Oct 17 13:07:53 lfs-eyohn kernel: EXT4-fs (sdb): mounted filesystem with ordered data mode. Quota mode: none.
Oct 17 13:07:53 lfs-eyohn kernel: VFS: Mounted root (ext4 filesystem) readonly on device 8:16.
Oct 17 13:07:53 lfs-eyohn kernel: devtmpfs: mounted
Oct 17 13:07:53 lfs-eyohn kernel: Freeing unused kernel image (initmem) memory: 1528K
Oct 17 13:07:53 lfs-eyohn kernel: Write protecting the kernel read-only data: 24576k
Oct 17 13:07:53 lfs-eyohn kernel: Freeing unused kernel image (text/rodata gap) memory: 2032K
Oct 17 13:07:53 lfs-eyohn kernel: Freeing unused kernel image (rodata/data gap) memory: 1320K
Oct 17 13:07:53 lfs-eyohn kernel: Run /sbin/init as init process
Oct 17 13:07:53 lfs-eyohn kernel:   with arguments:
Oct 17 13:07:53 lfs-eyohn kernel:     /sbin/init
Oct 17 13:07:53 lfs-eyohn kernel:   with environment:
Oct 17 13:07:53 lfs-eyohn kernel:     HOME=/
Oct 17 13:07:53 lfs-eyohn kernel:     TERM=linux
Oct 17 13:07:53 lfs-eyohn kernel:     BOOT_IMAGE=/boot/vmlinuz-6.0.0-15.10.22
Oct 17 13:07:53 lfs-eyohn kernel: usb 1-9: new full-speed USB device number 6 using xhci_hcd
Oct 17 13:07:53 lfs-eyohn systemd[1]: systemd 251 running in system mode (+PAM -AUDIT -SELINUX -APPARMOR +IMA +SMACK -SECCOMP -GCRYPT -GNUTLS +OPENSSL +ACL +BLKID +CURL -ELFUTILS -FIDO2 -IDN2 -IDN -IPTC +KMOD -LIBCRYPTSETUP +LIBFDISK -PCRE2 -PWQUALITY +P11KIT -QRENCODE -TPM2 +BZIP2 -LZ4 +XZ +ZLIB +ZSTD -BPF_FRAMEWORK -XKBCOMMON +UTMP +SYSVINIT default-hierarchy=unified)
Oct 17 13:07:53 lfs-eyohn systemd[1]: Detected architecture x86-64.
Oct 17 13:07:53 lfs-eyohn systemd[1]: Hostname set to <lfs-eyohn>.
Oct 17 13:07:53 lfs-eyohn kernel: systemd-run-gen (169) used greatest stack depth: 13376 bytes left
Oct 17 13:07:53 lfs-eyohn kernel: systemd-rc-loca (168) used greatest stack depth: 13360 bytes left
Oct 17 13:07:53 lfs-eyohn systemd[1]: /usr/lib/systemd/system/cups.socket:6: ListenStream= references a path below legacy directory /var/run/, updating /var/run/cups/cups.sock  /run/cups/cups.sock; please update the unit file accordingly.
Oct 17 13:07:53 lfs-eyohn systemd[1]: Queued start job for default target Graphical Interface.
Oct 17 13:07:53 lfs-eyohn systemd[1]: Created slice Slice /system/getty.
Oct 17 13:07:53 lfs-eyohn systemd[1]: Created slice Slice /system/modprobe.
Oct 17 13:07:53 lfs-eyohn systemd[1]: Created slice User and Session Slice.
Oct 17 13:07:53 lfs-eyohn systemd[1]: Started Dispatch Password Requests to Console Directory Watch.
Oct 17 13:07:53 lfs-eyohn systemd[1]: Started Forward Password Requests to Wall Directory Watch.
Oct 17 13:07:53 lfs-eyohn systemd[1]: Set up automount Arbitrary Executable File Formats File System Automount Point.
Oct 17 13:07:53 lfs-eyohn systemd[1]: Reached target Login Prompts.
Oct 17 13:07:53 lfs-eyohn systemd[1]: Reached target User and Group Name Lookups.
Oct 17 13:07:53 lfs-eyohn systemd[1]: Reached target Remote File Systems.
Oct 17 13:07:53 lfs-eyohn systemd[1]: Reached target Slice Units.
Oct 17 13:07:53 lfs-eyohn systemd[1]: Reached target Swaps.
Oct 17 13:07:53 lfs-eyohn systemd[1]: Reached target System Time Set.
Oct 17 13:07:53 lfs-eyohn systemd[1]: Listening on Process Core Dump Socket.
Oct 17 13:07:53 lfs-eyohn systemd[1]: Listening on initctl Compatibility Named Pipe.
Oct 17 13:07:53 lfs-eyohn systemd[1]: Listening on Journal Audit Socket.
Oct 17 13:07:53 lfs-eyohn systemd[1]: Listening on Journal Socket (/dev/log).
Oct 17 13:07:53 lfs-eyohn systemd[1]: Listening on Journal Socket.
Oct 17 13:07:53 lfs-eyohn systemd[1]: Listening on Network Service Netlink Socket.
Oct 17 13:07:53 lfs-eyohn systemd[1]: Listening on Userspace Out-Of-Memory (OOM) Killer Socket.
Oct 17 13:07:53 lfs-eyohn systemd[1]: Listening on udev Control Socket.
Oct 17 13:07:53 lfs-eyohn systemd[1]: Listening on udev Kernel Socket.
Oct 17 13:07:53 lfs-eyohn systemd[1]: Mounting Huge Pages File System...
Oct 17 13:07:53 lfs-eyohn systemd[1]: Mounting POSIX Message Queue File System...
Oct 17 13:07:53 lfs-eyohn systemd[1]: Mounting Kernel Debug File System...
Oct 17 13:07:53 lfs-eyohn systemd[1]: Mounting Kernel Trace File System...
Oct 17 13:07:53 lfs-eyohn systemd[1]: tmp.mount: Directory /tmp to mount over is not empty, mounting anyway.
Oct 17 13:07:53 lfs-eyohn systemd[1]: Mounting Temporary Directory /tmp...
Oct 17 13:07:53 lfs-eyohn systemd[1]: Starting Create List of Static Device Nodes...
Oct 17 13:07:53 lfs-eyohn systemd[1]: Starting Load Kernel Module configfs...
Oct 17 13:07:53 lfs-eyohn systemd[1]: Starting Load Kernel Module drm...
Oct 17 13:07:53 lfs-eyohn systemd[1]: Starting Load Kernel Module fuse...
Oct 17 13:07:53 lfs-eyohn systemd[1]: Starting File System Check on Root Device...
Oct 17 13:07:53 lfs-eyohn systemd[1]: systemd-journald.service: unit configures an IP firewall, but the local system does not support BPF/cgroup firewalling.
Oct 17 13:07:53 lfs-eyohn systemd[1]: (This warning is only shown for the first unit using IP firewalling.)
Oct 17 13:07:53 lfs-eyohn systemd[1]: Starting Journal Service...
Oct 17 13:07:53 lfs-eyohn systemd[1]: Load Kernel Modules was skipped because all trigger condition checks failed.
Oct 17 13:07:53 lfs-eyohn systemd[1]: Starting Generate network units from Kernel command line...
Oct 17 13:07:53 lfs-eyohn systemd[1]: Repartition Root Disk was skipped because all trigger condition checks failed.
Oct 17 13:07:53 lfs-eyohn systemd[1]: Starting Apply Kernel Variables...
Oct 17 13:07:53 lfs-eyohn systemd[1]: Starting Coldplug All udev Devices...
Oct 17 13:07:53 lfs-eyohn systemd[1]: Mounted Huge Pages File System.
Oct 17 13:07:53 lfs-eyohn systemd[1]: Mounted POSIX Message Queue File System.
Oct 17 13:07:53 lfs-eyohn systemd[1]: Mounted Kernel Debug File System.
Oct 17 13:07:53 lfs-eyohn systemd[1]: Mounted Kernel Trace File System.
Oct 17 13:07:53 lfs-eyohn systemd[1]: Mounted Temporary Directory /tmp.
Oct 17 13:07:53 lfs-eyohn systemd[1]: Finished Create List of Static Device Nodes.
Oct 17 13:07:53 lfs-eyohn systemd[1]: Starting Create Static Device Nodes in /dev...
Oct 17 13:07:53 lfs-eyohn systemd[1]: Finished Generate network units from Kernel command line.
Oct 17 13:07:53 lfs-eyohn systemd[1]: Reached target Preparation for Network.
Oct 17 13:07:53 lfs-eyohn systemd[1]: modprobe@configfs.service: Deactivated successfully.
Oct 17 13:07:53 lfs-eyohn systemd[1]: Finished Load Kernel Module configfs.
Oct 17 13:07:53 lfs-eyohn systemd[1]: modprobe@drm.service: Deactivated successfully.
Oct 17 13:07:53 lfs-eyohn systemd[1]: Finished Load Kernel Module drm.
Oct 17 13:07:53 lfs-eyohn systemd[1]: modprobe@fuse.service: Deactivated successfully.
Oct 17 13:07:53 lfs-eyohn systemd[1]: Finished Load Kernel Module fuse.
Oct 17 13:07:53 lfs-eyohn systemd[1]: FUSE Control File System was skipped because of a failed condition check (ConditionPathExists=/sys/fs/fuse/connections).
Oct 17 13:07:53 lfs-eyohn systemd[1]: Kernel Configuration File System was skipped because of a failed condition check (ConditionPathExists=/sys/kernel/config).
Oct 17 13:07:53 lfs-eyohn systemd[1]: Finished Apply Kernel Variables.
Oct 17 13:07:53 lfs-eyohn systemd[1]: Finished Create Static Device Nodes in /dev.
Oct 17 13:07:53 lfs-eyohn systemd-journald[186]: Journal started
Oct 17 13:07:53 lfs-eyohn systemd-journald[186]: Runtime Journal (/run/log/journal/8762e8e5addd4679b45fe92f963c504b) is 8.0M, max 629.8M, 621.8M free.
Oct 17 13:07:53 lfs-eyohn systemd-tmpfiles[192]: Detected unsafe path transition / (owned by 1001)  /dev (owned by root) during canonicalization of /dev.
Oct 17 13:07:53 lfs-eyohn systemd-tmpfiles[192]: Detected unsafe path transition / (owned by 1001)  /dev (owned by root) during canonicalization of /dev.
Oct 17 13:07:53 lfs-eyohn systemd[1]: Started Journal Service.
Oct 17 13:07:53 lfs-eyohn systemd-tmpfiles[192]: Detected unsafe path transition / (owned by 1001)  /dev (owned by root) during canonicalization of /dev/snd.
Oct 17 13:07:53 lfs-eyohn systemd-tmpfiles[192]: Detected unsafe path transition / (owned by 1001)  /dev (owned by root) during canonicalization of /dev/snd.
Oct 17 13:07:53 lfs-eyohn systemd-tmpfiles[192]: Detected unsafe path transition / (owned by 1001)  /dev (owned by root) during canonicalization of /dev/loop-control.
Oct 17 13:07:53 lfs-eyohn systemd-fsck[196]: /dev/sdb: clean, 581662/14655488 files, 8053102/58607766 blocks
Oct 17 13:07:53 lfs-eyohn systemd[1]: Finished File System Check on Root Device.
Oct 17 13:07:53 lfs-eyohn systemd[1]: Starting Remount Root and Kernel File Systems...
Oct 17 13:07:53 lfs-eyohn systemd[1]: Finished Coldplug All udev Devices.
Oct 17 13:07:53 lfs-eyohn kernel: usb 1-9: New USB device found, idVendor=8087, idProduct=0a2b, bcdDevice= 0.10
Oct 17 13:07:53 lfs-eyohn kernel: usb 1-9: New USB device strings: Mfr=0, Product=0, SerialNumber=0
Oct 17 13:07:53 lfs-eyohn systemd[1]: Finished Remount Root and Kernel File Systems.
Oct 17 13:07:53 lfs-eyohn systemd[1]: Reached target Preparation for Local File Systems.
Oct 17 13:07:53 lfs-eyohn kernel: EXT4-fs (sdb): re-mounted. Quota mode: none.
Oct 17 13:07:53 lfs-eyohn systemd[1]: Virtual Machine and Container Storage (Compatibility) was skipped because of a failed condition check (ConditionPathExists=/var/lib/machines.raw).
Oct 17 13:07:53 lfs-eyohn systemd[1]: Reached target Local File Systems.
Oct 17 13:07:53 lfs-eyohn systemd[1]: Reached target Containers.
Oct 17 13:07:53 lfs-eyohn systemd[1]: Set Up Additional Binary Formats was skipped because all trigger condition checks failed.
Oct 17 13:07:53 lfs-eyohn systemd[1]: Rebuild Hardware Database was skipped because of a failed condition check (ConditionNeedsUpdate=/etc).
Oct 17 13:07:53 lfs-eyohn systemd[1]: Starting Flush Journal to Persistent Storage...
Oct 17 13:07:53 lfs-eyohn systemd[1]: Platform Persistent Storage Archival was skipped because of a failed condition check (ConditionDirectoryNotEmpty=/sys/fs/pstore).
Oct 17 13:07:53 lfs-eyohn systemd[1]: Starting Load/Save Random Seed...
Oct 17 13:07:53 lfs-eyohn systemd[1]: Merge System Extension Images into /usr/ and /opt/ was skipped because all trigger condition checks failed.
Oct 17 13:07:53 lfs-eyohn systemd[1]: Starting Rule-based Manager for Device Events and Files...
Oct 17 13:07:53 lfs-eyohn systemd-journald[186]: Time spent on flushing to /var/log/journal/8762e8e5addd4679b45fe92f963c504b is 364.012ms for 938 entries.
Oct 17 13:07:53 lfs-eyohn systemd-journald[186]: System Journal (/var/log/journal/8762e8e5addd4679b45fe92f963c504b) is 271.1M, max 4.0G, 3.7G free.
Oct 17 13:07:54 lfs-eyohn systemd-journald[186]: Received client request to flush runtime journal.
Oct 17 13:07:54 lfs-eyohn kernel: systemd-vconsol (266) used greatest stack depth: 13136 bytes left
Oct 17 13:07:54 lfs-eyohn kernel: snd_hda_intel 0000:07:00.1: enabling device (0000 -> 0002)
Oct 17 13:07:54 lfs-eyohn kernel: snd_hda_intel 0000:07:00.6: enabling device (0000 -> 0002)
Oct 17 13:07:54 lfs-eyohn kernel: r8169 0000:04:00.0: Direct firmware load for rtl_nic/rtl8168h-2.fw failed with error -2
Oct 17 13:07:54 lfs-eyohn kernel: r8169 0000:04:00.0: Unable to load firmware rtl_nic/rtl8168h-2.fw (-2)
Oct 17 13:07:54 lfs-eyohn kernel: input: HD-Audio Generic HDMI/DP,pcm=3 as /devices/pci0000:00/0000:00:08.1/0000:07:00.1/sound/card0/input12
Oct 17 13:07:54 lfs-eyohn kernel: input: HD-Audio Generic HDMI/DP,pcm=7 as /devices/pci0000:00/0000:00:08.1/0000:07:00.1/sound/card0/input13
Oct 17 13:07:54 lfs-eyohn kernel: input: HD-Audio Generic HDMI/DP,pcm=8 as /devices/pci0000:00/0000:00:08.1/0000:07:00.1/sound/card0/input14
Oct 17 13:07:54 lfs-eyohn kernel: input: HD-Audio Generic HDMI/DP,pcm=9 as /devices/pci0000:00/0000:00:08.1/0000:07:00.1/sound/card0/input15
Oct 17 13:07:54 lfs-eyohn kernel: input: HD-Audio Generic HDMI/DP,pcm=10 as /devices/pci0000:00/0000:00:08.1/0000:07:00.1/sound/card0/input16
Oct 17 13:07:54 lfs-eyohn kernel: input: HD-Audio Generic HDMI/DP,pcm=11 as /devices/pci0000:00/0000:00:08.1/0000:07:00.1/sound/card0/input17
Oct 17 13:07:54 lfs-eyohn kernel: Generic FE-GE Realtek PHY r8169-0-400:00: attached PHY driver (mii_bus:phy_addr=r8169-0-400:00, irq=MAC)
Oct 17 13:07:54 lfs-eyohn kernel: [drm] amdgpu kernel modesetting enabled.
Oct 17 13:07:54 lfs-eyohn kernel: snd_hda_codec_realtek hdaudioC1D0: ALCS1200A: SKU not ready 0x00000000
Oct 17 13:07:54 lfs-eyohn kernel: amdgpu: Virtual CRAT table created for CPU
Oct 17 13:07:54 lfs-eyohn kernel: amdgpu: Topology: Add CPU node
Oct 17 13:07:54 lfs-eyohn kernel: amdgpu 0000:07:00.0: vgaarb: deactivate vga console
Oct 17 13:07:54 lfs-eyohn kernel: amdgpu 0000:07:00.0: enabling device (0006 -> 0007)
Oct 17 13:07:54 lfs-eyohn kernel: [drm] initializing kernel modesetting (RENOIR 0x1002:0x1636 0x1002:0x1636 0xD9).
Oct 17 13:07:54 lfs-eyohn kernel: snd_hda_codec_realtek hdaudioC1D0: autoconfig for ALCS1200A: line_outs=1 (0x14/0x0/0x0/0x0/0x0) type:line
Oct 17 13:07:54 lfs-eyohn kernel: [drm] register mmio base: 0xFCB00000
Oct 17 13:07:54 lfs-eyohn kernel: [drm] register mmio size: 524288
Oct 17 13:07:54 lfs-eyohn kernel: snd_hda_codec_realtek hdaudioC1D0:    speaker_outs=0 (0x0/0x0/0x0/0x0/0x0)
Oct 17 13:07:54 lfs-eyohn kernel: snd_hda_codec_realtek hdaudioC1D0:    hp_outs=1 (0x1b/0x0/0x0/0x0/0x0)
Oct 17 13:07:54 lfs-eyohn kernel: snd_hda_codec_realtek hdaudioC1D0:    mono: mono_out=0x0
Oct 17 13:07:54 lfs-eyohn kernel: snd_hda_codec_realtek hdaudioC1D0:    inputs:
Oct 17 13:07:54 lfs-eyohn kernel: snd_hda_codec_realtek hdaudioC1D0:      Front Mic=0x19
Oct 17 13:07:54 lfs-eyohn kernel: snd_hda_codec_realtek hdaudioC1D0:      Rear Mic=0x18
Oct 17 13:07:54 lfs-eyohn kernel: snd_hda_codec_realtek hdaudioC1D0:      Line=0x1a
Oct 17 13:07:54 lfs-eyohn kernel: [drm] add ip block number 0 <soc15_common>
Oct 17 13:07:54 lfs-eyohn kernel: [drm] add ip block number 1 <gmc_v9_0>
Oct 17 13:07:54 lfs-eyohn kernel: [drm] add ip block number 2 <vega10_ih>
Oct 17 13:07:54 lfs-eyohn kernel: [drm] add ip block number 3 <psp>
Oct 17 13:07:54 lfs-eyohn kernel: [drm] add ip block number 4 <smu>
Oct 17 13:07:54 lfs-eyohn kernel: [drm] add ip block number 5 <dm>
Oct 17 13:07:54 lfs-eyohn kernel: [drm] add ip block number 6 <gfx_v9_0>
Oct 17 13:07:54 lfs-eyohn kernel: [drm] add ip block number 7 <sdma_v4_0>
Oct 17 13:07:54 lfs-eyohn kernel: [drm] add ip block number 8 <vcn_v2_0>
Oct 17 13:07:54 lfs-eyohn kernel: [drm] add ip block number 9 <jpeg_v2_0>
Oct 17 13:07:54 lfs-eyohn kernel: amdgpu 0000:07:00.0: amdgpu: Fetched VBIOS from VFCT
Oct 17 13:07:54 lfs-eyohn kernel: amdgpu: ATOM BIOS: 113-RENOIR-031
Oct 17 13:07:54 lfs-eyohn kernel: [drm] VCN decode is enabled in VM mode
Oct 17 13:07:54 lfs-eyohn kernel: [drm] VCN encode is enabled in VM mode
Oct 17 13:07:54 lfs-eyohn kernel: [drm] JPEG decode is enabled in VM mode
Oct 17 13:07:54 lfs-eyohn kernel: amdgpu 0000:07:00.0: amdgpu: Trusted Memory Zone (TMZ) feature enabled
Oct 17 13:07:54 lfs-eyohn kernel: amdgpu 0000:07:00.0: amdgpu: PCIE atomic ops is not supported
Oct 17 13:07:54 lfs-eyohn kernel: amdgpu 0000:07:00.0: amdgpu: MODE2 reset
Oct 17 13:07:54 lfs-eyohn kernel: [drm] vm size is 262144 GB, 4 levels, block size is 9-bit, fragment size is 9-bit
Oct 17 13:07:54 lfs-eyohn kernel: amdgpu 0000:07:00.0: amdgpu: VRAM: 512M 0x000000F400000000 - 0x000000F41FFFFFFF (512M used)
Oct 17 13:07:54 lfs-eyohn kernel: amdgpu 0000:07:00.0: amdgpu: GART: 1024M 0x0000000000000000 - 0x000000003FFFFFFF
Oct 17 13:07:54 lfs-eyohn kernel: amdgpu 0000:07:00.0: amdgpu: AGP: 267419648M 0x000000F800000000 - 0x0000FFFFFFFFFFFF
Oct 17 13:07:54 lfs-eyohn kernel: [drm] Detected VRAM RAM=512M, BAR=512M
Oct 17 13:07:54 lfs-eyohn kernel: [drm] RAM width 128bits DDR4
Oct 17 13:07:54 lfs-eyohn kernel: [drm] amdgpu: 512M of VRAM memory ready
Oct 17 13:07:54 lfs-eyohn kernel: [drm] amdgpu: 15746M of GTT memory ready.
Oct 17 13:07:54 lfs-eyohn kernel: [drm] GART: num cpu pages 262144, num gpu pages 262144
Oct 17 13:07:54 lfs-eyohn kernel: [drm] PCIE GART of 1024M enabled.
Oct 17 13:07:54 lfs-eyohn kernel: [drm] PTB located at 0x000000F41FC00000
Oct 17 13:07:54 lfs-eyohn kernel: amdgpu 0000:07:00.0: amdgpu: PSP runtime database doesn't exist
Oct 17 13:07:54 lfs-eyohn kernel: amdgpu 0000:07:00.0: amdgpu: PSP runtime database doesn't exist
Oct 17 13:07:54 lfs-eyohn kernel: [drm] Loading DMUB firmware via PSP: version=0x01010019
Oct 17 13:07:54 lfs-eyohn kernel: input: HDA Digital PCBeep as /devices/pci0000:00/0000:00:08.1/0000:07:00.6/sound/card1/input18
Oct 17 13:07:54 lfs-eyohn kernel: input: HD-Audio Generic Front Mic as /devices/pci0000:00/0000:00:08.1/0000:07:00.6/sound/card1/input19
Oct 17 13:07:54 lfs-eyohn kernel: input: HD-Audio Generic Rear Mic as /devices/pci0000:00/0000:00:08.1/0000:07:00.6/sound/card1/input20
Oct 17 13:07:54 lfs-eyohn kernel: input: HD-Audio Generic Line as /devices/pci0000:00/0000:00:08.1/0000:07:00.6/sound/card1/input21
Oct 17 13:07:54 lfs-eyohn kernel: input: HD-Audio Generic Line Out as /devices/pci0000:00/0000:00:08.1/0000:07:00.6/sound/card1/input22
Oct 17 13:07:54 lfs-eyohn kernel: input: HD-Audio Generic Front Headphone as /devices/pci0000:00/0000:00:08.1/0000:07:00.6/sound/card1/input23
Oct 17 13:07:54 lfs-eyohn kernel: [drm] Found VCN firmware Version ENC: 1.16 DEC: 5 VEP: 0 Revision: 3
Oct 17 13:07:54 lfs-eyohn kernel: amdgpu 0000:07:00.0: amdgpu: Will use PSP to load VCN firmware
Oct 17 13:07:54 lfs-eyohn kernel: r8169 0000:04:00.0 eth0: Link is Down
Oct 17 13:07:53 lfs-eyohn systemd-udevd[210]: Using default interface naming scheme 'v251'.
Oct 17 13:07:53 lfs-eyohn systemd[1]: Finished Load/Save Random Seed.
Oct 17 13:07:53 lfs-eyohn systemd[1]: First Boot Complete was skipped because of a failed condition check (ConditionFirstBoot=yes).
Oct 17 13:07:53 lfs-eyohn systemd[1]: Commit a transient machine-id on disk was skipped because of a failed condition check (ConditionPathIsMountPoint=/etc/machine-id).
Oct 17 13:07:53 lfs-eyohn systemd[1]: Started Rule-based Manager for Device Events and Files.
Oct 17 13:07:53 lfs-eyohn systemd[1]: Starting Network Configuration...
Oct 17 13:07:53 lfs-eyohn systemd[1]: Listening on Load/Save RF Kill Switch Status /dev/rfkill Watch.
Oct 17 13:07:53 lfs-eyohn systemd-networkd[211]: lo: Link UP
Oct 17 13:07:53 lfs-eyohn systemd-networkd[211]: lo: Gained carrier
Oct 17 13:07:53 lfs-eyohn systemd-networkd[211]: Enumeration completed
Oct 17 13:07:53 lfs-eyohn systemd[1]: Started Network Configuration.
Oct 17 13:07:53 lfs-eyohn systemd-networkd[211]: eth0: Configuring with /etc/systemd/network/10-eth-dhcp.network.
Oct 17 13:07:53 lfs-eyohn systemd[1]: Reached target Sound Card.
Oct 17 13:07:53 lfs-eyohn systemd-networkd[211]: eth0: Link UP
Oct 17 13:07:54 lfs-eyohn systemd[1]: Finished Flush Journal to Persistent Storage.
Oct 17 13:07:54 lfs-eyohn systemd[1]: Starting Create Volatile Files and Directories...
Oct 17 13:07:54 lfs-eyohn kernel: [drm] reserve 0x400000 from 0xf41f400000 for PSP TMR
Oct 17 13:07:54 lfs-eyohn systemd-tmpfiles[291]: Detected unsafe path transition / (owned by 1001)  /var (owned by root) during canonicalization of /var.
Oct 17 13:07:54 lfs-eyohn systemd-tmpfiles[291]: Detected unsafe path transition / (owned by 1001)  /var (owned by root) during canonicalization of /var/lib.
Oct 17 13:07:54 lfs-eyohn systemd-tmpfiles[291]: Detected unsafe path transition / (owned by 1001)  /var (owned by root) during canonicalization of /var/lib/colord.
Oct 17 13:07:54 lfs-eyohn systemd-tmpfiles[291]: Detected unsafe path transition / (owned by 1001)  /var (owned by root) during canonicalization of /var/lib.
Oct 17 13:07:54 lfs-eyohn systemd-tmpfiles[291]: Detected unsafe path transition / (owned by 1001)  /run (owned by root) during canonicalization of /run/dbus.
Oct 17 13:07:54 lfs-eyohn systemd-tmpfiles[291]: Detected unsafe path transition / (owned by 1001)  /etc (owned by root) during canonicalization of /etc.
Oct 17 13:07:54 lfs-eyohn systemd-tmpfiles[291]: Detected unsafe path transition / (owned by 1001)  /etc (owned by root) during canonicalization of /etc.
Oct 17 13:07:54 lfs-eyohn systemd-tmpfiles[291]: Detected unsafe path transition / (owned by 1001)  /etc (owned by root) during canonicalization of /etc.
Oct 17 13:07:54 lfs-eyohn systemd-tmpfiles[291]: Detected unsafe path transition / (owned by 1001)  /etc (owned by root) during canonicalization of /etc.
Oct 17 13:07:54 lfs-eyohn systemd-tmpfiles[291]: Detected unsafe path transition / (owned by 1001)  /run (owned by root) during canonicalization of /run.
Oct 17 13:07:54 lfs-eyohn systemd-tmpfiles[291]: Detected unsafe path transition / (owned by 1001)  /var (owned by root) during canonicalization of /var.
Oct 17 13:07:54 lfs-eyohn systemd-tmpfiles[291]: Detected unsafe path transition / (owned by 1001)  /run (owned by root) during canonicalization of /run/lock.
Oct 17 13:07:54 lfs-eyohn systemd-tmpfiles[291]: Detected unsafe path transition / (owned by 1001)  /var (owned by root) during canonicalization of /var.
Oct 17 13:07:54 lfs-eyohn systemd-tmpfiles[291]: Detected unsafe path transition / (owned by 1001)  /var (owned by root) during canonicalization of /var/cache.
Oct 17 13:07:54 lfs-eyohn systemd-tmpfiles[291]: Detected unsafe path transition / (owned by 1001)  /run (owned by root) during canonicalization of /run.
Oct 17 13:07:54 lfs-eyohn systemd-tmpfiles[291]: Detected unsafe path transition / (owned by 1001)  /var (owned by root) during canonicalization of /var/lib.
Oct 17 13:07:54 lfs-eyohn systemd-tmpfiles[291]: Detected unsafe path transition / (owned by 1001)  /run (owned by root) during canonicalization of /run/systemd.
Oct 17 13:07:54 lfs-eyohn systemd-tmpfiles[291]: Detected unsafe path transition / (owned by 1001)  /run (owned by root) during canonicalization of /run/systemd/netif.
Oct 17 13:07:54 lfs-eyohn systemd-tmpfiles[291]: Detected unsafe path transition / (owned by 1001)  /run (owned by root) during canonicalization of /run/systemd/netif.
Oct 17 13:07:54 lfs-eyohn systemd-tmpfiles[291]: Detected unsafe path transition / (owned by 1001)  /run (owned by root) during canonicalization of /run/systemd/netif.
Oct 17 13:07:54 lfs-eyohn systemd-tmpfiles[291]: Detected unsafe path transition / (owned by 1001)  /run (owned by root) during canonicalization of /run.
Oct 17 13:07:54 lfs-eyohn systemd-tmpfiles[291]: Detected unsafe path transition / (owned by 1001)  /var (owned by root) during canonicalization of /var/lib.
Oct 17 13:07:54 lfs-eyohn systemd-tmpfiles[291]: Detected unsafe path transition / (owned by 1001)  /var (owned by root) during canonicalization of /var/lib.
Oct 17 13:07:54 lfs-eyohn systemd-tmpfiles[291]: Detected unsafe path transition / (owned by 1001)  /var (owned by root) during canonicalization of /var/lib/systemd.
Oct 17 13:07:54 lfs-eyohn systemd-tmpfiles[291]: Detected unsafe path transition / (owned by 1001)  /run (owned by root) during canonicalization of /run.
Oct 17 13:07:54 lfs-eyohn systemd-tmpfiles[291]: Detected unsafe path transition / (owned by 1001)  /run (owned by root) during canonicalization of /run.
Oct 17 13:07:54 lfs-eyohn systemd-tmpfiles[291]: Detected unsafe path transition / (owned by 1001)  /run (owned by root) during canonicalization of /run/systemd.
Oct 17 13:07:54 lfs-eyohn systemd-tmpfiles[291]: Detected unsafe path transition / (owned by 1001)  /run (owned by root) during canonicalization of /run/systemd.
Oct 17 13:07:54 lfs-eyohn systemd-tmpfiles[291]: Detected unsafe path transition / (owned by 1001)  /run (owned by root) during canonicalization of /run/systemd.
Oct 17 13:07:54 lfs-eyohn systemd-tmpfiles[291]: Detected unsafe path transition / (owned by 1001)  /run (owned by root) during canonicalization of /run/systemd.
Oct 17 13:07:54 lfs-eyohn systemd-tmpfiles[291]: Detected unsafe path transition / (owned by 1001)  /run (owned by root) during canonicalization of /run/systemd.
Oct 17 13:07:54 lfs-eyohn systemd-tmpfiles[291]: Detected unsafe path transition / (owned by 1001)  /run (owned by root) during canonicalization of /run/systemd.
Oct 17 13:07:54 lfs-eyohn systemd-tmpfiles[291]: Detected unsafe path transition / (owned by 1001)  /run (owned by root) during canonicalization of /run.
Oct 17 13:07:54 lfs-eyohn systemd-tmpfiles[291]: Detected unsafe path transition / (owned by 1001)  /var (owned by root) during canonicalization of /var/lib/systemd.
Oct 17 13:07:54 lfs-eyohn systemd-tmpfiles[291]: Detected unsafe path transition / (owned by 1001)  /var (owned by root) during canonicalization of /var/lib.
Oct 17 13:07:54 lfs-eyohn systemd-tmpfiles[291]: Detected unsafe path transition / (owned by 1001)  /var (owned by root) during canonicalization of /var/log.
Oct 17 13:07:54 lfs-eyohn systemd-tmpfiles[291]: Detected unsafe path transition / (owned by 1001)  /var (owned by root) during canonicalization of /var/cache.
Oct 17 13:07:54 lfs-eyohn systemd-tmpfiles[291]: Detected unsafe path transition / (owned by 1001)  /var (owned by root) during canonicalization of /var.
Oct 17 13:07:54 lfs-eyohn systemd-tmpfiles[291]: Detected unsafe path transition / (owned by 1001)  /var (owned by root) during canonicalization of /var/log.
Oct 17 13:07:54 lfs-eyohn systemd-tmpfiles[291]: Detected unsafe path transition / (owned by 1001)  /var (owned by root) during canonicalization of /var/log.
