[    0.000000] Linux version 6.1.0-rc1-thor_kernel-00011-gca7195e6e77b (root@lfs-eyohn) (gcc (GCC) 12.2.0, GNU ld (GNU Binutils) 2.39) #4 SMP PREEMPT_DYNAMIC Tue Oct 25 10:13:04 MSK 2022
[    0.000000] Command line: BOOT_IMAGE=/boot/vmlinuz-6.1.0-21.10.22 root=/dev/sdb ro
[    0.000000] x86/fpu: Supporting XSAVE feature 0x001: 'x87 floating point registers'
[    0.000000] x86/fpu: Supporting XSAVE feature 0x002: 'SSE registers'
[    0.000000] x86/fpu: Supporting XSAVE feature 0x004: 'AVX registers'
[    0.000000] x86/fpu: xstate_offset[2]:  576, xstate_sizes[2]:  256
[    0.000000] x86/fpu: Enabled xstate features 0x7, context size is 832 bytes, using 'compacted' format.
[    0.000000] signal: max sigframe size: 1776
[    0.000000] BIOS-provided physical RAM map:
[    0.000000] BIOS-e820: [mem 0x0000000000000000-0x000000000009ffff] usable
[    0.000000] BIOS-e820: [mem 0x00000000000a0000-0x00000000000fffff] reserved
[    0.000000] BIOS-e820: [mem 0x0000000000100000-0x0000000009bfefff] usable
[    0.000000] BIOS-e820: [mem 0x0000000009bff000-0x0000000009ffffff] reserved
[    0.000000] BIOS-e820: [mem 0x000000000a000000-0x000000000a1fffff] usable
[    0.000000] BIOS-e820: [mem 0x000000000a200000-0x000000000a20cfff] ACPI NVS
[    0.000000] BIOS-e820: [mem 0x000000000a20d000-0x000000000affffff] usable
[    0.000000] BIOS-e820: [mem 0x000000000b000000-0x000000000b01ffff] reserved
[    0.000000] BIOS-e820: [mem 0x000000000b020000-0x00000000cac7efff] usable
[    0.000000] BIOS-e820: [mem 0x00000000cac7f000-0x00000000cac7ffff] reserved
[    0.000000] BIOS-e820: [mem 0x00000000cac80000-0x00000000cacd8fff] usable
[    0.000000] BIOS-e820: [mem 0x00000000cacd9000-0x00000000cacd9fff] reserved
[    0.000000] BIOS-e820: [mem 0x00000000cacda000-0x00000000e96ebfff] usable
[    0.000000] BIOS-e820: [mem 0x00000000e96ec000-0x00000000eacdafff] reserved
[    0.000000] BIOS-e820: [mem 0x00000000eacdb000-0x00000000ead23fff] ACPI data
[    0.000000] BIOS-e820: [mem 0x00000000ead24000-0x00000000ec3dafff] ACPI NVS
[    0.000000] BIOS-e820: [mem 0x00000000ec3db000-0x00000000ed179fff] reserved
[    0.000000] BIOS-e820: [mem 0x00000000ed17a000-0x00000000ed1fefff] type 20
[    0.000000] BIOS-e820: [mem 0x00000000ed1ff000-0x00000000edffffff] usable
[    0.000000] BIOS-e820: [mem 0x00000000ee000000-0x00000000f7ffffff] reserved
[    0.000000] BIOS-e820: [mem 0x00000000fd200000-0x00000000fd2fffff] reserved
[    0.000000] BIOS-e820: [mem 0x00000000fd600000-0x00000000fd6fffff] reserved
[    0.000000] BIOS-e820: [mem 0x00000000fea00000-0x00000000fea0ffff] reserved
[    0.000000] BIOS-e820: [mem 0x00000000feb80000-0x00000000fec01fff] reserved
[    0.000000] BIOS-e820: [mem 0x00000000fec10000-0x00000000fec10fff] reserved
[    0.000000] BIOS-e820: [mem 0x00000000fec30000-0x00000000fec30fff] reserved
[    0.000000] BIOS-e820: [mem 0x00000000fed00000-0x00000000fed00fff] reserved
[    0.000000] BIOS-e820: [mem 0x00000000fed40000-0x00000000fed44fff] reserved
[    0.000000] BIOS-e820: [mem 0x00000000fed80000-0x00000000fed8ffff] reserved
[    0.000000] BIOS-e820: [mem 0x00000000fedc2000-0x00000000fedcffff] reserved
[    0.000000] BIOS-e820: [mem 0x00000000fedd4000-0x00000000fedd5fff] reserved
[    0.000000] BIOS-e820: [mem 0x00000000ff000000-0x00000000ffffffff] reserved
[    0.000000] BIOS-e820: [mem 0x0000000100000000-0x00000007ef33ffff] usable
[    0.000000] BIOS-e820: [mem 0x00000007ef340000-0x000000080fffffff] reserved
[    0.000000] NX (Execute Disable) protection: active
[    0.000000] efi: EFI v2.70 by American Megatrends
[    0.000000] efi: ACPI=0xec3c4000 ACPI 2.0=0xec3c4014 SMBIOS=0xed038000 SMBIOS 3.0=0xed037000 MEMATTR=0xe628b318 ESRT=0xe83ec498 
[    0.000000] SMBIOS 3.3.0 present.
[    0.000000] DMI: To Be Filled By O.E.M. To Be Filled By O.E.M./A520M Pro4, BIOS L1.32 11/06/2020
[    0.000000] tsc: Fast TSC calibration using PIT
[    0.000000] tsc: Detected 3692.847 MHz processor
[    0.000210] e820: update [mem 0x00000000-0x00000fff] usable ==> reserved
[    0.000212] e820: remove [mem 0x000a0000-0x000fffff] usable
[    0.000219] last_pfn = 0x7ef340 max_arch_pfn = 0x400000000
[    0.000323] x86/PAT: Configuration [0-7]: WB  WC  UC- UC  WB  WP  UC- WT  
[    0.000440] e820: update [mem 0xf0000000-0xffffffff] usable ==> reserved
[    0.000447] last_pfn = 0xee000 max_arch_pfn = 0x400000000
[    0.003640] esrt: Reserving ESRT space from 0x00000000e83ec498 to 0x00000000e83ec4d0.
[    0.003649] e820: update [mem 0xe83ec000-0xe83ecfff] usable ==> reserved
[    0.003686] Using GB pages for direct mapping
[    0.004434] Secure boot disabled
[    0.004437] ACPI: Early table checksum verification disabled
[    0.004439] ACPI: RSDP 0x00000000EC3C4014 000024 (v02 ALASKA)
[    0.004441] ACPI: XSDT 0x00000000EC3C3728 0000DC (v01 ALASKA A M I    01072009 AMI  01000013)
[    0.004445] ACPI: FACP 0x00000000EAD16000 000114 (v06 ALASKA A M I    01072009 AMI  00010013)
[    0.004448] ACPI: DSDT 0x00000000EACE5000 00619A (v02 ALASKA A M I    01072009 INTL 20120913)
[    0.004450] ACPI: FACS 0x00000000EB3BE000 000040
[    0.004451] ACPI: SSDT 0x00000000EAD1C000 007229 (v02 AMD    Artic    00000002 MSFT 04000000)
[    0.004453] ACPI: SSDT 0x00000000EAD18000 003A31 (v01 AMD    AMD AOD  00000001 INTL 20120913)
[    0.004455] ACPI: SSDT 0x00000000EAD17000 0001AD (v02 ALASKA CPUSSDT  01072009 AMI  01072009)
[    0.004457] ACPI: FIDT 0x00000000EAD0F000 00009C (v01 ALASKA A M I    01072009 AMI  00010013)
[    0.004458] ACPI: MCFG 0x00000000EAD0E000 00003C (v01 ALASKA A M I    01072009 MSFT 00010013)
[    0.004460] ACPI: AAFT 0x00000000EAD0D000 0000ED (v01 ALASKA OEMAAFT  01072009 MSFT 00000097)
[    0.004462] ACPI: HPET 0x00000000EAD0C000 000038 (v01 ALASKA A M I    01072009 AMI  00000005)
[    0.004464] ACPI: VFCT 0x00000000EACFE000 00D484 (v01 ALASKA A M I    00000001 AMD  31504F47)
[    0.004465] ACPI: BGRT 0x00000000EACFD000 000038 (v01 ALASKA A M I    01072009 AMI  00010013)
[    0.004467] ACPI: SSDT 0x00000000EACFB000 00153C (v02 AMD    AmdTable 00000001 AMD  00000001)
[    0.004469] ACPI: CRAT 0x00000000EACFA000 000BA8 (v01 AMD    AmdTable 00000001 AMD  00000001)
[    0.004470] ACPI: CDIT 0x00000000EACF9000 000029 (v01 AMD    AmdTable 00000001 AMD  00000001)
[    0.004472] ACPI: SSDT 0x00000000EACF8000 000D53 (v01 AMD    ArticIG2 00000001 INTL 20120913)
[    0.004474] ACPI: SSDT 0x00000000EACF6000 0010A5 (v01 AMD    ArticTPX 00000001 INTL 20120913)
[    0.004475] ACPI: SSDT 0x00000000EACF2000 00348C (v01 AMD    ArticN   00000001 INTL 20120913)
[    0.004477] ACPI: WSMT 0x00000000EACF1000 000028 (v01 ALASKA A M I    01072009 AMI  00010013)
[    0.004479] ACPI: APIC 0x00000000EACF0000 00015E (v03 ALASKA A M I    01072009 AMI  00010013)
[    0.004480] ACPI: SSDT 0x00000000EACEF000 000517 (v01 AMD    ArticPRN 00000001 INTL 20120913)
[    0.004482] ACPI: SSDT 0x00000000EACEE000 00007D (v01 AMD    ArticDIS 00000001 INTL 20120913)
[    0.004484] ACPI: SSDT 0x00000000EACEC000 0010AF (v01 AMD    ArticC   00000001 INTL 20120913)
[    0.004485] ACPI: SSDT 0x00000000EAD15000 0000BF (v01 AMD    AmdTable 00001000 INTL 20120913)
[    0.004487] ACPI: FPDT 0x00000000EAD14000 000044 (v01 ALASKA A M I    01072009 AMI  01000013)
[    0.004489] ACPI: Reserving FACP table memory at [mem 0xead16000-0xead16113]
[    0.004490] ACPI: Reserving DSDT table memory at [mem 0xeace5000-0xeaceb199]
[    0.004490] ACPI: Reserving FACS table memory at [mem 0xeb3be000-0xeb3be03f]
[    0.004491] ACPI: Reserving SSDT table memory at [mem 0xead1c000-0xead23228]
[    0.004491] ACPI: Reserving SSDT table memory at [mem 0xead18000-0xead1ba30]
[    0.004492] ACPI: Reserving SSDT table memory at [mem 0xead17000-0xead171ac]
[    0.004492] ACPI: Reserving FIDT table memory at [mem 0xead0f000-0xead0f09b]
[    0.004493] ACPI: Reserving MCFG table memory at [mem 0xead0e000-0xead0e03b]
[    0.004493] ACPI: Reserving AAFT table memory at [mem 0xead0d000-0xead0d0ec]
[    0.004494] ACPI: Reserving HPET table memory at [mem 0xead0c000-0xead0c037]
[    0.004495] ACPI: Reserving VFCT table memory at [mem 0xeacfe000-0xead0b483]
[    0.004495] ACPI: Reserving BGRT table memory at [mem 0xeacfd000-0xeacfd037]
[    0.004496] ACPI: Reserving SSDT table memory at [mem 0xeacfb000-0xeacfc53b]
[    0.004496] ACPI: Reserving CRAT table memory at [mem 0xeacfa000-0xeacfaba7]
[    0.004497] ACPI: Reserving CDIT table memory at [mem 0xeacf9000-0xeacf9028]
[    0.004497] ACPI: Reserving SSDT table memory at [mem 0xeacf8000-0xeacf8d52]
[    0.004498] ACPI: Reserving SSDT table memory at [mem 0xeacf6000-0xeacf70a4]
[    0.004498] ACPI: Reserving SSDT table memory at [mem 0xeacf2000-0xeacf548b]
[    0.004499] ACPI: Reserving WSMT table memory at [mem 0xeacf1000-0xeacf1027]
[    0.004500] ACPI: Reserving APIC table memory at [mem 0xeacf0000-0xeacf015d]
[    0.004500] ACPI: Reserving SSDT table memory at [mem 0xeacef000-0xeacef516]
[    0.004501] ACPI: Reserving SSDT table memory at [mem 0xeacee000-0xeacee07c]
[    0.004501] ACPI: Reserving SSDT table memory at [mem 0xeacec000-0xeaced0ae]
[    0.004502] ACPI: Reserving SSDT table memory at [mem 0xead15000-0xead150be]
[    0.004502] ACPI: Reserving FPDT table memory at [mem 0xead14000-0xead14043]
[    0.004551] No NUMA configuration found
[    0.004551] Faking a node at [mem 0x0000000000000000-0x00000007ef33ffff]
[    0.004554] NODE_DATA(0) allocated [mem 0x7ef33b000-0x7ef33ffff]
[    0.004586] Zone ranges:
[    0.004587]   DMA      [mem 0x0000000000001000-0x0000000000ffffff]
[    0.004588]   DMA32    [mem 0x0000000001000000-0x00000000ffffffff]
[    0.004589]   Normal   [mem 0x0000000100000000-0x00000007ef33ffff]
[    0.004590]   Device   empty
[    0.004590] Movable zone start for each node
[    0.004591] Early memory node ranges
[    0.004591]   node   0: [mem 0x0000000000001000-0x000000000009ffff]
[    0.004592]   node   0: [mem 0x0000000000100000-0x0000000009bfefff]
[    0.004593]   node   0: [mem 0x000000000a000000-0x000000000a1fffff]
[    0.004593]   node   0: [mem 0x000000000a20d000-0x000000000affffff]
[    0.004594]   node   0: [mem 0x000000000b020000-0x00000000cac7efff]
[    0.004594]   node   0: [mem 0x00000000cac80000-0x00000000cacd8fff]
[    0.004595]   node   0: [mem 0x00000000cacda000-0x00000000e96ebfff]
[    0.004596]   node   0: [mem 0x00000000ed1ff000-0x00000000edffffff]
[    0.004596]   node   0: [mem 0x0000000100000000-0x00000007ef33ffff]
[    0.004599] Initmem setup node 0 [mem 0x0000000000001000-0x00000007ef33ffff]
[    0.004602] On node 0, zone DMA: 1 pages in unavailable ranges
[    0.004618] On node 0, zone DMA: 96 pages in unavailable ranges
[    0.004769] On node 0, zone DMA32: 1025 pages in unavailable ranges
[    0.004783] On node 0, zone DMA32: 13 pages in unavailable ranges
[    0.009370] On node 0, zone DMA32: 32 pages in unavailable ranges
[    0.009374] On node 0, zone DMA32: 1 pages in unavailable ranges
[    0.010116] On node 0, zone DMA32: 1 pages in unavailable ranges
[    0.010269] On node 0, zone DMA32: 15123 pages in unavailable ranges
[    0.055169] On node 0, zone Normal: 8192 pages in unavailable ranges
[    0.055200] On node 0, zone Normal: 3264 pages in unavailable ranges
[    0.055542] ACPI: PM-Timer IO Port: 0x808
[    0.055546] ACPI: LAPIC_NMI (acpi_id[0xff] high edge lint[0x1])
[    0.055558] IOAPIC[0]: apic_id 13, version 33, address 0xfec00000, GSI 0-23
[    0.055562] IOAPIC[1]: apic_id 14, version 33, address 0xfec01000, GSI 24-55
[    0.055564] ACPI: INT_SRC_OVR (bus 0 bus_irq 0 global_irq 2 dfl dfl)
[    0.055565] ACPI: INT_SRC_OVR (bus 0 bus_irq 9 global_irq 9 low level)
[    0.055567] ACPI: Using ACPI (MADT) for SMP configuration information
[    0.055568] ACPI: HPET id: 0x10228201 base: 0xfed00000
[    0.055580] e820: update [mem 0xe5f81000-0xe5fc1fff] usable ==> reserved
[    0.055592] smpboot: Allowing 32 CPUs, 20 hotplug CPUs
[    0.055619] PM: hibernation: Registered nosave memory: [mem 0x00000000-0x00000fff]
[    0.055621] PM: hibernation: Registered nosave memory: [mem 0x000a0000-0x000fffff]
[    0.055622] PM: hibernation: Registered nosave memory: [mem 0x09bff000-0x09ffffff]
[    0.055623] PM: hibernation: Registered nosave memory: [mem 0x0a200000-0x0a20cfff]
[    0.055625] PM: hibernation: Registered nosave memory: [mem 0x0b000000-0x0b01ffff]
[    0.055626] PM: hibernation: Registered nosave memory: [mem 0xcac7f000-0xcac7ffff]
[    0.055628] PM: hibernation: Registered nosave memory: [mem 0xcacd9000-0xcacd9fff]
[    0.055629] PM: hibernation: Registered nosave memory: [mem 0xe5f81000-0xe5fc1fff]
[    0.055630] PM: hibernation: Registered nosave memory: [mem 0xe83ec000-0xe83ecfff]
[    0.055632] PM: hibernation: Registered nosave memory: [mem 0xe96ec000-0xeacdafff]
[    0.055632] PM: hibernation: Registered nosave memory: [mem 0xeacdb000-0xead23fff]
[    0.055632] PM: hibernation: Registered nosave memory: [mem 0xead24000-0xec3dafff]
[    0.055633] PM: hibernation: Registered nosave memory: [mem 0xec3db000-0xed179fff]
[    0.055633] PM: hibernation: Registered nosave memory: [mem 0xed17a000-0xed1fefff]
[    0.055635] PM: hibernation: Registered nosave memory: [mem 0xee000000-0xf7ffffff]
[    0.055635] PM: hibernation: Registered nosave memory: [mem 0xf8000000-0xfd1fffff]
[    0.055636] PM: hibernation: Registered nosave memory: [mem 0xfd200000-0xfd2fffff]
[    0.055636] PM: hibernation: Registered nosave memory: [mem 0xfd300000-0xfd5fffff]
[    0.055636] PM: hibernation: Registered nosave memory: [mem 0xfd600000-0xfd6fffff]
[    0.055637] PM: hibernation: Registered nosave memory: [mem 0xfd700000-0xfe9fffff]
[    0.055637] PM: hibernation: Registered nosave memory: [mem 0xfea00000-0xfea0ffff]
[    0.055638] PM: hibernation: Registered nosave memory: [mem 0xfea10000-0xfeb7ffff]
[    0.055638] PM: hibernation: Registered nosave memory: [mem 0xfeb80000-0xfec01fff]
[    0.055638] PM: hibernation: Registered nosave memory: [mem 0xfec02000-0xfec0ffff]
[    0.055639] PM: hibernation: Registered nosave memory: [mem 0xfec10000-0xfec10fff]
[    0.055639] PM: hibernation: Registered nosave memory: [mem 0xfec11000-0xfec2ffff]
[    0.055640] PM: hibernation: Registered nosave memory: [mem 0xfec30000-0xfec30fff]
[    0.055640] PM: hibernation: Registered nosave memory: [mem 0xfec31000-0xfecfffff]
[    0.055641] PM: hibernation: Registered nosave memory: [mem 0xfed00000-0xfed00fff]
[    0.055641] PM: hibernation: Registered nosave memory: [mem 0xfed01000-0xfed3ffff]
[    0.055641] PM: hibernation: Registered nosave memory: [mem 0xfed40000-0xfed44fff]
[    0.055642] PM: hibernation: Registered nosave memory: [mem 0xfed45000-0xfed7ffff]
[    0.055642] PM: hibernation: Registered nosave memory: [mem 0xfed80000-0xfed8ffff]
[    0.055643] PM: hibernation: Registered nosave memory: [mem 0xfed90000-0xfedc1fff]
[    0.055643] PM: hibernation: Registered nosave memory: [mem 0xfedc2000-0xfedcffff]
[    0.055643] PM: hibernation: Registered nosave memory: [mem 0xfedd0000-0xfedd3fff]
[    0.055644] PM: hibernation: Registered nosave memory: [mem 0xfedd4000-0xfedd5fff]
[    0.055644] PM: hibernation: Registered nosave memory: [mem 0xfedd6000-0xfeffffff]
[    0.055645] PM: hibernation: Registered nosave memory: [mem 0xff000000-0xffffffff]
[    0.055646] [mem 0xf8000000-0xfd1fffff] available for PCI devices
[    0.055647] Booting paravirtualized kernel on bare hardware
[    0.055649] clocksource: refined-jiffies: mask: 0xffffffff max_cycles: 0xffffffff, max_idle_ns: 1910969940391419 ns
[    0.059540] setup_percpu: NR_CPUS:64 nr_cpumask_bits:32 nr_cpu_ids:32 nr_node_ids:1
[    0.060759] percpu: Embedded 53 pages/cpu s176296 r8192 d32600 u262144
[    0.060769] pcpu-alloc: s176296 r8192 d32600 u262144 alloc=1*2097152
[    0.060771] pcpu-alloc: [0] 00 01 02 03 04 05 06 07 [0] 08 09 10 11 12 13 14 15 
[    0.060777] pcpu-alloc: [0] 16 17 18 19 20 21 22 23 [0] 24 25 26 27 28 29 30 31 
[    0.060807] Fallback order for Node 0: 0 
[    0.060814] Built 1 zonelists, mobility grouping on.  Total pages: 8101037
[    0.060814] Policy zone: Normal
[    0.060815] Kernel command line: BOOT_IMAGE=/boot/vmlinuz-6.1.0-21.10.22 root=/dev/sdb ro
[    0.060836] Unknown kernel command line parameters "BOOT_IMAGE=/boot/vmlinuz-6.1.0-21.10.22", will be passed to user space.
[    0.060869] random: crng init done
[    0.063631] Dentry cache hash table entries: 4194304 (order: 13, 33554432 bytes, linear)
[    0.065026] Inode-cache hash table entries: 2097152 (order: 12, 16777216 bytes, linear)
[    0.065107] mem auto-init: stack:all(zero), heap alloc:off, heap free:off
[    0.065111] software IO TLB: area num 32.
[    0.121432] Memory: 32167832K/32919152K available (16396K kernel code, 2683K rwdata, 4824K rodata, 1532K init, 896K bss, 751060K reserved, 0K cma-reserved)
[    0.121542] SLUB: HWalign=64, Order=0-3, MinObjects=0, CPUs=32, Nodes=1
[    0.122344] Dynamic Preempt: voluntary
[    0.122423] rcu: Preemptible hierarchical RCU implementation.
[    0.122424] rcu: 	RCU event tracing is enabled.
[    0.122424] rcu: 	RCU restricting CPUs from NR_CPUS=64 to nr_cpu_ids=32.
[    0.122425] 	Trampoline variant of Tasks RCU enabled.
[    0.122425] rcu: RCU calculated value of scheduler-enlistment delay is 100 jiffies.
[    0.122426] rcu: Adjusting geometry for rcu_fanout_leaf=16, nr_cpu_ids=32
[    0.123391] NR_IRQS: 4352, nr_irqs: 1224, preallocated irqs: 16
[    0.123588] rcu: srcu_init: Setting srcu_struct sizes based on contention.
[    0.123674] Console: colour dummy device 80x25
[    0.123947] printk: console [tty0] enabled
[    0.123986] ACPI: Core revision 20220331
[    0.124135] clocksource: hpet: mask: 0xffffffff max_cycles: 0xffffffff, max_idle_ns: 133484873504 ns
[    0.124153] APIC: Switch to symmetric I/O mode setup
[    0.124157] Switched APIC routing to physical flat.
[    0.124731] ..TIMER: vector=0x30 apic1=0 pin1=2 apic2=-1 pin2=-1
[    0.129160] clocksource: tsc-early: mask: 0xffffffffffffffff max_cycles: 0x6a75e049d18, max_idle_ns: 881590506393 ns
[    0.129166] Calibrating delay loop (skipped), value calculated using timer frequency.. 7385.69 BogoMIPS (lpj=3692847)
[    0.129170] pid_max: default: 32768 minimum: 301
[    0.131164] LSM: Security Framework initializing
[    0.131174] SELinux:  Initializing.
[    0.131243] Mount-cache hash table entries: 65536 (order: 7, 524288 bytes, linear)
[    0.131285] Mountpoint-cache hash table entries: 65536 (order: 7, 524288 bytes, linear)
[    0.131436] x86/cpu: User Mode Instruction Prevention (UMIP) activated
[    0.131463] LVT offset 1 assigned for vector 0xf9
[    0.131518] LVT offset 2 assigned for vector 0xf4
[    0.131534] process: using mwait in idle threads
[    0.131536] Last level iTLB entries: 4KB 1024, 2MB 1024, 4MB 512
[    0.131538] Last level dTLB entries: 4KB 2048, 2MB 2048, 4MB 1024, 1GB 0
[    0.131542] Spectre V1 : Mitigation: usercopy/swapgs barriers and __user pointer sanitization
[    0.131544] Spectre V2 : Mitigation: Retpolines
[    0.131546] Spectre V2 : Spectre v2 / SpectreRSB mitigation: Filling RSB on context switch
[    0.131548] Spectre V2 : Spectre v2 / SpectreRSB : Filling RSB on VMEXIT
[    0.131550] Spectre V2 : Enabling Speculation Barrier for firmware calls
[    0.131551] RETBleed: Mitigation: untrained return thunk
[    0.131553] Spectre V2 : mitigation: Enabling conditional Indirect Branch Prediction Barrier
[    0.131555] Spectre V2 : Selecting STIBP always-on mode to complement retbleed mitigation
[    0.131558] Spectre V2 : User space: Mitigation: STIBP always-on protection
[    0.131559] Speculative Store Bypass: Mitigation: Speculative Store Bypass disabled via prctl
[    0.137255] Freeing SMP alternatives memory: 44K
[    0.239466] smpboot: CPU0: AMD Ryzen 5 PRO 4650G with Radeon Graphics (family: 0x17, model: 0x60, stepping: 0x1)
[    0.239545] cblist_init_generic: Setting adjustable number of callback queues.
[    0.239550] cblist_init_generic: Setting shift to 5 and lim to 1.
[    0.239559] Performance Events: Fam17h+ core perfctr, AMD PMU driver.
[    0.239576] ... version:                0
[    0.239577] ... bit width:              48
[    0.239578] ... generic registers:      6
[    0.239580] ... value mask:             0000ffffffffffff
[    0.239582] ... max period:             00007fffffffffff
[    0.239583] ... fixed-purpose events:   0
[    0.239584] ... event mask:             000000000000003f
[    0.239663] rcu: Hierarchical SRCU implementation.
[    0.239665] rcu: 	Max phase no-delay instances is 400.
[    0.239952] smp: Bringing up secondary CPUs ...
[    0.240002] x86: Booting SMP configuration:
[    0.240003] .... node  #0, CPUs:        #1  #2  #3  #4  #5  #6
[    0.246208] Spectre V2 : Update user space SMT mitigation: STIBP always-on
[    0.246234]   #7
[    0.001547] __common_interrupt: 7.55 No irq handler for vector
[    0.248209]   #8  #9 #10 #11
[    0.252178] smp: Brought up 1 node, 12 CPUs
[    0.252182] smpboot: Max logical packages: 3
[    0.252184] smpboot: Total of 12 processors activated (88628.32 BogoMIPS)
[    0.254281] devtmpfs: initialized
[    0.254281] x86/mm: Memory block size: 128MB
[    0.255935] ACPI: PM: Registering ACPI NVS region [mem 0x0a200000-0x0a20cfff] (53248 bytes)
[    0.255935] ACPI: PM: Registering ACPI NVS region [mem 0xead24000-0xec3dafff] (23818240 bytes)
[    0.255935] clocksource: jiffies: mask: 0xffffffff max_cycles: 0xffffffff, max_idle_ns: 1911260446275000 ns
[    0.255935] futex hash table entries: 8192 (order: 7, 524288 bytes, linear)
[    0.256216] pinctrl core: initialized pinctrl subsystem
[    0.256267] PM: RTC time: 14:00:41, date: 2022-11-11
[    0.256335] NET: Registered PF_NETLINK/PF_ROUTE protocol family
[    0.256386] audit: initializing netlink subsys (disabled)
[    0.256399] audit: type=2000 audit(1668175241.132:1): state=initialized audit_enabled=0 res=1
[    0.256399] thermal_sys: Registered thermal governor 'step_wise'
[    0.256399] thermal_sys: Registered thermal governor 'user_space'
[    0.256399] cpuidle: using governor menu
[    0.256399] PCI: MMCONFIG for domain 0000 [bus 00-7f] at [mem 0xf0000000-0xf7ffffff] (base 0xf0000000)
[    0.256399] PCI: MMCONFIG at [mem 0xf0000000-0xf7ffffff] reserved in E820
[    0.256399] PCI: Using configuration type 1 for base access
[    0.258190] kprobes: kprobe jump-optimization is enabled. All kprobes are optimized if possible.
[    0.258201] HugeTLB: registered 1.00 GiB page size, pre-allocated 0 pages
[    0.258201] HugeTLB: 16380 KiB vmemmap can be freed for a 1.00 GiB page
[    0.258201] HugeTLB: registered 2.00 MiB page size, pre-allocated 0 pages
[    0.258201] HugeTLB: 28 KiB vmemmap can be freed for a 2.00 MiB page
[    0.258249] ACPI: Added _OSI(Module Device)
[    0.258249] ACPI: Added _OSI(Processor Device)
[    0.258249] ACPI: Added _OSI(3.0 _SCP Extensions)
[    0.258249] ACPI: Added _OSI(Processor Aggregator Device)
[    0.264160] ACPI: 12 ACPI AML tables successfully acquired and loaded
[    0.265174] ACPI: [Firmware Bug]: BIOS _OSI(Linux) query ignored
[    0.266715] ACPI: Interpreter enabled
[    0.266729] ACPI: PM: (supports S0 S3 S4 S5)
[    0.266730] ACPI: Using IOAPIC for interrupt routing
[    0.267416] PCI: Using host bridge windows from ACPI; if necessary, use "pci=nocrs" and report a bug
[    0.267419] PCI: Using E820 reservations for host bridge windows
[    0.267714] ACPI: Enabled 7 GPEs in block 00 to 1F
[    0.269579] ACPI: PM: Power Resource [P0NV]
[    0.273421] ACPI: PCI Root Bridge [PCI0] (domain 0000 [bus 00-ff])
[    0.273427] acpi PNP0A08:00: _OSC: OS supports [ExtendedConfig ASPM ClockPM Segments MSI HPX-Type3]
[    0.273474] acpi PNP0A08:00: _OSC: platform does not support [LTR]
[    0.273554] acpi PNP0A08:00: _OSC: OS now controls [PME PCIeCapability]
[    0.273561] acpi PNP0A08:00: [Firmware Info]: MMCONFIG for domain 0000 [bus 00-7f] only partially covers this bridge
[    0.273738] PCI host bridge to bus 0000:00
[    0.273740] pci_bus 0000:00: root bus resource [io  0x0000-0x03af window]
[    0.273742] pci_bus 0000:00: root bus resource [io  0x03e0-0x0cf7 window]
[    0.273745] pci_bus 0000:00: root bus resource [io  0x03b0-0x03df window]
[    0.273747] pci_bus 0000:00: root bus resource [io  0x0d00-0xffff window]
[    0.273749] pci_bus 0000:00: root bus resource [mem 0x000a0000-0x000dffff window]
[    0.273752] pci_bus 0000:00: root bus resource [mem 0xf0000000-0xfcffffff window]
[    0.273754] pci_bus 0000:00: root bus resource [mem 0x810000000-0x7fffffffff window]
[    0.273757] pci_bus 0000:00: root bus resource [bus 00-ff]
[    0.273770] pci 0000:00:00.0: [1022:1630] type 00 class 0x060000
[    0.273851] pci 0000:00:01.0: [1022:1632] type 00 class 0x060000
[    0.273903] pci 0000:00:02.0: [1022:1632] type 00 class 0x060000
[    0.273951] pci 0000:00:02.1: [1022:1634] type 01 class 0x060400
[    0.273973] pci 0000:00:02.1: enabling Extended Tags
[    0.274001] pci 0000:00:02.1: PME# supported from D0 D3hot D3cold
[    0.274085] pci 0000:00:02.2: [1022:1634] type 01 class 0x060400
[    0.274107] pci 0000:00:02.2: enabling Extended Tags
[    0.274134] pci 0000:00:02.2: PME# supported from D0 D3hot D3cold
[    0.274203] pci 0000:00:08.0: [1022:1632] type 00 class 0x060000
[    0.274249] pci 0000:00:08.1: [1022:1635] type 01 class 0x060400
[    0.274270] pci 0000:00:08.1: enabling Extended Tags
[    0.274299] pci 0000:00:08.1: PME# supported from D0 D3hot D3cold
[    0.274401] pci 0000:00:14.0: [1022:790b] type 00 class 0x0c0500
[    0.274507] pci 0000:00:14.3: [1022:790e] type 00 class 0x060100
[    0.274626] pci 0000:00:18.0: [1022:1448] type 00 class 0x060000
[    0.274652] pci 0000:00:18.1: [1022:1449] type 00 class 0x060000
[    0.274678] pci 0000:00:18.2: [1022:144a] type 00 class 0x060000
[    0.274704] pci 0000:00:18.3: [1022:144b] type 00 class 0x060000
[    0.274730] pci 0000:00:18.4: [1022:144c] type 00 class 0x060000
[    0.274756] pci 0000:00:18.5: [1022:144d] type 00 class 0x060000
[    0.274782] pci 0000:00:18.6: [1022:144e] type 00 class 0x060000
[    0.274807] pci 0000:00:18.7: [1022:144f] type 00 class 0x060000
[    0.274876] pci 0000:01:00.0: [1022:43ec] type 00 class 0x0c0330
[    0.274894] pci 0000:01:00.0: reg 0x10: [mem 0xfcea0000-0xfcea7fff 64bit]
[    0.274933] pci 0000:01:00.0: enabling Extended Tags
[    0.274986] pci 0000:01:00.0: PME# supported from D3hot D3cold
[    0.275086] pci 0000:01:00.1: [1022:43eb] type 00 class 0x010601
[    0.275131] pci 0000:01:00.1: reg 0x24: [mem 0xfce80000-0xfce9ffff]
[    0.275140] pci 0000:01:00.1: reg 0x30: [mem 0xfce00000-0xfce7ffff pref]
[    0.275147] pci 0000:01:00.1: enabling Extended Tags
[    0.275188] pci 0000:01:00.1: PME# supported from D3hot D3cold
[    0.275248] pci 0000:01:00.2: [1022:43e9] type 01 class 0x060400
[    0.275290] pci 0000:01:00.2: enabling Extended Tags
[    0.275334] pci 0000:01:00.2: PME# supported from D3hot D3cold
[    0.275418] pci 0000:00:02.1: PCI bridge to [bus 01-05]
[    0.275422] pci 0000:00:02.1:   bridge window [io  0xf000-0xffff]
[    0.275425] pci 0000:00:02.1:   bridge window [mem 0xfcc00000-0xfcefffff]
[    0.275470] pci 0000:02:00.0: [1022:43ea] type 01 class 0x060400
[    0.275515] pci 0000:02:00.0: enabling Extended Tags
[    0.275567] pci 0000:02:00.0: PME# supported from D3hot D3cold
[    0.275649] pci 0000:02:02.0: [1022:43ea] type 01 class 0x060400
[    0.275695] pci 0000:02:02.0: enabling Extended Tags
[    0.275747] pci 0000:02:02.0: PME# supported from D3hot D3cold
[    0.275821] pci 0000:02:03.0: [1022:43ea] type 01 class 0x060400
[    0.275867] pci 0000:02:03.0: enabling Extended Tags
[    0.275918] pci 0000:02:03.0: PME# supported from D3hot D3cold
[    0.276007] pci 0000:01:00.2: PCI bridge to [bus 02-05]
[    0.276013] pci 0000:01:00.2:   bridge window [io  0xf000-0xffff]
[    0.276017] pci 0000:01:00.2:   bridge window [mem 0xfcc00000-0xfcdfffff]
[    0.276050] pci 0000:02:00.0: PCI bridge to [bus 03]
[    0.276116] pci 0000:04:00.0: [10ec:8168] type 00 class 0x020000
[    0.276146] pci 0000:04:00.0: reg 0x10: [io  0xf000-0xf0ff]
[    0.276186] pci 0000:04:00.0: reg 0x18: [mem 0xfcd04000-0xfcd04fff 64bit]
[    0.276210] pci 0000:04:00.0: reg 0x20: [mem 0xfcd00000-0xfcd03fff 64bit]
[    0.276366] pci 0000:04:00.0: supports D1 D2
[    0.276368] pci 0000:04:00.0: PME# supported from D0 D1 D2 D3hot D3cold
[    0.276547] pci 0000:02:02.0: PCI bridge to [bus 04]
[    0.276553] pci 0000:02:02.0:   bridge window [io  0xf000-0xffff]
[    0.276557] pci 0000:02:02.0:   bridge window [mem 0xfcd00000-0xfcdfffff]
[    0.276639] pci 0000:05:00.0: [8086:24fd] type 00 class 0x028000
[    0.276685] pci 0000:05:00.0: reg 0x10: [mem 0xfcc00000-0xfcc01fff 64bit]
[    0.276924] pci 0000:05:00.0: PME# supported from D0 D3hot D3cold
[    0.277135] pci 0000:02:03.0: PCI bridge to [bus 05]
[    0.277143] pci 0000:02:03.0:   bridge window [mem 0xfcc00000-0xfccfffff]
[    0.277215] pci 0000:06:00.0: [1cc1:8201] type 00 class 0x010802
[    0.277240] pci 0000:06:00.0: reg 0x10: [mem 0xfcf00000-0xfcf03fff 64bit]
[    0.277456] pci 0000:00:02.2: PCI bridge to [bus 06]
[    0.277461] pci 0000:00:02.2:   bridge window [mem 0xfcf00000-0xfcffffff]
[    0.277490] pci 0000:07:00.0: [1002:1636] type 00 class 0x030000
[    0.277502] pci 0000:07:00.0: reg 0x10: [mem 0x7fe0000000-0x7fefffffff 64bit pref]
[    0.277510] pci 0000:07:00.0: reg 0x18: [mem 0x7ff0000000-0x7ff01fffff 64bit pref]
[    0.277517] pci 0000:07:00.0: reg 0x20: [io  0xe000-0xe0ff]
[    0.277522] pci 0000:07:00.0: reg 0x24: [mem 0xfcb00000-0xfcb7ffff]
[    0.277531] pci 0000:07:00.0: enabling Extended Tags
[    0.277578] pci 0000:07:00.0: PME# supported from D1 D2 D3hot D3cold
[    0.277597] pci 0000:07:00.0: 126.016 Gb/s available PCIe bandwidth, limited by 8.0 GT/s PCIe x16 link at 0000:00:08.1 (capable of 252.048 Gb/s with 16.0 GT/s PCIe x16 link)
[    0.277662] pci 0000:07:00.1: [1002:1637] type 00 class 0x040300
[    0.277670] pci 0000:07:00.1: reg 0x10: [mem 0xfcb88000-0xfcb8bfff]
[    0.277691] pci 0000:07:00.1: enabling Extended Tags
[    0.277718] pci 0000:07:00.1: PME# supported from D1 D2 D3hot D3cold
[    0.277767] pci 0000:07:00.2: [1022:15df] type 00 class 0x108000
[    0.277781] pci 0000:07:00.2: reg 0x18: [mem 0xfca00000-0xfcafffff]
[    0.277791] pci 0000:07:00.2: reg 0x24: [mem 0xfcb8c000-0xfcb8dfff]
[    0.277798] pci 0000:07:00.2: enabling Extended Tags
[    0.277871] pci 0000:07:00.3: [1022:1639] type 00 class 0x0c0330
[    0.277882] pci 0000:07:00.3: reg 0x10: [mem 0xfc900000-0xfc9fffff 64bit]
[    0.277906] pci 0000:07:00.3: enabling Extended Tags
[    0.277935] pci 0000:07:00.3: PME# supported from D0 D3hot D3cold
[    0.277988] pci 0000:07:00.4: [1022:1639] type 00 class 0x0c0330
[    0.278000] pci 0000:07:00.4: reg 0x10: [mem 0xfc800000-0xfc8fffff 64bit]
[    0.278024] pci 0000:07:00.4: enabling Extended Tags
[    0.278054] pci 0000:07:00.4: PME# supported from D0 D3hot D3cold
[    0.278107] pci 0000:07:00.6: [1022:15e3] type 00 class 0x040300
[    0.278116] pci 0000:07:00.6: reg 0x10: [mem 0xfcb80000-0xfcb87fff]
[    0.278136] pci 0000:07:00.6: enabling Extended Tags
[    0.278165] pci 0000:07:00.6: PME# supported from D0 D3hot D3cold
[    0.278228] pci 0000:00:08.1: PCI bridge to [bus 07]
[    0.278232] pci 0000:00:08.1:   bridge window [io  0xe000-0xefff]
[    0.278235] pci 0000:00:08.1:   bridge window [mem 0xfc800000-0xfcbfffff]
[    0.278239] pci 0000:00:08.1:   bridge window [mem 0x7fe0000000-0x7ff01fffff 64bit pref]
[    0.278551] ACPI: PCI: Interrupt link LNKA configured for IRQ 0
[    0.278584] ACPI: PCI: Interrupt link LNKB configured for IRQ 0
[    0.278612] ACPI: PCI: Interrupt link LNKC configured for IRQ 0
[    0.278646] ACPI: PCI: Interrupt link LNKD configured for IRQ 0
[    0.278678] ACPI: PCI: Interrupt link LNKE configured for IRQ 0
[    0.278704] ACPI: PCI: Interrupt link LNKF configured for IRQ 0
[    0.278730] ACPI: PCI: Interrupt link LNKG configured for IRQ 0
[    0.278756] ACPI: PCI: Interrupt link LNKH configured for IRQ 0
[    0.279143] iommu: Default domain type: Translated 
[    0.279145] iommu: DMA domain TLB invalidation policy: lazy mode 
[    0.279190] SCSI subsystem initialized
[    0.279200] libata version 3.00 loaded.
[    0.279200] ACPI: bus type USB registered
[    0.279200] usbcore: registered new interface driver usbfs
[    0.279200] usbcore: registered new interface driver hub
[    0.279211] usbcore: registered new device driver usb
[    0.279220] pps_core: LinuxPPS API ver. 1 registered
[    0.279221] pps_core: Software ver. 5.3.6 - Copyright 2005-2007 Rodolfo Giometti <giometti@linux.it>
[    0.279225] PTP clock support registered
[    0.279240] Registered efivars operations
[    0.279314] NetLabel: Initializing
[    0.279316] NetLabel:  domain hash size = 128
[    0.279317] NetLabel:  protocols = UNLABELED CIPSOv4 CALIPSO
[    0.279328] NetLabel:  unlabeled traffic allowed by default
[    0.279337] PCI: Using ACPI for IRQ routing
[    0.283557] PCI: pci_cache_line_size set to 64 bytes
[    0.283667] Expanded resource Reserved due to conflict with PCI Bus 0000:00
[    0.283671] e820: reserve RAM buffer [mem 0x09bff000-0x0bffffff]
[    0.283672] e820: reserve RAM buffer [mem 0x0a200000-0x0bffffff]
[    0.283673] e820: reserve RAM buffer [mem 0x0b000000-0x0bffffff]
[    0.283673] e820: reserve RAM buffer [mem 0xcac7f000-0xcbffffff]
[    0.283674] e820: reserve RAM buffer [mem 0xcacd9000-0xcbffffff]
[    0.283675] e820: reserve RAM buffer [mem 0xe5f81000-0xe7ffffff]
[    0.283676] e820: reserve RAM buffer [mem 0xe83ec000-0xebffffff]
[    0.283677] e820: reserve RAM buffer [mem 0xe96ec000-0xebffffff]
[    0.283677] e820: reserve RAM buffer [mem 0xee000000-0xefffffff]
[    0.283678] e820: reserve RAM buffer [mem 0x7ef340000-0x7efffffff]
[    0.283686] pci 0000:07:00.0: vgaarb: setting as boot VGA device
[    0.283686] pci 0000:07:00.0: vgaarb: bridge control possible
[    0.283686] pci 0000:07:00.0: vgaarb: VGA device added: decodes=io+mem,owns=none,locks=none
[    0.283686] vgaarb: loaded
[    0.283686] hpet0: at MMIO 0xfed00000, IRQs 2, 8, 0
[    0.283686] hpet0: 3 comparators, 32-bit 14.318180 MHz counter
[    0.347110] clocksource: Switched to clocksource tsc-early
[    0.347116] VFS: Disk quotas dquot_6.6.0
[    0.347116] VFS: Dquot-cache hash table entries: 512 (order 0, 4096 bytes)
[    0.347116] pnp: PnP ACPI init
[    0.347116] system 00:00: [mem 0xf0000000-0xf7ffffff] has been reserved
[    0.347116] system 00:01: [mem 0xfeb80000-0xfebfffff] has been reserved
[    0.347116] system 00:02: [mem 0x7f0000000-0x80fffffff window] has been reserved
[    0.347116] system 00:04: [io  0x0280-0x028f] has been reserved
[    0.347116] system 00:04: [io  0x0290-0x029f] has been reserved
[    0.347116] system 00:04: [io  0x02a0-0x02af] has been reserved
[    0.347116] system 00:04: [io  0x02b0-0x02bf] has been reserved
[    0.347116] pnp 00:05: [dma 0 disabled]
[    0.347116] system 00:06: [io  0x04d0-0x04d1] has been reserved
[    0.347116] system 00:06: [io  0x040b] has been reserved
[    0.347116] system 00:06: [io  0x04d6] has been reserved
[    0.347116] system 00:06: [io  0x0c00-0x0c01] has been reserved
[    0.347116] system 00:06: [io  0x0c14] has been reserved
[    0.347116] system 00:06: [io  0x0c50-0x0c51] has been reserved
[    0.347116] system 00:06: [io  0x0c52] has been reserved
[    0.347116] system 00:06: [io  0x0c6c] has been reserved
[    0.347116] system 00:06: [io  0x0c6f] has been reserved
[    0.347116] system 00:06: [io  0x0cd0-0x0cd1] has been reserved
[    0.347116] system 00:06: [io  0x0cd2-0x0cd3] has been reserved
[    0.347116] system 00:06: [io  0x0cd4-0x0cd5] has been reserved
[    0.347116] system 00:06: [io  0x0cd6-0x0cd7] has been reserved
[    0.347116] system 00:06: [io  0x0cd8-0x0cdf] has been reserved
[    0.347116] system 00:06: [io  0x0800-0x089f] has been reserved
[    0.347116] system 00:06: [io  0x0b00-0x0b0f] has been reserved
[    0.347116] system 00:06: [io  0x0b20-0x0b3f] has been reserved
[    0.347116] system 00:06: [io  0x0900-0x090f] has been reserved
[    0.347116] system 00:06: [io  0x0910-0x091f] has been reserved
[    0.347116] system 00:06: [mem 0xfec00000-0xfec00fff] could not be reserved
[    0.347116] system 00:06: [mem 0xfec01000-0xfec01fff] could not be reserved
[    0.347116] system 00:06: [mem 0xfedc0000-0xfedc0fff] has been reserved
[    0.347116] system 00:06: [mem 0xfee00000-0xfee00fff] has been reserved
[    0.347116] system 00:06: [mem 0xfed80000-0xfed8ffff] could not be reserved
[    0.347116] system 00:06: [mem 0xfec10000-0xfec10fff] has been reserved
[    0.347116] system 00:06: [mem 0xff000000-0xffffffff] has been reserved
[    0.347216] pnp: PnP ACPI: found 7 devices
[    0.352621] clocksource: acpi_pm: mask: 0xffffff max_cycles: 0xffffff, max_idle_ns: 2085701024 ns
[    0.352658] NET: Registered PF_INET protocol family
[    0.352831] IP idents hash table entries: 262144 (order: 9, 2097152 bytes, linear)
[    0.354981] tcp_listen_portaddr_hash hash table entries: 16384 (order: 6, 262144 bytes, linear)
[    0.355003] Table-perturb hash table entries: 65536 (order: 6, 262144 bytes, linear)
[    0.355009] TCP established hash table entries: 262144 (order: 9, 2097152 bytes, linear)
[    0.355225] TCP bind hash table entries: 65536 (order: 9, 2097152 bytes, linear)
[    0.355374] TCP: Hash tables configured (established 262144 bind 65536)
[    0.355446] UDP hash table entries: 16384 (order: 7, 524288 bytes, linear)
[    0.355503] UDP-Lite hash table entries: 16384 (order: 7, 524288 bytes, linear)
[    0.355603] NET: Registered PF_UNIX/PF_LOCAL protocol family
[    0.355663] RPC: Registered named UNIX socket transport module.
[    0.355666] RPC: Registered udp transport module.
[    0.355667] RPC: Registered tcp transport module.
[    0.355669] RPC: Registered tcp NFSv4.1 backchannel transport module.
[    0.355828] pci 0000:02:00.0: PCI bridge to [bus 03]
[    0.355846] pci 0000:02:02.0: PCI bridge to [bus 04]
[    0.355849] pci 0000:02:02.0:   bridge window [io  0xf000-0xffff]
[    0.355854] pci 0000:02:02.0:   bridge window [mem 0xfcd00000-0xfcdfffff]
[    0.355862] pci 0000:02:03.0: PCI bridge to [bus 05]
[    0.355867] pci 0000:02:03.0:   bridge window [mem 0xfcc00000-0xfccfffff]
[    0.355875] pci 0000:01:00.2: PCI bridge to [bus 02-05]
[    0.355877] pci 0000:01:00.2:   bridge window [io  0xf000-0xffff]
[    0.355882] pci 0000:01:00.2:   bridge window [mem 0xfcc00000-0xfcdfffff]
[    0.355889] pci 0000:00:02.1: PCI bridge to [bus 01-05]
[    0.355892] pci 0000:00:02.1:   bridge window [io  0xf000-0xffff]
[    0.355895] pci 0000:00:02.1:   bridge window [mem 0xfcc00000-0xfcefffff]
[    0.355900] pci 0000:00:02.2: PCI bridge to [bus 06]
[    0.355903] pci 0000:00:02.2:   bridge window [mem 0xfcf00000-0xfcffffff]
[    0.355908] pci 0000:00:08.1: PCI bridge to [bus 07]
[    0.355910] pci 0000:00:08.1:   bridge window [io  0xe000-0xefff]
[    0.355914] pci 0000:00:08.1:   bridge window [mem 0xfc800000-0xfcbfffff]
[    0.355916] pci 0000:00:08.1:   bridge window [mem 0x7fe0000000-0x7ff01fffff 64bit pref]
[    0.355922] pci_bus 0000:00: resource 4 [io  0x0000-0x03af window]
[    0.355924] pci_bus 0000:00: resource 5 [io  0x03e0-0x0cf7 window]
[    0.355926] pci_bus 0000:00: resource 6 [io  0x03b0-0x03df window]
[    0.355928] pci_bus 0000:00: resource 7 [io  0x0d00-0xffff window]
[    0.355930] pci_bus 0000:00: resource 8 [mem 0x000a0000-0x000dffff window]
[    0.355932] pci_bus 0000:00: resource 9 [mem 0xf0000000-0xfcffffff window]
[    0.355935] pci_bus 0000:00: resource 10 [mem 0x810000000-0x7fffffffff window]
[    0.355937] pci_bus 0000:01: resource 0 [io  0xf000-0xffff]
[    0.355939] pci_bus 0000:01: resource 1 [mem 0xfcc00000-0xfcefffff]
[    0.355941] pci_bus 0000:02: resource 0 [io  0xf000-0xffff]
[    0.355943] pci_bus 0000:02: resource 1 [mem 0xfcc00000-0xfcdfffff]
[    0.355945] pci_bus 0000:04: resource 0 [io  0xf000-0xffff]
[    0.355947] pci_bus 0000:04: resource 1 [mem 0xfcd00000-0xfcdfffff]
[    0.355949] pci_bus 0000:05: resource 1 [mem 0xfcc00000-0xfccfffff]
[    0.355951] pci_bus 0000:06: resource 1 [mem 0xfcf00000-0xfcffffff]
[    0.355954] pci_bus 0000:07: resource 0 [io  0xe000-0xefff]
[    0.355956] pci_bus 0000:07: resource 1 [mem 0xfc800000-0xfcbfffff]
[    0.355958] pci_bus 0000:07: resource 2 [mem 0x7fe0000000-0x7ff01fffff 64bit pref]
[    0.356162] pci 0000:07:00.1: D0 power state depends on 0000:07:00.0
[    0.356168] pci 0000:07:00.3: extending delay after power-on from D3hot to 20 msec
[    0.356257] pci 0000:07:00.4: extending delay after power-on from D3hot to 20 msec
[    0.356300] PCI: CLS 64 bytes, default 64
[    0.356306] PCI-DMA: Using software bounce buffering for IO (SWIOTLB)
[    0.356308] software IO TLB: mapped [mem 0x00000000e195a000-0x00000000e595a000] (64MB)
[    0.356383] RAPL PMU: API unit is 2^-32 Joules, 1 fixed counters, 163840 ms ovfl timer
[    0.356386] RAPL PMU: hw unit of domain package 2^-16 Joules
[    0.356389] LVT offset 0 assigned for vector 0x400
[    0.356449] perf: AMD IBS detected (0x000003ff)
[    0.356460] amd_uncore: 4  amd_df counters detected
[    0.356471] amd_uncore: 6  amd_l3 counters detected
[    0.357562] Initialise system trusted keyrings
[    0.357587] workingset: timestamp_bits=56 max_order=23 bucket_order=0
[    0.358563] NFS: Registering the id_resolver key type
[    0.358567] Key type id_resolver registered
[    0.358569] Key type id_legacy registered
[    0.358586] 9p: Installing v9fs 9p2000 file system support
[    0.361006] Key type asymmetric registered
[    0.361008] Asymmetric key parser 'x509' registered
[    0.361016] Block layer SCSI generic (bsg) driver version 0.4 loaded (major 251)
[    0.361023] io scheduler mq-deadline registered
[    0.361025] io scheduler kyber registered
[    0.361120] pcieport 0000:00:02.1: PME: Signaling with IRQ 25
[    0.361189] pcieport 0000:00:02.2: PME: Signaling with IRQ 26
[    0.361264] pcieport 0000:00:08.1: PME: Signaling with IRQ 27
[    0.361718] input: Power Button as /devices/LNXSYSTM:00/LNXSYBUS:00/PNP0C0C:00/input/input0
[    0.361734] ACPI: button: Power Button [PWRB]
[    0.361756] input: Power Button as /devices/LNXSYSTM:00/LNXPWRBN:00/input/input1
[    0.361780] ACPI: button: Power Button [PWRF]
[    0.361820] ACPI: video: Video Device [VGA] (multi-head: yes  rom: no  post: no)
[    0.361853] input: Video Bus as /devices/LNXSYSTM:00/LNXSYBUS:00/PNP0A08:00/device:09/LNXVIDEO:00/input/input2
[    0.362211] Serial: 8250/16550 driver, 4 ports, IRQ sharing enabled
[    0.362277] 00:05: ttyS0 at I/O 0x3f8 (irq = 4, base_baud = 115200) is a 16550A
[    0.362522] kworker/u64:1 (93) used greatest stack depth: 14736 bytes left
[    0.362530] lp: driver loaded but no devices found
[    0.362593] Non-volatile memory driver v1.3
[    0.362595] Linux agpgart interface v0.103
[    0.362806] AMD-Vi: AMD IOMMUv2 functionality not available on this system - This is not a bug.
[    0.362821] ACPI: bus type drm_connector registered
[    0.365346] loop: module loaded
[    0.365405] ahci 0000:01:00.1: version 3.0
[    0.365508] ahci 0000:01:00.1: SSS flag set, parallel bus scan disabled
[    0.365544] ahci 0000:01:00.1: AHCI 0001.0301 32 slots 6 ports 6 Gbps 0x33 impl SATA mode
[    0.365550] ahci 0000:01:00.1: flags: 64bit ncq sntf stag pm led clo only pmp pio slum part sxs deso sadm sds apst 
[    0.365826] scsi host0: ahci
[    0.365895] scsi host1: ahci
[    0.365943] scsi host2: ahci
[    0.365994] scsi host3: ahci
[    0.366041] scsi host4: ahci
[    0.366090] scsi host5: ahci
[    0.366117] ata1: SATA max UDMA/133 abar m131072@0xfce80000 port 0xfce80100 irq 35
[    0.366120] ata2: SATA max UDMA/133 abar m131072@0xfce80000 port 0xfce80180 irq 35
[    0.366123] ata3: DUMMY
[    0.366124] ata4: DUMMY
[    0.366126] ata5: SATA max UDMA/133 abar m131072@0xfce80000 port 0xfce80300 irq 35
[    0.366129] ata6: SATA max UDMA/133 abar m131072@0xfce80000 port 0xfce80380 irq 35
[    0.366276] e100: Intel(R) PRO/100 Network Driver
[    0.366277] e100: Copyright(c) 1999-2006 Intel Corporation
[    0.366285] e1000: Intel(R) PRO/1000 Network Driver
[    0.366287] e1000: Copyright (c) 1999-2006 Intel Corporation.
[    0.366296] e1000e: Intel(R) PRO/1000 Network Driver
[    0.366298] e1000e: Copyright(c) 1999 - 2015 Intel Corporation.
[    0.366309] sky2: driver version 1.30
[    0.372190] r8169 0000:04:00.0 eth0: RTL8168h/8111h, a8:a1:59:50:97:36, XID 541, IRQ 36
[    0.372196] r8169 0000:04:00.0 eth0: jumbo features [frames: 9194 bytes, tx checksumming: ko]
[    0.372332] xhci_hcd 0000:01:00.0: xHCI Host Controller
[    0.372357] xhci_hcd 0000:01:00.0: new USB bus registered, assigned bus number 1
[    0.427250] xhci_hcd 0000:01:00.0: hcc params 0x0200ef81 hci version 0x110 quirks 0x0000000000000410
[    0.427462] xhci_hcd 0000:01:00.0: xHCI Host Controller
[    0.427478] xhci_hcd 0000:01:00.0: new USB bus registered, assigned bus number 2
[    0.427482] xhci_hcd 0000:01:00.0: Host supports USB 3.1 Enhanced SuperSpeed
[    0.427526] usb usb1: New USB device found, idVendor=1d6b, idProduct=0002, bcdDevice= 6.01
[    0.427529] usb usb1: New USB device strings: Mfr=3, Product=2, SerialNumber=1
[    0.427532] usb usb1: Product: xHCI Host Controller
[    0.427534] usb usb1: Manufacturer: Linux 6.1.0-rc1-thor_kernel-00011-gca7195e6e77b xhci-hcd
[    0.427536] usb usb1: SerialNumber: 0000:01:00.0
[    0.427610] hub 1-0:1.0: USB hub found
[    0.427623] hub 1-0:1.0: 9 ports detected
[    0.427851] usb usb2: We don't know the algorithms for LPM for this host, disabling LPM.
[    0.427864] usb usb2: New USB device found, idVendor=1d6b, idProduct=0003, bcdDevice= 6.01
[    0.427867] usb usb2: New USB device strings: Mfr=3, Product=2, SerialNumber=1
[    0.427870] usb usb2: Product: xHCI Host Controller
[    0.427872] usb usb2: Manufacturer: Linux 6.1.0-rc1-thor_kernel-00011-gca7195e6e77b xhci-hcd
[    0.427874] usb usb2: SerialNumber: 0000:01:00.0
[    0.427921] hub 2-0:1.0: USB hub found
[    0.427927] hub 2-0:1.0: 3 ports detected
[    0.428038] xhci_hcd 0000:07:00.3: xHCI Host Controller
[    0.428059] xhci_hcd 0000:07:00.3: new USB bus registered, assigned bus number 3
[    0.428137] xhci_hcd 0000:07:00.3: hcc params 0x0268ffe5 hci version 0x110 quirks 0x0000020000000410
[    0.428299] xhci_hcd 0000:07:00.3: xHCI Host Controller
[    0.428317] xhci_hcd 0000:07:00.3: new USB bus registered, assigned bus number 4
[    0.428321] xhci_hcd 0000:07:00.3: Host supports USB 3.1 Enhanced SuperSpeed
[    0.428340] usb usb3: New USB device found, idVendor=1d6b, idProduct=0002, bcdDevice= 6.01
[    0.428343] usb usb3: New USB device strings: Mfr=3, Product=2, SerialNumber=1
[    0.428345] usb usb3: Product: xHCI Host Controller
[    0.428347] usb usb3: Manufacturer: Linux 6.1.0-rc1-thor_kernel-00011-gca7195e6e77b xhci-hcd
[    0.428350] usb usb3: SerialNumber: 0000:07:00.3
[    0.428401] hub 3-0:1.0: USB hub found
[    0.428407] hub 3-0:1.0: 4 ports detected
[    0.428497] usb usb4: We don't know the algorithms for LPM for this host, disabling LPM.
[    0.428511] usb usb4: New USB device found, idVendor=1d6b, idProduct=0003, bcdDevice= 6.01
[    0.428514] usb usb4: New USB device strings: Mfr=3, Product=2, SerialNumber=1
[    0.428517] usb usb4: Product: xHCI Host Controller
[    0.428519] usb usb4: Manufacturer: Linux 6.1.0-rc1-thor_kernel-00011-gca7195e6e77b xhci-hcd
[    0.428521] usb usb4: SerialNumber: 0000:07:00.3
[    0.428566] hub 4-0:1.0: USB hub found
[    0.428570] hub 4-0:1.0: 2 ports detected
[    0.428655] xhci_hcd 0000:07:00.4: xHCI Host Controller
[    0.428673] xhci_hcd 0000:07:00.4: new USB bus registered, assigned bus number 5
[    0.428750] xhci_hcd 0000:07:00.4: hcc params 0x0268ffe5 hci version 0x110 quirks 0x0000020000000410
[    0.428913] xhci_hcd 0000:07:00.4: xHCI Host Controller
[    0.428928] xhci_hcd 0000:07:00.4: new USB bus registered, assigned bus number 6
[    0.428931] xhci_hcd 0000:07:00.4: Host supports USB 3.1 Enhanced SuperSpeed
[    0.428949] usb usb5: New USB device found, idVendor=1d6b, idProduct=0002, bcdDevice= 6.01
[    0.428952] usb usb5: New USB device strings: Mfr=3, Product=2, SerialNumber=1
[    0.428955] usb usb5: Product: xHCI Host Controller
[    0.428956] usb usb5: Manufacturer: Linux 6.1.0-rc1-thor_kernel-00011-gca7195e6e77b xhci-hcd
[    0.428959] usb usb5: SerialNumber: 0000:07:00.4
[    0.429009] hub 5-0:1.0: USB hub found
[    0.429015] hub 5-0:1.0: 4 ports detected
[    0.429144] usb usb6: We don't know the algorithms for LPM for this host, disabling LPM.
[    0.429157] usb usb6: New USB device found, idVendor=1d6b, idProduct=0003, bcdDevice= 6.01
[    0.429160] usb usb6: New USB device strings: Mfr=3, Product=2, SerialNumber=1
[    0.429162] usb usb6: Product: xHCI Host Controller
[    0.429164] usb usb6: Manufacturer: Linux 6.1.0-rc1-thor_kernel-00011-gca7195e6e77b xhci-hcd
[    0.429167] usb usb6: SerialNumber: 0000:07:00.4
[    0.429212] hub 6-0:1.0: USB hub found
[    0.429216] hub 6-0:1.0: 2 ports detected
[    0.429295] usbcore: registered new interface driver usblp
[    0.429309] usbcore: registered new interface driver usb-storage
[    0.429331] i8042: PNP: No PS/2 controller found.
[    0.429546] rtc_cmos 00:03: registered as rtc0
[    0.429563] rtc_cmos 00:03: alarms up to one day, 114 bytes nvram, hpet irqs
[    0.429579] rtc_cmos 00:03: RTC can wake from S4
[    0.429622] fail to initialize ptp_kvm
[    0.429663] device-mapper: ioctl: 4.47.0-ioctl (2022-07-28) initialised: dm-devel@redhat.com
[    0.429709] hid: raw HID events driver (C) Jiri Kosina
[    0.429823] usbcore: registered new interface driver usbhid
[    0.429826] usbhid: USB HID core driver
[    0.430446] Initializing XFRM netlink socket
[    0.430524] NET: Registered PF_INET6 protocol family
[    0.430739] Segment Routing with IPv6
[    0.430743] In-situ OAM (IOAM) with IPv6
[    0.430763] sit: IPv6, IPv4 and MPLS over IPv4 tunneling driver
[    0.430856] NET: Registered PF_PACKET protocol family
[    0.430879] 9pnet: Installing 9P2000 support
[    0.430888] Key type dns_resolver registered
[    0.431437] microcode: CPU0: patch_level=0x08600106
[    0.431444] microcode: CPU1: patch_level=0x08600106
[    0.431452] microcode: CPU2: patch_level=0x08600106
[    0.431459] microcode: CPU3: patch_level=0x08600106
[    0.431465] microcode: CPU4: patch_level=0x08600106
[    0.431469] microcode: CPU5: patch_level=0x08600106
[    0.431474] microcode: CPU6: patch_level=0x08600106
[    0.431482] microcode: CPU7: patch_level=0x08600106
[    0.431489] microcode: CPU8: patch_level=0x08600106
[    0.431494] microcode: CPU9: patch_level=0x08600106
[    0.431500] microcode: CPU10: patch_level=0x08600106
[    0.431505] microcode: CPU11: patch_level=0x08600106
[    0.431510] microcode: Microcode Update Driver: v2.2.
[    0.431513] IPI shorthand broadcast: enabled
[    0.431527] sched_clock: Marking stable (430856063, 547385)->(443641978, -12238530)
[    0.431583] registered taskstats version 1
[    0.431585] Loading compiled-in X.509 certificates
[    0.432061] PM:   Magic number: 14:303:30
[    0.432112] printk: console [netcon0] enabled
[    0.432114] netconsole: network logging started
[    0.432247] acpi_cpufreq: overriding BIOS provided _PSD data
[    0.432504] cfg80211: Loading compiled-in X.509 certificates for regulatory database
[    0.432724] cfg80211: Loaded X.509 cert 'sforshee: 00b28ddf47aef9cea7'
[    0.432774] platform regulatory.0: Direct firmware load for regulatory.db failed with error -2
[    0.432778] cfg80211: failed to load regulatory.db
[    0.669537] usb 1-5: new full-speed USB device number 2 using xhci_hcd
[    0.669548] usb 3-1: new low-speed USB device number 2 using xhci_hcd
[    0.813699] usb 3-1: New USB device found, idVendor=046d, idProduct=c077, bcdDevice=72.00
[    0.813705] usb 3-1: New USB device strings: Mfr=1, Product=2, SerialNumber=0
[    0.813709] usb 3-1: Product: USB Optical Mouse
[    0.813712] usb 3-1: Manufacturer: Logitech
[    0.834803] input: Logitech USB Optical Mouse as /devices/pci0000:00/0000:00:08.1/0000:07:00.3/usb3/3-1/3-1:1.0/0003:046D:C077.0001/input/input3
[    0.834847] hid-generic 0003:046D:C077.0001: input,hidraw0: USB HID v1.11 Mouse [Logitech USB Optical Mouse] on usb-0000:07:00.3-1/input0
[    0.836057] ata1: SATA link up 3.0 Gbps (SStatus 123 SControl 300)
[    0.841882] ata1.00: ATA-8: SAMSUNG HM321HI, 2AJ10001, max UDMA/133
[    0.843430] ata1.00: 625142448 sectors, multi 16: LBA48 NCQ (depth 32), AA
[    0.849359] ata1.00: configured for UDMA/133
[    0.849433] scsi 0:0:0:0: Direct-Access     ATA      SAMSUNG HM321HI  0001 PQ: 0 ANSI: 5
[    0.849583] sd 0:0:0:0: Attached scsi generic sg0 type 0
[    0.849641] sd 0:0:0:0: [sda] 625142448 512-byte logical blocks: (320 GB/298 GiB)
[    0.849655] sd 0:0:0:0: [sda] Write Protect is off
[    0.849660] sd 0:0:0:0: [sda] Mode Sense: 00 3a 00 00
[    0.849672] sd 0:0:0:0: [sda] Write cache: enabled, read cache: enabled, doesn't support DPO or FUA
[    0.849691] sd 0:0:0:0: [sda] Preferred minimum I/O size 512 bytes
[    0.894040] usb 1-5: New USB device found, idVendor=25a7, idProduct=fa70, bcdDevice= 1.41
[    0.894046] usb 1-5: New USB device strings: Mfr=1, Product=2, SerialNumber=0
[    0.894050] usb 1-5: Product: 2.4G Wireless Receiver
[    0.894054] usb 1-5: Manufacturer: Compx
[    0.903581]  sda: sda1
[    0.903639] sd 0:0:0:0: [sda] Attached SCSI disk
[    0.908865] input: Compx 2.4G Wireless Receiver as /devices/pci0000:00/0000:00:02.1/0000:01:00.0/usb1/1-5/1-5:1.0/0003:25A7:FA70.0002/input/input4
[    0.912604] usb 4-2: new SuperSpeed USB device number 2 using xhci_hcd
[    0.926125] usb 4-2: New USB device found, idVendor=174c, idProduct=3074, bcdDevice= 2.00
[    0.926131] usb 4-2: New USB device strings: Mfr=2, Product=3, SerialNumber=0
[    0.926135] usb 4-2: Product: ASM107x
[    0.926137] usb 4-2: Manufacturer: Asmedia
[    0.956723] hub 4-2:1.0: USB hub found
[    0.956841] hub 4-2:1.0: 4 ports detected
[    0.960607] hid-generic 0003:25A7:FA70.0002: input,hidraw1: USB HID v1.10 Keyboard [Compx 2.4G Wireless Receiver] on usb-0000:01:00.0-5/input0
[    0.968028] input: Compx 2.4G Wireless Receiver Mouse as /devices/pci0000:00/0000:00:02.1/0000:01:00.0/usb1/1-5/1-5:1.1/0003:25A7:FA70.0003/input/input5
[    0.968065] input: Compx 2.4G Wireless Receiver as /devices/pci0000:00/0000:00:02.1/0000:01:00.0/usb1/1-5/1-5:1.1/0003:25A7:FA70.0003/input/input6
[    0.968112] input: Compx 2.4G Wireless Receiver Keyboard as /devices/pci0000:00/0000:00:02.1/0000:01:00.0/usb1/1-5/1-5:1.1/0003:25A7:FA70.0003/input/input7
[    1.019583] hid-generic 0003:25A7:FA70.0003: input,hiddev96,hidraw2: USB HID v1.10 Mouse [Compx 2.4G Wireless Receiver] on usb-0000:01:00.0-5/input1
[    1.039524] usb 3-2: new high-speed USB device number 3 using xhci_hcd
[    1.133169] usb 1-6: new full-speed USB device number 3 using xhci_hcd
[    1.170026] usb 3-2: New USB device found, idVendor=174c, idProduct=2074, bcdDevice= 2.00
[    1.170032] usb 3-2: New USB device strings: Mfr=2, Product=3, SerialNumber=0
[    1.170035] usb 3-2: Product: ASM107x
[    1.170038] usb 3-2: Manufacturer: Asmedia
[    1.228930] hub 3-2:1.0: USB hub found
[    1.229530] hub 3-2:1.0: 4 ports detected
[    1.323181] ata2: SATA link up 6.0 Gbps (SStatus 133 SControl 300)
[    1.327269] ata2.00: ATA-10: ADATA SU650, XD0R01D2, max UDMA/133
[    1.328303] ata2.00: 468862128 sectors, multi 16: LBA48 NCQ (depth 32), AA
[    1.334447] ata2.00: configured for UDMA/133
[    1.334516] scsi 1:0:0:0: Direct-Access     ATA      ADATA SU650      01D2 PQ: 0 ANSI: 5
[    1.334672] sd 1:0:0:0: Attached scsi generic sg1 type 0
[    1.334707] sd 1:0:0:0: [sdb] 468862128 512-byte logical blocks: (240 GB/224 GiB)
[    1.334720] sd 1:0:0:0: [sdb] Write Protect is off
[    1.334725] sd 1:0:0:0: [sdb] Mode Sense: 00 3a 00 00
[    1.334737] sd 1:0:0:0: [sdb] Write cache: enabled, read cache: enabled, doesn't support DPO or FUA
[    1.334758] sd 1:0:0:0: [sdb] Preferred minimum I/O size 512 bytes
[    1.335202] sd 1:0:0:0: [sdb] Attached SCSI disk
[    1.357726] usb 1-6: New USB device found, idVendor=25a7, idProduct=fa09, bcdDevice=13.00
[    1.357732] usb 1-6: New USB device strings: Mfr=1, Product=2, SerialNumber=0
[    1.357736] usb 1-6: Product: 2.4G Wireless Receiver
[    1.357739] usb 1-6: Manufacturer: Compx
[    1.371180] tsc: Refined TSC clocksource calibration: 3693.045 MHz
[    1.371191] clocksource: tsc: mask: 0xffffffffffffffff max_cycles: 0x6a7758a08df, max_idle_ns: 881590962127 ns
[    1.371214] clocksource: Switched to clocksource tsc
[    1.374853] input: Compx 2.4G Wireless Receiver as /devices/pci0000:00/0000:00:02.1/0000:01:00.0/usb1/1-6/1-6:1.0/0003:25A7:FA09.0004/input/input8
[    1.374894] hid-generic 0003:25A7:FA09.0004: input,hidraw3: USB HID v1.10 Mouse [Compx 2.4G Wireless Receiver] on usb-0000:01:00.0-6/input0
[    1.381971] input: Compx 2.4G Wireless Receiver Keyboard as /devices/pci0000:00/0000:00:02.1/0000:01:00.0/usb1/1-6/1-6:1.1/0003:25A7:FA09.0005/input/input9
[    1.433201] input: Compx 2.4G Wireless Receiver as /devices/pci0000:00/0000:00:02.1/0000:01:00.0/usb1/1-6/1-6:1.1/0003:25A7:FA09.0005/input/input10
[    1.433237] input: Compx 2.4G Wireless Receiver as /devices/pci0000:00/0000:00:02.1/0000:01:00.0/usb1/1-6/1-6:1.1/0003:25A7:FA09.0005/input/input11
[    1.433288] hid-generic 0003:25A7:FA09.0005: input,hiddev97,hidraw4: USB HID v1.10 Keyboard [Compx 2.4G Wireless Receiver] on usb-0000:01:00.0-6/input1
[    1.547168] usb 1-7: new high-speed USB device number 4 using xhci_hcd
[    1.697189] usb 1-7: New USB device found, idVendor=05e3, idProduct=0610, bcdDevice=60.60
[    1.697194] usb 1-7: New USB device strings: Mfr=0, Product=1, SerialNumber=0
[    1.697198] usb 1-7: Product: USB2.0 Hub
[    1.705202] hub 1-7:1.0: USB hub found
[    1.709177] hub 1-7:1.0: 4 ports detected
[    1.795180] ata5: SATA link up 6.0 Gbps (SStatus 133 SControl 300)
[    1.822986] ata5.00: ATA-10: ST1000LM035-1RK172, SBM3, max UDMA/133
[    1.832102] ata5.00: 1953525168 sectors, multi 16: LBA48 NCQ (depth 32), AA
[    1.852168] usb 1-8: new full-speed USB device number 5 using xhci_hcd
[    1.881359] ata5.00: configured for UDMA/133
[    1.881416] scsi 4:0:0:0: Direct-Access     ATA      ST1000LM035-1RK1 SBM3 PQ: 0 ANSI: 5
[    1.881547] sd 4:0:0:0: Attached scsi generic sg2 type 0
[    1.881586] sd 4:0:0:0: [sdc] 1953525168 512-byte logical blocks: (1.00 TB/932 GiB)
[    1.881592] sd 4:0:0:0: [sdc] 4096-byte physical blocks
[    1.881606] sd 4:0:0:0: [sdc] Write Protect is off
[    1.881612] sd 4:0:0:0: [sdc] Mode Sense: 00 3a 00 00
[    1.881626] sd 4:0:0:0: [sdc] Write cache: enabled, read cache: enabled, doesn't support DPO or FUA
[    1.881646] sd 4:0:0:0: [sdc] Preferred minimum I/O size 4096 bytes
[    1.891476]  sdc: sdc1
[    1.891534] sd 4:0:0:0: [sdc] Attached SCSI disk
[    2.092962] usb 1-8: New USB device found, idVendor=26ce, idProduct=01a2, bcdDevice= 0.00
[    2.092968] usb 1-8: New USB device strings: Mfr=1, Product=2, SerialNumber=3
[    2.092972] usb 1-8: Product: LED Controller
[    2.092974] usb 1-8: Manufacturer: ASRock
[    2.092977] usb 1-8: SerialNumber: A02019100900
[    2.119763] input: ASRock LED Controller as /devices/pci0000:00/0000:00:02.1/0000:01:00.0/usb1/1-8/1-8:1.0/0003:26CE:01A2.0006/input/input12
[    2.171206] hid-generic 0003:26CE:01A2.0006: input,hidraw5: USB HID v1.10 Device [ASRock LED Controller] on usb-0000:01:00.0-8/input0
[    2.192323] ata6: SATA link down (SStatus 0 SControl 300)
[    2.192340] md: Waiting for all devices to be available before autodetect
[    2.192345] md: If you don't use raid, use raid=noautodetect
[    2.192348] md: Autodetecting RAID arrays.
[    2.192350] md: autorun ...
[    2.192352] md: ... autorun DONE.
[    2.196050] EXT4-fs (sdb): mounted filesystem with ordered data mode. Quota mode: none.
[    2.196061] VFS: Mounted root (ext4 filesystem) readonly on device 8:16.
[    2.197175] devtmpfs: mounted
[    2.197351] Freeing unused kernel image (initmem) memory: 1532K
[    2.198172] Write protecting the kernel read-only data: 24576k
[    2.198529] Freeing unused kernel image (text/rodata gap) memory: 2032K
[    2.198704] Freeing unused kernel image (rodata/data gap) memory: 1320K
[    2.198710] Run /sbin/init as init process
[    2.198712]   with arguments:
[    2.198713]     /sbin/init
[    2.198714]   with environment:
[    2.198714]     HOME=/
[    2.198715]     TERM=linux
[    2.198716]     BOOT_IMAGE=/boot/vmlinuz-6.1.0-21.10.22
[    2.285170] usb 1-9: new full-speed USB device number 6 using xhci_hcd
[    2.299709] systemd[1]: systemd 251 running in system mode (+PAM -AUDIT -SELINUX -APPARMOR +IMA +SMACK -SECCOMP -GCRYPT -GNUTLS +OPENSSL +ACL +BLKID +CURL -ELFUTILS -FIDO2 -IDN2 -IDN -IPTC +KMOD -LIBCRYPTSETUP +LIBFDISK -PCRE2 -PWQUALITY +P11KIT -QRENCODE -TPM2 +BZIP2 -LZ4 +XZ +ZLIB +ZSTD -BPF_FRAMEWORK -XKBCOMMON +UTMP +SYSVINIT default-hierarchy=unified)
[    2.299723] systemd[1]: Detected architecture x86-64.
[    2.300977] systemd[1]: Hostname set to <lfs-eyohn>.
[    2.320643] systemd-system- (172) used greatest stack depth: 13376 bytes left
[    2.320958] systemd-run-gen (171) used greatest stack depth: 13352 bytes left
[    2.368599] systemd[1]: /usr/lib/systemd/system/cups.socket:6: ListenStream= references a path below legacy directory /var/run/, updating /var/run/cups/cups.sock \xe2\x86\x92 /run/cups/cups.sock; please update the unit file accordingly.
[    2.387798] systemd[1]: Queued start job for default target Graphical Interface.
[    2.395365] systemd[1]: Created slice Slice /system/getty.
[    2.395585] systemd[1]: Created slice Slice /system/modprobe.
[    2.395713] systemd[1]: Created slice User and Session Slice.
[    2.395787] systemd[1]: Started Dispatch Password Requests to Console Directory Watch.
[    2.395853] systemd[1]: Started Forward Password Requests to Wall Directory Watch.
[    2.395981] systemd[1]: Set up automount Arbitrary Executable File Formats File System Automount Point.
[    2.396025] systemd[1]: Reached target Login Prompts.
[    2.396068] systemd[1]: Reached target User and Group Name Lookups.
[    2.396095] systemd[1]: Reached target Remote File Systems.
[    2.396122] systemd[1]: Reached target Slice Units.
[    2.396153] systemd[1]: Reached target Swaps.
[    2.396190] systemd[1]: Reached target System Time Set.
[    2.396923] systemd[1]: Listening on Process Core Dump Socket.
[    2.396975] systemd[1]: Listening on initctl Compatibility Named Pipe.
[    2.397068] systemd[1]: Listening on Journal Audit Socket.
[    2.397138] systemd[1]: Listening on Journal Socket (/dev/log).
[    2.397217] systemd[1]: Listening on Journal Socket.
[    2.397301] systemd[1]: Listening on Network Service Netlink Socket.
[    2.397366] systemd[1]: Listening on Userspace Out-Of-Memory (OOM) Killer Socket.
[    2.398087] systemd[1]: Listening on udev Control Socket.
[    2.398149] systemd[1]: Listening on udev Kernel Socket.
[    2.398520] systemd[1]: Mounting Huge Pages File System...
[    2.398854] systemd[1]: Mounting POSIX Message Queue File System...
[    2.399205] systemd[1]: Mounting Kernel Debug File System...
[    2.399541] systemd[1]: Mounting Kernel Trace File System...
[    2.401703] systemd[1]: tmp.mount: Directory /tmp to mount over is not empty, mounting anyway.
[    2.402013] systemd[1]: Mounting Temporary Directory /tmp...
[    2.403754] systemd[1]: Starting Create List of Static Device Nodes...
[    2.404145] systemd[1]: Starting Load Kernel Module configfs...
[    2.404545] systemd[1]: Starting Load Kernel Module drm...
[    2.404921] systemd[1]: Starting Load Kernel Module fuse...
[    2.405262] systemd[1]: Starting File System Check on Root Device...
[    2.405356] systemd[1]: systemd-journald.service: unit configures an IP firewall, but the local system does not support BPF/cgroup firewalling.
[    2.405360] systemd[1]: (This warning is only shown for the first unit using IP firewalling.)
[    2.405635] systemd[1]: Starting Journal Service...
[    2.406325] systemd[1]: Load Kernel Modules was skipped because all trigger condition checks failed.
[    2.406722] systemd[1]: Starting Generate network units from Kernel command line...
[    2.407207] systemd[1]: Repartition Root Disk was skipped because all trigger condition checks failed.
[    2.407564] systemd[1]: Starting Apply Kernel Variables...
[    2.407926] systemd[1]: Starting Coldplug All udev Devices...
[    2.408700] systemd[1]: Mounted Huge Pages File System.
[    2.408783] systemd[1]: Mounted POSIX Message Queue File System.
[    2.408827] systemd[1]: Mounted Kernel Debug File System.
[    2.408869] systemd[1]: Mounted Kernel Trace File System.
[    2.408913] systemd[1]: Mounted Temporary Directory /tmp.
[    2.409016] systemd[1]: Finished Create List of Static Device Nodes.
[    2.409481] systemd[1]: Starting Create Static Device Nodes in /dev...
[    2.409632] systemd[1]: Finished Generate network units from Kernel command line.
[    2.409693] systemd[1]: Reached target Preparation for Network.
[    2.412356] systemd[1]: modprobe@configfs.service: Deactivated successfully.
[    2.412461] systemd[1]: Finished Load Kernel Module configfs.
[    2.412629] systemd[1]: modprobe@drm.service: Deactivated successfully.
[    2.412704] systemd[1]: Finished Load Kernel Module drm.
[    2.412824] systemd[1]: modprobe@fuse.service: Deactivated successfully.
[    2.412879] systemd[1]: Finished Load Kernel Module fuse.
[    2.412972] systemd[1]: FUSE Control File System was skipped because of a failed condition check (ConditionPathExists=/sys/fs/fuse/connections).
[    2.413009] systemd[1]: Kernel Configuration File System was skipped because of a failed condition check (ConditionPathExists=/sys/kernel/config).
[    2.414923] systemd[1]: Finished Apply Kernel Variables.
[    2.431293] systemd-tmpfile (192) used greatest stack depth: 12952 bytes left
[    2.431484] systemd[1]: Finished Create Static Device Nodes in /dev.
[    2.433526] systemd[1]: Finished File System Check on Root Device.
[    2.450346] systemd[1]: Starting Remount Root and Kernel File Systems...
[    2.450516] systemd[1]: Started Journal Service.
[    2.589634] usb 1-9: New USB device found, idVendor=8087, idProduct=0a2b, bcdDevice= 0.10
[    2.589643] usb 1-9: New USB device strings: Mfr=0, Product=0, SerialNumber=0
[    2.777441] EXT4-fs (sdb): re-mounted. Quota mode: none.
[    2.794427] systemd-journald[186]: Received client request to flush runtime journal.
[    2.934246] r8169 0000:04:00.0: Direct firmware load for rtl_nic/rtl8168h-2.fw failed with error -2
[    2.934255] r8169 0000:04:00.0: Unable to load firmware rtl_nic/rtl8168h-2.fw (-2)
[    2.935516] snd_hda_intel 0000:07:00.1: enabling device (0000 -> 0002)
[    2.935583] snd_hda_intel 0000:07:00.6: enabling device (0000 -> 0002)
[    2.941511] input: HD-Audio Generic HDMI/DP,pcm=3 as /devices/pci0000:00/0000:00:08.1/0000:07:00.1/sound/card0/input13
[    2.941561] input: HD-Audio Generic HDMI/DP,pcm=7 as /devices/pci0000:00/0000:00:08.1/0000:07:00.1/sound/card0/input14
[    2.941620] input: HD-Audio Generic HDMI/DP,pcm=8 as /devices/pci0000:00/0000:00:08.1/0000:07:00.1/sound/card0/input15
[    2.941904] input: HD-Audio Generic HDMI/DP,pcm=9 as /devices/pci0000:00/0000:00:08.1/0000:07:00.1/sound/card0/input16
[    2.942029] input: HD-Audio Generic HDMI/DP,pcm=10 as /devices/pci0000:00/0000:00:08.1/0000:07:00.1/sound/card0/input17
[    2.942131] input: HD-Audio Generic HDMI/DP,pcm=11 as /devices/pci0000:00/0000:00:08.1/0000:07:00.1/sound/card0/input18
[    2.956175] Generic FE-GE Realtek PHY r8169-0-400:00: attached PHY driver (mii_bus:phy_addr=r8169-0-400:00, irq=MAC)
[    2.980980] [drm] amdgpu kernel modesetting enabled.
[    2.984247] snd_hda_codec_realtek hdaudioC1D0: ALCS1200A: SKU not ready 0x00000000
[    2.984746] snd_hda_codec_realtek hdaudioC1D0: autoconfig for ALCS1200A: line_outs=1 (0x14/0x0/0x0/0x0/0x0) type:line
[    2.984751] snd_hda_codec_realtek hdaudioC1D0:    speaker_outs=0 (0x0/0x0/0x0/0x0/0x0)
[    2.984754] snd_hda_codec_realtek hdaudioC1D0:    hp_outs=1 (0x1b/0x0/0x0/0x0/0x0)
[    2.984757] snd_hda_codec_realtek hdaudioC1D0:    mono: mono_out=0x0
[    2.984760] snd_hda_codec_realtek hdaudioC1D0:    inputs:
[    2.984762] snd_hda_codec_realtek hdaudioC1D0:      Front Mic=0x19
[    2.984764] snd_hda_codec_realtek hdaudioC1D0:      Rear Mic=0x18
[    2.984766] snd_hda_codec_realtek hdaudioC1D0:      Line=0x1a
[    2.985312] amdgpu: Virtual CRAT table created for CPU
[    2.985334] amdgpu: Topology: Add CPU node
[    2.985427] amdgpu 0000:07:00.0: vgaarb: deactivate vga console
[    2.985479] amdgpu 0000:07:00.0: enabling device (0006 -> 0007)
[    2.985517] [drm] initializing kernel modesetting (RENOIR 0x1002:0x1636 0x1002:0x1636 0xD9).
[    2.985535] [drm] register mmio base: 0xFCB00000
[    2.985537] [drm] register mmio size: 524288
[    2.986872] [drm] add ip block number 0 <soc15_common>
[    2.986876] [drm] add ip block number 1 <gmc_v9_0>
[    2.986878] [drm] add ip block number 2 <vega10_ih>
[    2.986889] [drm] add ip block number 3 <psp>
[    2.986891] [drm] add ip block number 4 <smu>
[    2.986894] [drm] add ip block number 5 <dm>
[    2.986896] [drm] add ip block number 6 <gfx_v9_0>
[    2.986898] [drm] add ip block number 7 <sdma_v4_0>
[    2.986900] [drm] add ip block number 8 <vcn_v2_0>
[    2.986902] [drm] add ip block number 9 <jpeg_v2_0>
[    2.986912] amdgpu 0000:07:00.0: amdgpu: Fetched VBIOS from VFCT
[    2.986915] amdgpu: ATOM BIOS: 113-RENOIR-031
[    2.986933] [drm] VCN decode is enabled in VM mode
[    2.986934] [drm] VCN encode is enabled in VM mode
[    2.986936] [drm] JPEG decode is enabled in VM mode
[    2.986938] amdgpu 0000:07:00.0: amdgpu: Trusted Memory Zone (TMZ) feature enabled
[    2.986951] amdgpu 0000:07:00.0: amdgpu: PCIE atomic ops is not supported
[    2.986958] amdgpu 0000:07:00.0: amdgpu: MODE2 reset
[    2.987518] [drm] vm size is 262144 GB, 4 levels, block size is 9-bit, fragment size is 9-bit
[    2.987524] amdgpu 0000:07:00.0: amdgpu: VRAM: 512M 0x000000F400000000 - 0x000000F41FFFFFFF (512M used)
[    2.987537] amdgpu 0000:07:00.0: amdgpu: GART: 1024M 0x0000000000000000 - 0x000000003FFFFFFF
[    2.987540] amdgpu 0000:07:00.0: amdgpu: AGP: 267419648M 0x000000F800000000 - 0x0000FFFFFFFFFFFF
[    2.987557] [drm] Detected VRAM RAM=512M, BAR=512M
[    2.987559] [drm] RAM width 128bits DDR4
[    2.987643] [drm] amdgpu: 512M of VRAM memory ready
[    2.987646] [drm] amdgpu: 15747M of GTT memory ready.
[    2.987663] [drm] GART: num cpu pages 262144, num gpu pages 262144
[    2.987809] [drm] PCIE GART of 1024M enabled.
[    2.987811] [drm] PTB located at 0x000000F41FC00000
[    2.992648] amdgpu 0000:07:00.0: amdgpu: PSP runtime database doesn't exist
[    2.992664] amdgpu 0000:07:00.0: amdgpu: PSP runtime database doesn't exist
[    2.994144] [drm] Loading DMUB firmware via PSP: version=0x01010019
[    2.998580] input: HDA Digital PCBeep as /devices/pci0000:00/0000:00:08.1/0000:07:00.6/sound/card1/input19
[    2.998622] input: HD-Audio Generic Front Mic as /devices/pci0000:00/0000:00:08.1/0000:07:00.6/sound/card1/input20
[    2.998654] input: HD-Audio Generic Rear Mic as /devices/pci0000:00/0000:00:08.1/0000:07:00.6/sound/card1/input21
[    2.998682] input: HD-Audio Generic Line as /devices/pci0000:00/0000:00:08.1/0000:07:00.6/sound/card1/input22
[    2.998710] input: HD-Audio Generic Line Out as /devices/pci0000:00/0000:00:08.1/0000:07:00.6/sound/card1/input23
[    2.998736] input: HD-Audio Generic Front Headphone as /devices/pci0000:00/0000:00:08.1/0000:07:00.6/sound/card1/input24
[    3.000933] [drm] Found VCN firmware Version ENC: 1.16 DEC: 5 VEP: 0 Revision: 3
[    3.000953] amdgpu 0000:07:00.0: amdgpu: Will use PSP to load VCN firmware
[    3.064622] r8169 0000:04:00.0 eth0: Link is Down
[    3.682441] [drm] reserve 0x400000 from 0xf41f400000 for PSP TMR
[    3.763214] amdgpu 0000:07:00.0: amdgpu: RAS: optional ras ta ucode is not available
[    3.771803] amdgpu 0000:07:00.0: amdgpu: RAP: optional rap ta ucode is not available
[    3.771812] amdgpu 0000:07:00.0: amdgpu: SECUREDISPLAY: securedisplay ta ucode is not available
[    3.772117] amdgpu 0000:07:00.0: amdgpu: SMU is initialized successfully!
[    3.772389] [drm] Display Core initialized with v3.2.207!
[    3.772926] [drm] DMUB hardware initialized: version=0x01010019
[    3.853228] snd_hda_intel 0000:07:00.1: bound 0000:07:00.0 (ops amdgpu_dm_audio_component_bind_ops [amdgpu])
[    3.881388] [drm] Unknown EDID CEA parser results
[    3.882789] [drm] kiq ring mec 2 pipe 1 q 0
[    3.885419] [drm] VCN decode and encode initialized successfully(under DPG Mode).
[    3.885432] [drm] JPEG decode initialized successfully.
[    3.886233] kfd kfd: amdgpu: Allocated 3969056 bytes on gart
[    3.886266] amdgpu: sdma_bitmap: 3
[    3.897129] memmap_init_zone_device initialised 131072 pages in 0ms
[    3.897137] amdgpu: HMM registered 512MB device memory
[    3.897172] amdgpu: SRAT table not found
[    3.897175] amdgpu: Virtual CRAT table created for GPU
[    3.897242] amdgpu: Topology: Add dGPU node [0x1636:0x1002]
[    3.897246] kfd kfd: amdgpu: added device 1002:1636
[    3.897315] amdgpu 0000:07:00.0: amdgpu: SE 1, SH per SE 1, CU per SH 8, active_cu_number 7
[    3.897376] amdgpu 0000:07:00.0: amdgpu: ring gfx uses VM inv eng 0 on hub 0
[    3.897379] amdgpu 0000:07:00.0: amdgpu: ring comp_1.0.0 uses VM inv eng 1 on hub 0
[    3.897382] amdgpu 0000:07:00.0: amdgpu: ring comp_1.1.0 uses VM inv eng 4 on hub 0
[    3.897384] amdgpu 0000:07:00.0: amdgpu: ring comp_1.2.0 uses VM inv eng 5 on hub 0
[    3.897387] amdgpu 0000:07:00.0: amdgpu: ring comp_1.3.0 uses VM inv eng 6 on hub 0
[    3.897390] amdgpu 0000:07:00.0: amdgpu: ring comp_1.0.1 uses VM inv eng 7 on hub 0
[    3.897392] amdgpu 0000:07:00.0: amdgpu: ring comp_1.1.1 uses VM inv eng 8 on hub 0
[    3.897395] amdgpu 0000:07:00.0: amdgpu: ring comp_1.2.1 uses VM inv eng 9 on hub 0
[    3.897397] amdgpu 0000:07:00.0: amdgpu: ring comp_1.3.1 uses VM inv eng 10 on hub 0
[    3.897400] amdgpu 0000:07:00.0: amdgpu: ring kiq_2.1.0 uses VM inv eng 11 on hub 0
[    3.897403] amdgpu 0000:07:00.0: amdgpu: ring sdma0 uses VM inv eng 0 on hub 1
[    3.897405] amdgpu 0000:07:00.0: amdgpu: ring vcn_dec uses VM inv eng 1 on hub 1
[    3.897408] amdgpu 0000:07:00.0: amdgpu: ring vcn_enc0 uses VM inv eng 4 on hub 1
[    3.897411] amdgpu 0000:07:00.0: amdgpu: ring vcn_enc1 uses VM inv eng 5 on hub 1
[    3.897413] amdgpu 0000:07:00.0: amdgpu: ring jpeg_dec uses VM inv eng 6 on hub 1
[    3.898422] [drm] Initialized amdgpu 3.49.0 20150101 for 0000:07:00.0 on minor 0
[    3.900002] [drm] Unknown EDID CEA parser results
[    3.903806] fbcon: amdgpudrmfb (fb0) is primary device
[    3.903936] [drm] DSC precompute is not needed.
[    4.035258] Console: switching to colour frame buffer device 480x135
[    4.053000] amdgpu 0000:07:00.0: [drm] fb0: amdgpudrmfb frame buffer device
[    4.506862] [drm] Unknown EDID CEA parser results
[    4.512800] [drm] Unknown EDID CEA parser results
[    5.096120] audit: type=1006 audit(1668175245.970:2): pid=431 uid=0 subj=kernel old-auid=4294967295 auid=65 tty=(none) old-ses=4294967295 ses=1 res=1
[    5.096126] audit: type=1300 audit(1668175245.970:2): arch=c000003e syscall=1 success=yes exit=2 a0=8 a1=7ffdc7ca19f0 a2=2 a3=14 items=0 ppid=1 pid=431 auid=65 uid=0 gid=0 euid=0 suid=0 fsuid=0 egid=0 sgid=0 fsgid=0 tty=(none) ses=1 comm="(systemd)" exe="/usr/lib/systemd/systemd" subj=kernel key=(null)
[    5.096129] audit: type=1327 audit(1668175245.970:2): proctitle="(systemd)"
[    6.812113] systemd-udevd (226) used greatest stack depth: 12936 bytes left
[    6.812417] systemd-udevd (223) used greatest stack depth: 10424 bytes left
[    8.795267] acpi device:0a: registered as cooling_device12
[   18.724715] Generic FE-GE Realtek PHY r8169-0-400:00: Downshift occurred from negotiated speed 1Gbps to actual speed 100Mbps, check cabling!
[   18.724725] r8169 0000:04:00.0 eth0: Link is Up - 100Mbps/Full (downshifted) - flow control off
[   18.724733] IPv6: ADDRCONF(NETDEV_CHANGE): eth0: link becomes ready
[  164.024607] audit: type=1006 audit(1668175404.903:3): pid=499 uid=0 subj=kernel old-auid=4294967295 auid=1000 tty=(none) old-ses=4294967295 ses=2 res=1
[  164.024614] audit: type=1300 audit(1668175404.903:3): arch=c000003e syscall=1 success=yes exit=4 a0=8 a1=7ffdc7ca19f0 a2=4 a3=14 items=0 ppid=1 pid=499 auid=1000 uid=0 gid=0 euid=0 suid=0 fsuid=0 egid=0 sgid=0 fsgid=0 tty=(none) ses=2 comm="(systemd)" exe="/usr/lib/systemd/systemd" subj=kernel key=(null)
[  164.024617] audit: type=1327 audit(1668175404.903:3): proctitle="(systemd)"
[  164.434813] [drm] Unknown EDID CEA parser results
[  190.026048] xfce4-power-man[643]: segfault at 8 ip 00007f7205be75c2 sp 00007ffd77dc1c60 error 4 in libupower-glib.so.3.1.0[7f7205be5000+e000] likely on CPU 0 (core 0, socket 0)
[  190.026062] Code: 24 08 ba 13 00 00 00 89 c6 e8 ca e4 ff ff 85 c0 75 c8 48 8b 44 24 08 48 8d 15 ca be 00 00 be 10 00 00 00 48 8d 3d 88 bd 00 00 <48> 8b 48 08 31 c0 e8 d3 eb ff ff eb a3 90 53 e8 da e5 ff ff 48 89
[  190.026088] audit: type=1701 audit(1668175430.905:4): auid=4294967295 uid=1000 gid=1000 ses=4294967295 subj=kernel pid=643 comm="xfce4-power-man" exe="/usr/bin/xfce4-power-manager" sig=11 res=1
[  240.076697] panel-9-power-m[588]: segfault at 8 ip 00007f20387cd5c2 sp 00007ffc3636eb50 error 4 in libupower-glib.so.3.1.0[7f20387cb000+e000] likely on CPU 5 (core 6, socket 0)
[  240.076710] Code: 24 08 ba 13 00 00 00 89 c6 e8 ca e4 ff ff 85 c0 75 c8 48 8b 44 24 08 48 8d 15 ca be 00 00 be 10 00 00 00 48 8d 3d 88 bd 00 00 <48> 8b 48 08 31 c0 e8 d3 eb ff ff eb a3 90 53 e8 da e5 ff ff 48 89
[  240.076732] audit: type=1701 audit(1668175481.519:5): auid=4294967295 uid=1000 gid=1000 ses=4294967295 subj=kernel pid=588 comm="panel-9-power-m" exe="/usr/lib/xfce4/panel/wrapper-2.0" sig=11 res=1
[  315.361026] panel-9-power-m[1716]: segfault at 8 ip 00007f83578a05c2 sp 00007ffd86651050 error 4 in libupower-glib.so.3.1.0[7f835789e000+e000] likely on CPU 10 (core 5, socket 0)
[  315.361038] Code: 24 08 ba 13 00 00 00 89 c6 e8 ca e4 ff ff 85 c0 75 c8 48 8b 44 24 08 48 8d 15 ca be 00 00 be 10 00 00 00 48 8d 3d 88 bd 00 00 <48> 8b 48 08 31 c0 e8 d3 eb ff ff eb a3 90 53 e8 da e5 ff ff 48 89
[  315.361067] audit: type=1701 audit(1668175556.806:6): auid=4294967295 uid=1000 gid=1000 ses=4294967295 subj=kernel pid=1716 comm="panel-9-power-m" exe="/usr/lib/xfce4/panel/wrapper-2.0" sig=11 res=1
[  390.701366] panel-9-power-m[2797]: segfault at 8 ip 00007fdaac6a65c2 sp 00007ffd11d84bb0 error 4 in libupower-glib.so.3.1.0[7fdaac6a4000+e000] likely on CPU 6 (core 0, socket 0)
[  390.701380] Code: 24 08 ba 13 00 00 00 89 c6 e8 ca e4 ff ff 85 c0 75 c8 48 8b 44 24 08 48 8d 15 ca be 00 00 be 10 00 00 00 48 8d 3d 88 bd 00 00 <48> 8b 48 08 31 c0 e8 d3 eb ff ff eb a3 90 53 e8 da e5 ff ff 48 89
[  390.701403] audit: type=1701 audit(1668175632.147:7): auid=4294967295 uid=1000 gid=1000 ses=4294967295 subj=kernel pid=2797 comm="panel-9-power-m" exe="/usr/lib/xfce4/panel/wrapper-2.0" sig=11 res=1
[  465.993145] panel-9-power-m[2946]: segfault at 8 ip 00007f496d5af5c2 sp 00007fff69b00900 error 4 in libupower-glib.so.3.1.0[7f496d5ad000+e000] likely on CPU 1 (core 1, socket 0)
[  465.993159] Code: 24 08 ba 13 00 00 00 89 c6 e8 ca e4 ff ff 85 c0 75 c8 48 8b 44 24 08 48 8d 15 ca be 00 00 be 10 00 00 00 48 8d 3d 88 bd 00 00 <48> 8b 48 08 31 c0 e8 d3 eb ff ff eb a3 90 53 e8 da e5 ff ff 48 89
[  465.993180] audit: type=1701 audit(1668175707.441:8): auid=4294967295 uid=1000 gid=1000 ses=4294967295 subj=kernel pid=2946 comm="panel-9-power-m" exe="/usr/lib/xfce4/panel/wrapper-2.0" sig=11 res=1
[  541.298805] panel-9-power-m[3100]: segfault at 8 ip 00007f4b607c85c2 sp 00007ffe84714290 error 4 in libupower-glib.so.3.1.0[7f4b607c6000+e000] likely on CPU 6 (core 0, socket 0)
[  541.298818] Code: 24 08 ba 13 00 00 00 89 c6 e8 ca e4 ff ff 85 c0 75 c8 48 8b 44 24 08 48 8d 15 ca be 00 00 be 10 00 00 00 48 8d 3d 88 bd 00 00 <48> 8b 48 08 31 c0 e8 d3 eb ff ff eb a3 90 53 e8 da e5 ff ff 48 89
[  541.298843] audit: type=1701 audit(1668175782.749:9): auid=4294967295 uid=1000 gid=1000 ses=4294967295 subj=kernel pid=3100 comm="panel-9-power-m" exe="/usr/lib/xfce4/panel/wrapper-2.0" sig=11 res=1
[  616.615967] panel-9-power-m[3272]: segfault at 8 ip 00007fa293f5f5c2 sp 00007fff99a1aec0 error 4 in libupower-glib.so.3.1.0[7fa293f5d000+e000] likely on CPU 2 (core 2, socket 0)
[  616.615980] Code: 24 08 ba 13 00 00 00 89 c6 e8 ca e4 ff ff 85 c0 75 c8 48 8b 44 24 08 48 8d 15 ca be 00 00 be 10 00 00 00 48 8d 3d 88 bd 00 00 <48> 8b 48 08 31 c0 e8 d3 eb ff ff eb a3 90 53 e8 da e5 ff ff 48 89
[  616.616004] audit: type=1701 audit(1668175858.067:10): auid=4294967295 uid=1000 gid=1000 ses=4294967295 subj=kernel pid=3272 comm="panel-9-power-m" exe="/usr/lib/xfce4/panel/wrapper-2.0" sig=11 res=1
[  691.949458] panel-9-power-m[3485]: segfault at 8 ip 00007f90167995c2 sp 00007ffca55f4fb0 error 4 in libupower-glib.so.3.1.0[7f9016797000+e000] likely on CPU 1 (core 1, socket 0)
[  691.949472] Code: 24 08 ba 13 00 00 00 89 c6 e8 ca e4 ff ff 85 c0 75 c8 48 8b 44 24 08 48 8d 15 ca be 00 00 be 10 00 00 00 48 8d 3d 88 bd 00 00 <48> 8b 48 08 31 c0 e8 d3 eb ff ff eb a3 90 53 e8 da e5 ff ff 48 89
[  691.949497] audit: type=1701 audit(1668175933.402:11): auid=4294967295 uid=1000 gid=1000 ses=4294967295 subj=kernel pid=3485 comm="panel-9-power-m" exe="/usr/lib/xfce4/panel/wrapper-2.0" sig=11 res=1
[  767.290298] panel-9-power-m[3674]: segfault at 8 ip 00007f1f611045c2 sp 00007ffe994ff740 error 4 in libupower-glib.so.3.1.0[7f1f61102000+e000] likely on CPU 1 (core 1, socket 0)
[  767.290312] Code: 24 08 ba 13 00 00 00 89 c6 e8 ca e4 ff ff 85 c0 75 c8 48 8b 44 24 08 48 8d 15 ca be 00 00 be 10 00 00 00 48 8d 3d 88 bd 00 00 <48> 8b 48 08 31 c0 e8 d3 eb ff ff eb a3 90 53 e8 da e5 ff ff 48 89
[  767.290332] audit: type=1701 audit(1668176008.746:12): auid=4294967295 uid=1000 gid=1000 ses=4294967295 subj=kernel pid=3674 comm="panel-9-power-m" exe="/usr/lib/xfce4/panel/wrapper-2.0" sig=11 res=1
[  842.625638] panel-9-power-m[3838]: segfault at 8 ip 00007ffa0e2785c2 sp 00007ffe66933de0 error 4 in libupower-glib.so.3.1.0[7ffa0e276000+e000] likely on CPU 1 (core 1, socket 0)
[  842.625650] Code: 24 08 ba 13 00 00 00 89 c6 e8 ca e4 ff ff 85 c0 75 c8 48 8b 44 24 08 48 8d 15 ca be 00 00 be 10 00 00 00 48 8d 3d 88 bd 00 00 <48> 8b 48 08 31 c0 e8 d3 eb ff ff eb a3 90 53 e8 da e5 ff ff 48 89
[  842.625673] audit: type=1701 audit(1668176084.082:13): auid=4294967295 uid=1000 gid=1000 ses=4294967295 subj=kernel pid=3838 comm="panel-9-power-m" exe="/usr/lib/xfce4/panel/wrapper-2.0" sig=11 res=1
[  917.944060] panel-9-power-m[4009]: segfault at 8 ip 00007f3c7c15c5c2 sp 00007fff41adfa30 error 4 in libupower-glib.so.3.1.0[7f3c7c15a000+e000] likely on CPU 8 (core 2, socket 0)
[  917.944074] Code: 24 08 ba 13 00 00 00 89 c6 e8 ca e4 ff ff 85 c0 75 c8 48 8b 44 24 08 48 8d 15 ca be 00 00 be 10 00 00 00 48 8d 3d 88 bd 00 00 <48> 8b 48 08 31 c0 e8 d3 eb ff ff eb a3 90 53 e8 da e5 ff ff 48 89
[  917.944100] audit: type=1701 audit(1668176159.402:14): auid=4294967295 uid=1000 gid=1000 ses=4294967295 subj=kernel pid=4009 comm="panel-9-power-m" exe="/usr/lib/xfce4/panel/wrapper-2.0" sig=11 res=1
[  993.290371] panel-9-power-m[4150]: segfault at 8 ip 00007f50b5dad5c2 sp 00007ffd4a9fb510 error 4 in libupower-glib.so.3.1.0[7f50b5dab000+e000] likely on CPU 6 (core 0, socket 0)
[  993.290385] Code: 24 08 ba 13 00 00 00 89 c6 e8 ca e4 ff ff 85 c0 75 c8 48 8b 44 24 08 48 8d 15 ca be 00 00 be 10 00 00 00 48 8d 3d 88 bd 00 00 <48> 8b 48 08 31 c0 e8 d3 eb ff ff eb a3 90 53 e8 da e5 ff ff 48 89
[  993.290409] audit: type=1701 audit(1668176234.750:15): auid=4294967295 uid=1000 gid=1000 ses=4294967295 subj=kernel pid=4150 comm="panel-9-power-m" exe="/usr/lib/xfce4/panel/wrapper-2.0" sig=11 res=1
[ 1068.626668] panel-9-power-m[4292]: segfault at 8 ip 00007ff5da1445c2 sp 00007fff97e45520 error 4 in libupower-glib.so.3.1.0[7ff5da142000+e000] likely on CPU 0 (core 0, socket 0)
[ 1068.626683] Code: 24 08 ba 13 00 00 00 89 c6 e8 ca e4 ff ff 85 c0 75 c8 48 8b 44 24 08 48 8d 15 ca be 00 00 be 10 00 00 00 48 8d 3d 88 bd 00 00 <48> 8b 48 08 31 c0 e8 d3 eb ff ff eb a3 90 53 e8 da e5 ff ff 48 89
[ 1068.626708] audit: type=1701 audit(1668176310.088:16): auid=4294967295 uid=1000 gid=1000 ses=4294967295 subj=kernel pid=4292 comm="panel-9-power-m" exe="/usr/lib/xfce4/panel/wrapper-2.0" sig=11 res=1
[ 1143.942418] panel-9-power-m[4472]: segfault at 8 ip 00007f369e5da5c2 sp 00007fffe51d4f90 error 4 in libupower-glib.so.3.1.0[7f369e5d8000+e000] likely on CPU 1 (core 1, socket 0)
[ 1143.942431] Code: 24 08 ba 13 00 00 00 89 c6 e8 ca e4 ff ff 85 c0 75 c8 48 8b 44 24 08 48 8d 15 ca be 00 00 be 10 00 00 00 48 8d 3d 88 bd 00 00 <48> 8b 48 08 31 c0 e8 d3 eb ff ff eb a3 90 53 e8 da e5 ff ff 48 89
[ 1143.942454] audit: type=1701 audit(1668176385.406:17): auid=4294967295 uid=1000 gid=1000 ses=4294967295 subj=kernel pid=4472 comm="panel-9-power-m" exe="/usr/lib/xfce4/panel/wrapper-2.0" sig=11 res=1
[ 1219.286982] panel-9-power-m[4648]: segfault at 8 ip 00007f822bf9e5c2 sp 00007ffc68057c00 error 4 in libupower-glib.so.3.1.0[7f822bf9c000+e000] likely on CPU 1 (core 1, socket 0)
[ 1219.286995] Code: 24 08 ba 13 00 00 00 89 c6 e8 ca e4 ff ff 85 c0 75 c8 48 8b 44 24 08 48 8d 15 ca be 00 00 be 10 00 00 00 48 8d 3d 88 bd 00 00 <48> 8b 48 08 31 c0 e8 d3 eb ff ff eb a3 90 53 e8 da e5 ff ff 48 89
[ 1219.287016] audit: type=1701 audit(1668176460.753:18): auid=4294967295 uid=1000 gid=1000 ses=4294967295 subj=kernel pid=4648 comm="panel-9-power-m" exe="/usr/lib/xfce4/panel/wrapper-2.0" sig=11 res=1
[ 1294.625020] panel-9-power-m[4783]: segfault at 8 ip 00007f150d2635c2 sp 00007ffe5c537ee0 error 4 in libupower-glib.so.3.1.0[7f150d261000+e000] likely on CPU 8 (core 2, socket 0)
[ 1294.625034] Code: 24 08 ba 13 00 00 00 89 c6 e8 ca e4 ff ff 85 c0 75 c8 48 8b 44 24 08 48 8d 15 ca be 00 00 be 10 00 00 00 48 8d 3d 88 bd 00 00 <48> 8b 48 08 31 c0 e8 d3 eb ff ff eb a3 90 53 e8 da e5 ff ff 48 89
[ 1294.625056] audit: type=1701 audit(1668176536.093:19): auid=4294967295 uid=1000 gid=1000 ses=4294967295 subj=kernel pid=4783 comm="panel-9-power-m" exe="/usr/lib/xfce4/panel/wrapper-2.0" sig=11 res=1
[ 1369.953164] panel-9-power-m[4918]: segfault at 8 ip 00007fb18d1bf5c2 sp 00007fff04191ee0 error 4 in libupower-glib.so.3.1.0[7fb18d1bd000+e000] likely on CPU 0 (core 0, socket 0)
[ 1369.953178] Code: 24 08 ba 13 00 00 00 89 c6 e8 ca e4 ff ff 85 c0 75 c8 48 8b 44 24 08 48 8d 15 ca be 00 00 be 10 00 00 00 48 8d 3d 88 bd 00 00 <48> 8b 48 08 31 c0 e8 d3 eb ff ff eb a3 90 53 e8 da e5 ff ff 48 89
[ 1369.953203] audit: type=1701 audit(1668176611.422:20): auid=4294967295 uid=1000 gid=1000 ses=4294967295 subj=kernel pid=4918 comm="panel-9-power-m" exe="/usr/lib/xfce4/panel/wrapper-2.0" sig=11 res=1
[ 1445.272810] panel-9-power-m[5060]: segfault at 8 ip 00007f3178cdb5c2 sp 00007ffef13c0e90 error 4 in libupower-glib.so.3.1.0[7f3178cd9000+e000] likely on CPU 0 (core 0, socket 0)
[ 1445.272824] Code: 24 08 ba 13 00 00 00 89 c6 e8 ca e4 ff ff 85 c0 75 c8 48 8b 44 24 08 48 8d 15 ca be 00 00 be 10 00 00 00 48 8d 3d 88 bd 00 00 <48> 8b 48 08 31 c0 e8 d3 eb ff ff eb a3 90 53 e8 da e5 ff ff 48 89
[ 1445.272850] audit: type=1701 audit(1668176686.744:21): auid=4294967295 uid=1000 gid=1000 ses=4294967295 subj=kernel pid=5060 comm="panel-9-power-m" exe="/usr/lib/xfce4/panel/wrapper-2.0" sig=11 res=1
[ 1520.618342] panel-9-power-m[5224]: segfault at 8 ip 00007f554bffe5c2 sp 00007ffddae86d10 error 4 in libupower-glib.so.3.1.0[7f554bffc000+e000] likely on CPU 0 (core 0, socket 0)
[ 1520.618355] Code: 24 08 ba 13 00 00 00 89 c6 e8 ca e4 ff ff 85 c0 75 c8 48 8b 44 24 08 48 8d 15 ca be 00 00 be 10 00 00 00 48 8d 3d 88 bd 00 00 <48> 8b 48 08 31 c0 e8 d3 eb ff ff eb a3 90 53 e8 da e5 ff ff 48 89
[ 1520.618376] audit: type=1701 audit(1668176762.091:22): auid=4294967295 uid=1000 gid=1000 ses=4294967295 subj=kernel pid=5224 comm="panel-9-power-m" exe="/usr/lib/xfce4/panel/wrapper-2.0" sig=11 res=1
[ 1595.956162] panel-9-power-m[5375]: segfault at 8 ip 00007f17054295c2 sp 00007fff07a877d0 error 4 in libupower-glib.so.3.1.0[7f1705427000+e000] likely on CPU 8 (core 2, socket 0)
[ 1595.956175] Code: 24 08 ba 13 00 00 00 89 c6 e8 ca e4 ff ff 85 c0 75 c8 48 8b 44 24 08 48 8d 15 ca be 00 00 be 10 00 00 00 48 8d 3d 88 bd 00 00 <48> 8b 48 08 31 c0 e8 d3 eb ff ff eb a3 90 53 e8 da e5 ff ff 48 89
[ 1595.956203] audit: type=1701 audit(1668176837.431:23): auid=4294967295 uid=1000 gid=1000 ses=4294967295 subj=kernel pid=5375 comm="panel-9-power-m" exe="/usr/lib/xfce4/panel/wrapper-2.0" sig=11 res=1
[ 1671.302100] panel-9-power-m[5507]: segfault at 8 ip 00007fcd2fca15c2 sp 00007ffcee866bc0 error 4 in libupower-glib.so.3.1.0[7fcd2fc9f000+e000] likely on CPU 0 (core 0, socket 0)
[ 1671.302114] Code: 24 08 ba 13 00 00 00 89 c6 e8 ca e4 ff ff 85 c0 75 c8 48 8b 44 24 08 48 8d 15 ca be 00 00 be 10 00 00 00 48 8d 3d 88 bd 00 00 <48> 8b 48 08 31 c0 e8 d3 eb ff ff eb a3 90 53 e8 da e5 ff ff 48 89
[ 1671.302137] audit: type=1701 audit(1668176912.778:24): auid=4294967295 uid=1000 gid=1000 ses=4294967295 subj=kernel pid=5507 comm="panel-9-power-m" exe="/usr/lib/xfce4/panel/wrapper-2.0" sig=11 res=1
[ 1746.626327] panel-9-power-m[5662]: segfault at 8 ip 00007fdf08fa95c2 sp 00007ffc382ad360 error 4 in libupower-glib.so.3.1.0[7fdf08fa7000+e000] likely on CPU 7 (core 1, socket 0)
[ 1746.626340] Code: 24 08 ba 13 00 00 00 89 c6 e8 ca e4 ff ff 85 c0 75 c8 48 8b 44 24 08 48 8d 15 ca be 00 00 be 10 00 00 00 48 8d 3d 88 bd 00 00 <48> 8b 48 08 31 c0 e8 d3 eb ff ff eb a3 90 53 e8 da e5 ff ff 48 89
[ 1746.626364] audit: type=1701 audit(1668176988.104:25): auid=4294967295 uid=1000 gid=1000 ses=4294967295 subj=kernel pid=5662 comm="panel-9-power-m" exe="/usr/lib/xfce4/panel/wrapper-2.0" sig=11 res=1
[ 1821.965461] panel-9-power-m[5824]: segfault at 8 ip 00007f4ce9aa05c2 sp 00007ffd8d14b990 error 4 in libupower-glib.so.3.1.0[7f4ce9a9e000+e000] likely on CPU 8 (core 2, socket 0)
[ 1821.965474] Code: 24 08 ba 13 00 00 00 89 c6 e8 ca e4 ff ff 85 c0 75 c8 48 8b 44 24 08 48 8d 15 ca be 00 00 be 10 00 00 00 48 8d 3d 88 bd 00 00 <48> 8b 48 08 31 c0 e8 d3 eb ff ff eb a3 90 53 e8 da e5 ff ff 48 89
[ 1821.965499] audit: type=1701 audit(1668177063.446:26): auid=4294967295 uid=1000 gid=1000 ses=4294967295 subj=kernel pid=5824 comm="panel-9-power-m" exe="/usr/lib/xfce4/panel/wrapper-2.0" sig=11 res=1
[ 1897.304269] panel-9-power-m[5979]: segfault at 8 ip 00007fa5a76ff5c2 sp 00007ffda1a78390 error 4 in libupower-glib.so.3.1.0[7fa5a76fd000+e000] likely on CPU 7 (core 1, socket 0)
[ 1897.304282] Code: 24 08 ba 13 00 00 00 89 c6 e8 ca e4 ff ff 85 c0 75 c8 48 8b 44 24 08 48 8d 15 ca be 00 00 be 10 00 00 00 48 8d 3d 88 bd 00 00 <48> 8b 48 08 31 c0 e8 d3 eb ff ff eb a3 90 53 e8 da e5 ff ff 48 89
[ 1897.304305] audit: type=1701 audit(1668177138.786:27): auid=4294967295 uid=1000 gid=1000 ses=4294967295 subj=kernel pid=5979 comm="panel-9-power-m" exe="/usr/lib/xfce4/panel/wrapper-2.0" sig=11 res=1
[ 1972.623629] panel-9-power-m[6131]: segfault at 8 ip 00007fa06b5245c2 sp 00007ffcb479b920 error 4 in libupower-glib.so.3.1.0[7fa06b522000+e000] likely on CPU 1 (core 1, socket 0)
[ 1972.623641] Code: 24 08 ba 13 00 00 00 89 c6 e8 ca e4 ff ff 85 c0 75 c8 48 8b 44 24 08 48 8d 15 ca be 00 00 be 10 00 00 00 48 8d 3d 88 bd 00 00 <48> 8b 48 08 31 c0 e8 d3 eb ff ff eb a3 90 53 e8 da e5 ff ff 48 89
[ 1972.623662] audit: type=1701 audit(1668177214.106:28): auid=4294967295 uid=1000 gid=1000 ses=4294967295 subj=kernel pid=6131 comm="panel-9-power-m" exe="/usr/lib/xfce4/panel/wrapper-2.0" sig=11 res=1
[ 2047.930145] panel-9-power-m[6264]: segfault at 8 ip 00007f63cd5d15c2 sp 00007ffc07498a60 error 4 in libupower-glib.so.3.1.0[7f63cd5cf000+e000] likely on CPU 8 (core 2, socket 0)
[ 2047.930158] Code: 24 08 ba 13 00 00 00 89 c6 e8 ca e4 ff ff 85 c0 75 c8 48 8b 44 24 08 48 8d 15 ca be 00 00 be 10 00 00 00 48 8d 3d 88 bd 00 00 <48> 8b 48 08 31 c0 e8 d3 eb ff ff eb a3 90 53 e8 da e5 ff ff 48 89
[ 2047.930180] audit: type=1701 audit(1668177289.415:29): auid=4294967295 uid=1000 gid=1000 ses=4294967295 subj=kernel pid=6264 comm="panel-9-power-m" exe="/usr/lib/xfce4/panel/wrapper-2.0" sig=11 res=1
[ 2123.277292] panel-9-power-m[6440]: segfault at 8 ip 00007fd231e335c2 sp 00007ffcc60f12e0 error 4 in libupower-glib.so.3.1.0[7fd231e31000+e000] likely on CPU 9 (core 4, socket 0)
[ 2123.277305] Code: 24 08 ba 13 00 00 00 89 c6 e8 ca e4 ff ff 85 c0 75 c8 48 8b 44 24 08 48 8d 15 ca be 00 00 be 10 00 00 00 48 8d 3d 88 bd 00 00 <48> 8b 48 08 31 c0 e8 d3 eb ff ff eb a3 90 53 e8 da e5 ff ff 48 89
[ 2123.277327] audit: type=1701 audit(1668177364.763:30): auid=4294967295 uid=1000 gid=1000 ses=4294967295 subj=kernel pid=6440 comm="panel-9-power-m" exe="/usr/lib/xfce4/panel/wrapper-2.0" sig=11 res=1
[ 2198.595901] panel-9-power-m[6590]: segfault at 8 ip 00007f95a6c565c2 sp 00007ffc4c9d0d60 error 4 in libupower-glib.so.3.1.0[7f95a6c54000+e000] likely on CPU 4 (core 5, socket 0)
[ 2198.595914] Code: 24 08 ba 13 00 00 00 89 c6 e8 ca e4 ff ff 85 c0 75 c8 48 8b 44 24 08 48 8d 15 ca be 00 00 be 10 00 00 00 48 8d 3d 88 bd 00 00 <48> 8b 48 08 31 c0 e8 d3 eb ff ff eb a3 90 53 e8 da e5 ff ff 48 89
[ 2198.595939] audit: type=1701 audit(1668177440.083:31): auid=4294967295 uid=1000 gid=1000 ses=4294967295 subj=kernel pid=6590 comm="panel-9-power-m" exe="/usr/lib/xfce4/panel/wrapper-2.0" sig=11 res=1
[ 2273.917650] panel-9-power-m[6728]: segfault at 8 ip 00007f7defed05c2 sp 00007ffc75e51320 error 4 in libupower-glib.so.3.1.0[7f7defece000+e000] likely on CPU 4 (core 5, socket 0)
[ 2273.917663] Code: 24 08 ba 13 00 00 00 89 c6 e8 ca e4 ff ff 85 c0 75 c8 48 8b 44 24 08 48 8d 15 ca be 00 00 be 10 00 00 00 48 8d 3d 88 bd 00 00 <48> 8b 48 08 31 c0 e8 d3 eb ff ff eb a3 90 53 e8 da e5 ff ff 48 89
[ 2273.917687] audit: type=1701 audit(1668177515.408:32): auid=4294967295 uid=1000 gid=1000 ses=4294967295 subj=kernel pid=6728 comm="panel-9-power-m" exe="/usr/lib/xfce4/panel/wrapper-2.0" sig=11 res=1
[ 2349.258528] panel-9-power-m[6860]: segfault at 8 ip 00007f2bb688e5c2 sp 00007fff9fc60050 error 4 in libupower-glib.so.3.1.0[7f2bb688c000+e000] likely on CPU 4 (core 5, socket 0)
[ 2349.258541] Code: 24 08 ba 13 00 00 00 89 c6 e8 ca e4 ff ff 85 c0 75 c8 48 8b 44 24 08 48 8d 15 ca be 00 00 be 10 00 00 00 48 8d 3d 88 bd 00 00 <48> 8b 48 08 31 c0 e8 d3 eb ff ff eb a3 90 53 e8 da e5 ff ff 48 89
[ 2349.258562] audit: type=1701 audit(1668177590.749:33): auid=4294967295 uid=1000 gid=1000 ses=4294967295 subj=kernel pid=6860 comm="panel-9-power-m" exe="/usr/lib/xfce4/panel/wrapper-2.0" sig=11 res=1
[ 2424.579862] panel-9-power-m[7032]: segfault at 8 ip 00007fe3db6605c2 sp 00007ffc19f3ccf0 error 4 in libupower-glib.so.3.1.0[7fe3db65e000+e000] likely on CPU 4 (core 5, socket 0)
[ 2424.579875] Code: 24 08 ba 13 00 00 00 89 c6 e8 ca e4 ff ff 85 c0 75 c8 48 8b 44 24 08 48 8d 15 ca be 00 00 be 10 00 00 00 48 8d 3d 88 bd 00 00 <48> 8b 48 08 31 c0 e8 d3 eb ff ff eb a3 90 53 e8 da e5 ff ff 48 89
[ 2424.579899] audit: type=1701 audit(1668177666.073:34): auid=4294967295 uid=1000 gid=1000 ses=4294967295 subj=kernel pid=7032 comm="panel-9-power-m" exe="/usr/lib/xfce4/panel/wrapper-2.0" sig=11 res=1
[ 2499.920162] panel-9-power-m[7175]: segfault at 8 ip 00007f1c0b9bb5c2 sp 00007fff7133af70 error 4 in libupower-glib.so.3.1.0[7f1c0b9b9000+e000] likely on CPU 3 (core 4, socket 0)
[ 2499.920175] Code: 24 08 ba 13 00 00 00 89 c6 e8 ca e4 ff ff 85 c0 75 c8 48 8b 44 24 08 48 8d 15 ca be 00 00 be 10 00 00 00 48 8d 3d 88 bd 00 00 <48> 8b 48 08 31 c0 e8 d3 eb ff ff eb a3 90 53 e8 da e5 ff ff 48 89
[ 2499.920201] audit: type=1701 audit(1668177741.415:35): auid=4294967295 uid=1000 gid=1000 ses=4294967295 subj=kernel pid=7175 comm="panel-9-power-m" exe="/usr/lib/xfce4/panel/wrapper-2.0" sig=11 res=1
[ 2575.268706] panel-9-power-m[7312]: segfault at 8 ip 00007fb7eed5a5c2 sp 00007ffc12092670 error 4 in libupower-glib.so.3.1.0[7fb7eed58000+e000] likely on CPU 9 (core 4, socket 0)
[ 2575.268718] Code: 24 08 ba 13 00 00 00 89 c6 e8 ca e4 ff ff 85 c0 75 c8 48 8b 44 24 08 48 8d 15 ca be 00 00 be 10 00 00 00 48 8d 3d 88 bd 00 00 <48> 8b 48 08 31 c0 e8 d3 eb ff ff eb a3 90 53 e8 da e5 ff ff 48 89
[ 2575.268742] audit: type=1701 audit(1668177816.765:36): auid=4294967295 uid=1000 gid=1000 ses=4294967295 subj=kernel pid=7312 comm="panel-9-power-m" exe="/usr/lib/xfce4/panel/wrapper-2.0" sig=11 res=1
[ 2650.580947] panel-9-power-m[7439]: segfault at 8 ip 00007f8adf8cc5c2 sp 00007ffe5e1b23b0 error 4 in libupower-glib.so.3.1.0[7f8adf8ca000+e000] likely on CPU 11 (core 6, socket 0)
[ 2650.580960] Code: 24 08 ba 13 00 00 00 89 c6 e8 ca e4 ff ff 85 c0 75 c8 48 8b 44 24 08 48 8d 15 ca be 00 00 be 10 00 00 00 48 8d 3d 88 bd 00 00 <48> 8b 48 08 31 c0 e8 d3 eb ff ff eb a3 90 53 e8 da e5 ff ff 48 89
[ 2650.580984] audit: type=1701 audit(1668177892.078:37): auid=4294967295 uid=1000 gid=1000 ses=4294967295 subj=kernel pid=7439 comm="panel-9-power-m" exe="/usr/lib/xfce4/panel/wrapper-2.0" sig=11 res=1
[ 2725.921329] panel-9-power-m[7598]: segfault at 8 ip 00007fe0368dc5c2 sp 00007ffea2dc4230 error 4 in libupower-glib.so.3.1.0[7fe0368da000+e000] likely on CPU 11 (core 6, socket 0)
[ 2725.921342] Code: 24 08 ba 13 00 00 00 89 c6 e8 ca e4 ff ff 85 c0 75 c8 48 8b 44 24 08 48 8d 15 ca be 00 00 be 10 00 00 00 48 8d 3d 88 bd 00 00 <48> 8b 48 08 31 c0 e8 d3 eb ff ff eb a3 90 53 e8 da e5 ff ff 48 89
[ 2725.921366] audit: type=1701 audit(1668177967.422:38): auid=4294967295 uid=1000 gid=1000 ses=4294967295 subj=kernel pid=7598 comm="panel-9-power-m" exe="/usr/lib/xfce4/panel/wrapper-2.0" sig=11 res=1
[ 2801.266951] panel-9-power-m[7769]: segfault at 8 ip 00007f50951385c2 sp 00007ffcfbb585c0 error 4 in libupower-glib.so.3.1.0[7f5095136000+e000] likely on CPU 11 (core 6, socket 0)
[ 2801.266964] Code: 24 08 ba 13 00 00 00 89 c6 e8 ca e4 ff ff 85 c0 75 c8 48 8b 44 24 08 48 8d 15 ca be 00 00 be 10 00 00 00 48 8d 3d 88 bd 00 00 <48> 8b 48 08 31 c0 e8 d3 eb ff ff eb a3 90 53 e8 da e5 ff ff 48 89
[ 2801.266986] audit: type=1701 audit(1668178042.768:39): auid=4294967295 uid=1000 gid=1000 ses=4294967295 subj=kernel pid=7769 comm="panel-9-power-m" exe="/usr/lib/xfce4/panel/wrapper-2.0" sig=11 res=1
[ 2876.607570] panel-9-power-m[7921]: segfault at 8 ip 00007fc67ffb95c2 sp 00007ffe4c6d3e30 error 4 in libupower-glib.so.3.1.0[7fc67ffb7000+e000] likely on CPU 11 (core 6, socket 0)
[ 2876.607583] Code: 24 08 ba 13 00 00 00 89 c6 e8 ca e4 ff ff 85 c0 75 c8 48 8b 44 24 08 48 8d 15 ca be 00 00 be 10 00 00 00 48 8d 3d 88 bd 00 00 <48> 8b 48 08 31 c0 e8 d3 eb ff ff eb a3 90 53 e8 da e5 ff ff 48 89
[ 2876.607606] audit: type=1701 audit(1668178118.111:40): auid=4294967295 uid=1000 gid=1000 ses=4294967295 subj=kernel pid=7921 comm="panel-9-power-m" exe="/usr/lib/xfce4/panel/wrapper-2.0" sig=11 res=1
[ 2951.944326] panel-9-power-m[8082]: segfault at 8 ip 00007f49ecd2a5c2 sp 00007ffd11565d20 error 4 in libupower-glib.so.3.1.0[7f49ecd28000+e000] likely on CPU 5 (core 6, socket 0)
[ 2951.944339] Code: 24 08 ba 13 00 00 00 89 c6 e8 ca e4 ff ff 85 c0 75 c8 48 8b 44 24 08 48 8d 15 ca be 00 00 be 10 00 00 00 48 8d 3d 88 bd 00 00 <48> 8b 48 08 31 c0 e8 d3 eb ff ff eb a3 90 53 e8 da e5 ff ff 48 89
[ 2951.944361] audit: type=1701 audit(1668178193.448:41): auid=4294967295 uid=1000 gid=1000 ses=4294967295 subj=kernel pid=8082 comm="panel-9-power-m" exe="/usr/lib/xfce4/panel/wrapper-2.0" sig=11 res=1
[ 3027.267648] panel-9-power-m[8247]: segfault at 8 ip 00007f4cc803d5c2 sp 00007fffaf3de610 error 4 in libupower-glib.so.3.1.0[7f4cc803b000+e000] likely on CPU 7 (core 1, socket 0)
[ 3027.267661] Code: 24 08 ba 13 00 00 00 89 c6 e8 ca e4 ff ff 85 c0 75 c8 48 8b 44 24 08 48 8d 15 ca be 00 00 be 10 00 00 00 48 8d 3d 88 bd 00 00 <48> 8b 48 08 31 c0 e8 d3 eb ff ff eb a3 90 53 e8 da e5 ff ff 48 89
