[    0.000000] Linux version 6.1.0-rc5-next-20221117 (root@lfs-eyohn) (gcc (GCC) 12.2.0, GNU ld (GNU Binutils) 2.39) #1 SMP PREEMPT_DYNAMIC Thu Nov 17 14:05:18 MSK 2022
[    0.000000] Command line: BOOT_IMAGE=/boot/vmlinuz-6.1.0-rc5-next root=/dev/sdb ro
[    0.000000] x86/fpu: Supporting XSAVE feature 0x001: 'x87 floating point registers'
[    0.000000] x86/fpu: Supporting XSAVE feature 0x002: 'SSE registers'
[    0.000000] x86/fpu: Supporting XSAVE feature 0x004: 'AVX registers'
[    0.000000] x86/fpu: xstate_offset[2]:  576, xstate_sizes[2]:  256
[    0.000000] x86/fpu: Enabled xstate features 0x7, context size is 832 bytes, using 'compacted' format.
[    0.000000] signal: max sigframe size: 1776
[    0.000000] BIOS-provided physical RAM map:
[    0.000000] BIOS-e820: [mem 0x0000000000000000-0x000000000009ffff] usable
[    0.000000] BIOS-e820: [mem 0x00000000000a0000-0x00000000000fffff] reserved
[    0.000000] BIOS-e820: [mem 0x0000000000100000-0x0000000009bfefff] usable
[    0.000000] BIOS-e820: [mem 0x0000000009bff000-0x0000000009ffffff] reserved
[    0.000000] BIOS-e820: [mem 0x000000000a000000-0x000000000a1fffff] usable
[    0.000000] BIOS-e820: [mem 0x000000000a200000-0x000000000a20cfff] ACPI NVS
[    0.000000] BIOS-e820: [mem 0x000000000a20d000-0x000000000affffff] usable
[    0.000000] BIOS-e820: [mem 0x000000000b000000-0x000000000b01ffff] reserved
[    0.000000] BIOS-e820: [mem 0x000000000b020000-0x00000000cac7efff] usable
[    0.000000] BIOS-e820: [mem 0x00000000cac7f000-0x00000000cac7ffff] reserved
[    0.000000] BIOS-e820: [mem 0x00000000cac80000-0x00000000cacd8fff] usable
[    0.000000] BIOS-e820: [mem 0x00000000cacd9000-0x00000000cacd9fff] reserved
[    0.000000] BIOS-e820: [mem 0x00000000cacda000-0x00000000e96ebfff] usable
[    0.000000] BIOS-e820: [mem 0x00000000e96ec000-0x00000000eacdafff] reserved
[    0.000000] BIOS-e820: [mem 0x00000000eacdb000-0x00000000ead23fff] ACPI data
[    0.000000] BIOS-e820: [mem 0x00000000ead24000-0x00000000ec3dafff] ACPI NVS
[    0.000000] BIOS-e820: [mem 0x00000000ec3db000-0x00000000ed179fff] reserved
[    0.000000] BIOS-e820: [mem 0x00000000ed17a000-0x00000000ed1fefff] type 20
[    0.000000] BIOS-e820: [mem 0x00000000ed1ff000-0x00000000edffffff] usable
[    0.000000] BIOS-e820: [mem 0x00000000ee000000-0x00000000f7ffffff] reserved
[    0.000000] BIOS-e820: [mem 0x00000000fd200000-0x00000000fd2fffff] reserved
[    0.000000] BIOS-e820: [mem 0x00000000fd600000-0x00000000fd6fffff] reserved
[    0.000000] BIOS-e820: [mem 0x00000000fea00000-0x00000000fea0ffff] reserved
[    0.000000] BIOS-e820: [mem 0x00000000feb80000-0x00000000fec01fff] reserved
[    0.000000] BIOS-e820: [mem 0x00000000fec10000-0x00000000fec10fff] reserved
[    0.000000] BIOS-e820: [mem 0x00000000fec30000-0x00000000fec30fff] reserved
[    0.000000] BIOS-e820: [mem 0x00000000fed00000-0x00000000fed00fff] reserved
[    0.000000] BIOS-e820: [mem 0x00000000fed40000-0x00000000fed44fff] reserved
[    0.000000] BIOS-e820: [mem 0x00000000fed80000-0x00000000fed8ffff] reserved
[    0.000000] BIOS-e820: [mem 0x00000000fedc2000-0x00000000fedcffff] reserved
[    0.000000] BIOS-e820: [mem 0x00000000fedd4000-0x00000000fedd5fff] reserved
[    0.000000] BIOS-e820: [mem 0x00000000ff000000-0x00000000ffffffff] reserved
[    0.000000] BIOS-e820: [mem 0x0000000100000000-0x00000007ef33ffff] usable
[    0.000000] BIOS-e820: [mem 0x00000007ef340000-0x000000080fffffff] reserved
[    0.000000] NX (Execute Disable) protection: active
[    0.000000] efi: EFI v2.70 by American Megatrends
[    0.000000] efi: ACPI=0xec3c4000 ACPI 2.0=0xec3c4014 SMBIOS=0xed038000 SMBIOS 3.0=0xed037000 MEMATTR=0xe628b318 ESRT=0xe83ec498 
[    0.000000] SMBIOS 3.3.0 present.
[    0.000000] DMI: To Be Filled By O.E.M. To Be Filled By O.E.M./A520M Pro4, BIOS L1.32 11/06/2020
[    0.000000] tsc: Fast TSC calibration using PIT
[    0.000000] tsc: Detected 3693.353 MHz processor
[    0.000210] e820: update [mem 0x00000000-0x00000fff] usable ==> reserved
[    0.000212] e820: remove [mem 0x000a0000-0x000fffff] usable
[    0.000220] last_pfn = 0x7ef340 max_arch_pfn = 0x400000000
[    0.000223] x86/PAT: Configuration [0-7]: WB  WC  UC- UC  WB  WP  UC- WT  
[    0.000365] e820: update [mem 0xf0000000-0xffffffff] usable ==> reserved
[    0.000371] last_pfn = 0xee000 max_arch_pfn = 0x400000000
[    0.003284] esrt: Reserving ESRT space from 0x00000000e83ec498 to 0x00000000e83ec4d0.
[    0.003294] e820: update [mem 0xe83ec000-0xe83ecfff] usable ==> reserved
[    0.003334] Using GB pages for direct mapping
[    0.003766] Secure boot disabled
[    0.003768] ACPI: Early table checksum verification disabled
[    0.003770] ACPI: RSDP 0x00000000EC3C4014 000024 (v02 ALASKA)
[    0.003773] ACPI: XSDT 0x00000000EC3C3728 0000DC (v01 ALASKA A M I    01072009 AMI  01000013)
[    0.003776] ACPI: FACP 0x00000000EAD16000 000114 (v06 ALASKA A M I    01072009 AMI  00010013)
[    0.003780] ACPI: DSDT 0x00000000EACE5000 00619A (v02 ALASKA A M I    01072009 INTL 20120913)
[    0.003781] ACPI: FACS 0x00000000EB3BE000 000040
[    0.003783] ACPI: SSDT 0x00000000EAD1C000 007229 (v02 AMD    Artic    00000002 MSFT 04000000)
[    0.003785] ACPI: SSDT 0x00000000EAD18000 003A31 (v01 AMD    AMD AOD  00000001 INTL 20120913)
[    0.003786] ACPI: SSDT 0x00000000EAD17000 0001AD (v02 ALASKA CPUSSDT  01072009 AMI  01072009)
[    0.003788] ACPI: FIDT 0x00000000EAD0F000 00009C (v01 ALASKA A M I    01072009 AMI  00010013)
[    0.003789] ACPI: MCFG 0x00000000EAD0E000 00003C (v01 ALASKA A M I    01072009 MSFT 00010013)
[    0.003791] ACPI: AAFT 0x00000000EAD0D000 0000ED (v01 ALASKA OEMAAFT  01072009 MSFT 00000097)
[    0.003793] ACPI: HPET 0x00000000EAD0C000 000038 (v01 ALASKA A M I    01072009 AMI  00000005)
[    0.003794] ACPI: VFCT 0x00000000EACFE000 00D484 (v01 ALASKA A M I    00000001 AMD  31504F47)
[    0.003796] ACPI: BGRT 0x00000000EACFD000 000038 (v01 ALASKA A M I    01072009 AMI  00010013)
[    0.003797] ACPI: SSDT 0x00000000EACFB000 00153C (v02 AMD    AmdTable 00000001 AMD  00000001)
[    0.003799] ACPI: CRAT 0x00000000EACFA000 000BA8 (v01 AMD    AmdTable 00000001 AMD  00000001)
[    0.003800] ACPI: CDIT 0x00000000EACF9000 000029 (v01 AMD    AmdTable 00000001 AMD  00000001)
[    0.003802] ACPI: SSDT 0x00000000EACF8000 000D53 (v01 AMD    ArticIG2 00000001 INTL 20120913)
[    0.003804] ACPI: SSDT 0x00000000EACF6000 0010A5 (v01 AMD    ArticTPX 00000001 INTL 20120913)
[    0.003805] ACPI: SSDT 0x00000000EACF2000 00348C (v01 AMD    ArticN   00000001 INTL 20120913)
[    0.003807] ACPI: WSMT 0x00000000EACF1000 000028 (v01 ALASKA A M I    01072009 AMI  00010013)
[    0.003808] ACPI: APIC 0x00000000EACF0000 00015E (v03 ALASKA A M I    01072009 AMI  00010013)
[    0.003810] ACPI: SSDT 0x00000000EACEF000 000517 (v01 AMD    ArticPRN 00000001 INTL 20120913)
[    0.003811] ACPI: SSDT 0x00000000EACEE000 00007D (v01 AMD    ArticDIS 00000001 INTL 20120913)
[    0.003813] ACPI: SSDT 0x00000000EACEC000 0010AF (v01 AMD    ArticC   00000001 INTL 20120913)
[    0.003814] ACPI: SSDT 0x00000000EAD15000 0000BF (v01 AMD    AmdTable 00001000 INTL 20120913)
[    0.003816] ACPI: FPDT 0x00000000EAD14000 000044 (v01 ALASKA A M I    01072009 AMI  01000013)
[    0.003817] ACPI: Reserving FACP table memory at [mem 0xead16000-0xead16113]
[    0.003818] ACPI: Reserving DSDT table memory at [mem 0xeace5000-0xeaceb199]
[    0.003819] ACPI: Reserving FACS table memory at [mem 0xeb3be000-0xeb3be03f]
[    0.003819] ACPI: Reserving SSDT table memory at [mem 0xead1c000-0xead23228]
[    0.003820] ACPI: Reserving SSDT table memory at [mem 0xead18000-0xead1ba30]
[    0.003820] ACPI: Reserving SSDT table memory at [mem 0xead17000-0xead171ac]
[    0.003821] ACPI: Reserving FIDT table memory at [mem 0xead0f000-0xead0f09b]
[    0.003821] ACPI: Reserving MCFG table memory at [mem 0xead0e000-0xead0e03b]
[    0.003822] ACPI: Reserving AAFT table memory at [mem 0xead0d000-0xead0d0ec]
[    0.003822] ACPI: Reserving HPET table memory at [mem 0xead0c000-0xead0c037]
[    0.003823] ACPI: Reserving VFCT table memory at [mem 0xeacfe000-0xead0b483]
[    0.003823] ACPI: Reserving BGRT table memory at [mem 0xeacfd000-0xeacfd037]
[    0.003824] ACPI: Reserving SSDT table memory at [mem 0xeacfb000-0xeacfc53b]
[    0.003824] ACPI: Reserving CRAT table memory at [mem 0xeacfa000-0xeacfaba7]
[    0.003825] ACPI: Reserving CDIT table memory at [mem 0xeacf9000-0xeacf9028]
[    0.003826] ACPI: Reserving SSDT table memory at [mem 0xeacf8000-0xeacf8d52]
[    0.003826] ACPI: Reserving SSDT table memory at [mem 0xeacf6000-0xeacf70a4]
[    0.003827] ACPI: Reserving SSDT table memory at [mem 0xeacf2000-0xeacf548b]
[    0.003827] ACPI: Reserving WSMT table memory at [mem 0xeacf1000-0xeacf1027]
[    0.003828] ACPI: Reserving APIC table memory at [mem 0xeacf0000-0xeacf015d]
[    0.003828] ACPI: Reserving SSDT table memory at [mem 0xeacef000-0xeacef516]
[    0.003829] ACPI: Reserving SSDT table memory at [mem 0xeacee000-0xeacee07c]
[    0.003829] ACPI: Reserving SSDT table memory at [mem 0xeacec000-0xeaced0ae]
[    0.003830] ACPI: Reserving SSDT table memory at [mem 0xead15000-0xead150be]
[    0.003831] ACPI: Reserving FPDT table memory at [mem 0xead14000-0xead14043]
[    0.003880] No NUMA configuration found
[    0.003880] Faking a node at [mem 0x0000000000000000-0x00000007ef33ffff]
[    0.003883] NODE_DATA(0) allocated [mem 0x7ef33b000-0x7ef33ffff]
[    0.003914] Zone ranges:
[    0.003914]   DMA      [mem 0x0000000000001000-0x0000000000ffffff]
[    0.003915]   DMA32    [mem 0x0000000001000000-0x00000000ffffffff]
[    0.003916]   Normal   [mem 0x0000000100000000-0x00000007ef33ffff]
[    0.003917]   Device   empty
[    0.003918] Movable zone start for each node
[    0.003918] Early memory node ranges
[    0.003918]   node   0: [mem 0x0000000000001000-0x000000000009ffff]
[    0.003919]   node   0: [mem 0x0000000000100000-0x0000000009bfefff]
[    0.003920]   node   0: [mem 0x000000000a000000-0x000000000a1fffff]
[    0.003920]   node   0: [mem 0x000000000a20d000-0x000000000affffff]
[    0.003921]   node   0: [mem 0x000000000b020000-0x00000000cac7efff]
[    0.003922]   node   0: [mem 0x00000000cac80000-0x00000000cacd8fff]
[    0.003922]   node   0: [mem 0x00000000cacda000-0x00000000e96ebfff]
[    0.003923]   node   0: [mem 0x00000000ed1ff000-0x00000000edffffff]
[    0.003923]   node   0: [mem 0x0000000100000000-0x00000007ef33ffff]
[    0.003926] Initmem setup node 0 [mem 0x0000000000001000-0x00000007ef33ffff]
[    0.003929] On node 0, zone DMA: 1 pages in unavailable ranges
[    0.003946] On node 0, zone DMA: 96 pages in unavailable ranges
[    0.004093] On node 0, zone DMA32: 1025 pages in unavailable ranges
[    0.004107] On node 0, zone DMA32: 13 pages in unavailable ranges
[    0.008734] On node 0, zone DMA32: 32 pages in unavailable ranges
[    0.008738] On node 0, zone DMA32: 1 pages in unavailable ranges
[    0.009506] On node 0, zone DMA32: 1 pages in unavailable ranges
[    0.009656] On node 0, zone DMA32: 15123 pages in unavailable ranges
[    0.053959] On node 0, zone Normal: 8192 pages in unavailable ranges
[    0.053989] On node 0, zone Normal: 3264 pages in unavailable ranges
[    0.054331] ACPI: PM-Timer IO Port: 0x808
[    0.054336] ACPI: LAPIC_NMI (acpi_id[0xff] high edge lint[0x1])
[    0.054348] IOAPIC[0]: apic_id 13, version 33, address 0xfec00000, GSI 0-23
[    0.054352] IOAPIC[1]: apic_id 14, version 33, address 0xfec01000, GSI 24-55
[    0.054354] ACPI: INT_SRC_OVR (bus 0 bus_irq 0 global_irq 2 dfl dfl)
[    0.054355] ACPI: INT_SRC_OVR (bus 0 bus_irq 9 global_irq 9 low level)
[    0.054357] ACPI: Using ACPI (MADT) for SMP configuration information
[    0.054358] ACPI: HPET id: 0x10228201 base: 0xfed00000
[    0.054370] e820: update [mem 0xe5f81000-0xe5fc1fff] usable ==> reserved
[    0.054382] smpboot: Allowing 32 CPUs, 20 hotplug CPUs
[    0.054410] PM: hibernation: Registered nosave memory: [mem 0x00000000-0x00000fff]
[    0.054412] PM: hibernation: Registered nosave memory: [mem 0x000a0000-0x000fffff]
[    0.054413] PM: hibernation: Registered nosave memory: [mem 0x09bff000-0x09ffffff]
[    0.054414] PM: hibernation: Registered nosave memory: [mem 0x0a200000-0x0a20cfff]
[    0.054416] PM: hibernation: Registered nosave memory: [mem 0x0b000000-0x0b01ffff]
[    0.054417] PM: hibernation: Registered nosave memory: [mem 0xcac7f000-0xcac7ffff]
[    0.054419] PM: hibernation: Registered nosave memory: [mem 0xcacd9000-0xcacd9fff]
[    0.054420] PM: hibernation: Registered nosave memory: [mem 0xe5f81000-0xe5fc1fff]
[    0.054421] PM: hibernation: Registered nosave memory: [mem 0xe83ec000-0xe83ecfff]
[    0.054423] PM: hibernation: Registered nosave memory: [mem 0xe96ec000-0xeacdafff]
[    0.054423] PM: hibernation: Registered nosave memory: [mem 0xeacdb000-0xead23fff]
[    0.054424] PM: hibernation: Registered nosave memory: [mem 0xead24000-0xec3dafff]
[    0.054424] PM: hibernation: Registered nosave memory: [mem 0xec3db000-0xed179fff]
[    0.054425] PM: hibernation: Registered nosave memory: [mem 0xed17a000-0xed1fefff]
[    0.054426] PM: hibernation: Registered nosave memory: [mem 0xee000000-0xf7ffffff]
[    0.054426] PM: hibernation: Registered nosave memory: [mem 0xf8000000-0xfd1fffff]
[    0.054427] PM: hibernation: Registered nosave memory: [mem 0xfd200000-0xfd2fffff]
[    0.054427] PM: hibernation: Registered nosave memory: [mem 0xfd300000-0xfd5fffff]
[    0.054428] PM: hibernation: Registered nosave memory: [mem 0xfd600000-0xfd6fffff]
[    0.054428] PM: hibernation: Registered nosave memory: [mem 0xfd700000-0xfe9fffff]
[    0.054429] PM: hibernation: Registered nosave memory: [mem 0xfea00000-0xfea0ffff]
[    0.054429] PM: hibernation: Registered nosave memory: [mem 0xfea10000-0xfeb7ffff]
[    0.054429] PM: hibernation: Registered nosave memory: [mem 0xfeb80000-0xfec01fff]
[    0.054430] PM: hibernation: Registered nosave memory: [mem 0xfec02000-0xfec0ffff]
[    0.054430] PM: hibernation: Registered nosave memory: [mem 0xfec10000-0xfec10fff]
[    0.054431] PM: hibernation: Registered nosave memory: [mem 0xfec11000-0xfec2ffff]
[    0.054431] PM: hibernation: Registered nosave memory: [mem 0xfec30000-0xfec30fff]
[    0.054432] PM: hibernation: Registered nosave memory: [mem 0xfec31000-0xfecfffff]
[    0.054432] PM: hibernation: Registered nosave memory: [mem 0xfed00000-0xfed00fff]
[    0.054432] PM: hibernation: Registered nosave memory: [mem 0xfed01000-0xfed3ffff]
[    0.054433] PM: hibernation: Registered nosave memory: [mem 0xfed40000-0xfed44fff]
[    0.054433] PM: hibernation: Registered nosave memory: [mem 0xfed45000-0xfed7ffff]
[    0.054434] PM: hibernation: Registered nosave memory: [mem 0xfed80000-0xfed8ffff]
[    0.054434] PM: hibernation: Registered nosave memory: [mem 0xfed90000-0xfedc1fff]
[    0.054434] PM: hibernation: Registered nosave memory: [mem 0xfedc2000-0xfedcffff]
[    0.054435] PM: hibernation: Registered nosave memory: [mem 0xfedd0000-0xfedd3fff]
[    0.054435] PM: hibernation: Registered nosave memory: [mem 0xfedd4000-0xfedd5fff]
[    0.054436] PM: hibernation: Registered nosave memory: [mem 0xfedd6000-0xfeffffff]
[    0.054436] PM: hibernation: Registered nosave memory: [mem 0xff000000-0xffffffff]
[    0.054437] [mem 0xf8000000-0xfd1fffff] available for PCI devices
[    0.054439] Booting paravirtualized kernel on bare hardware
[    0.054440] clocksource: refined-jiffies: mask: 0xffffffff max_cycles: 0xffffffff, max_idle_ns: 1910969940391419 ns
[    0.058713] setup_percpu: NR_CPUS:64 nr_cpumask_bits:32 nr_cpu_ids:32 nr_node_ids:1
[    0.059920] percpu: Embedded 53 pages/cpu s176616 r8192 d32280 u262144
[    0.059929] pcpu-alloc: s176616 r8192 d32280 u262144 alloc=1*2097152
[    0.059931] pcpu-alloc: [0] 00 01 02 03 04 05 06 07 [0] 08 09 10 11 12 13 14 15 
[    0.059937] pcpu-alloc: [0] 16 17 18 19 20 21 22 23 [0] 24 25 26 27 28 29 30 31 
[    0.059964] Fallback order for Node 0: 0 
[    0.059971] Built 1 zonelists, mobility grouping on.  Total pages: 8101037
[    0.059972] Policy zone: Normal
[    0.059972] Kernel command line: BOOT_IMAGE=/boot/vmlinuz-6.1.0-rc5-next root=/dev/sdb ro
[    0.059993] Unknown kernel command line parameters "BOOT_IMAGE=/boot/vmlinuz-6.1.0-rc5-next", will be passed to user space.
[    0.060027] random: crng init done
[    0.062785] Dentry cache hash table entries: 4194304 (order: 13, 33554432 bytes, linear)
[    0.064252] Inode-cache hash table entries: 2097152 (order: 12, 16777216 bytes, linear)
[    0.064436] mem auto-init: stack:all(zero), heap alloc:off, heap free:off
[    0.064440] software IO TLB: area num 32.
[    0.120525] Memory: 32163508K/32919152K available (18432K kernel code, 2688K rwdata, 6328K rodata, 2428K init, 1880K bss, 755384K reserved, 0K cma-reserved)
[    0.120638] SLUB: HWalign=64, Order=0-3, MinObjects=0, CPUs=32, Nodes=1
[    0.121432] Dynamic Preempt: voluntary
[    0.121513] rcu: Preemptible hierarchical RCU implementation.
[    0.121513] rcu: 	RCU event tracing is enabled.
[    0.121513] rcu: 	RCU restricting CPUs from NR_CPUS=64 to nr_cpu_ids=32.
[    0.121514] 	Trampoline variant of Tasks RCU enabled.
[    0.121515] rcu: RCU calculated value of scheduler-enlistment delay is 100 jiffies.
[    0.121516] rcu: Adjusting geometry for rcu_fanout_leaf=16, nr_cpu_ids=32
[    0.122418] NR_IRQS: 4352, nr_irqs: 1224, preallocated irqs: 16
[    0.122618] rcu: srcu_init: Setting srcu_struct sizes based on contention.
[    0.122731] Console: colour dummy device 80x25
[    0.122980] printk: console [tty0] enabled
[    0.123017] ACPI: Core revision 20221020
[    0.123167] clocksource: hpet: mask: 0xffffffff max_cycles: 0xffffffff, max_idle_ns: 133484873504 ns
[    0.123186] APIC: Switch to symmetric I/O mode setup
[    0.123189] Switched APIC routing to physical flat.
[    0.123770] ..TIMER: vector=0x30 apic1=0 pin1=2 apic2=-1 pin2=-1
[    0.128191] clocksource: tsc-early: mask: 0xffffffffffffffff max_cycles: 0x6a799dd17d7, max_idle_ns: 881591127193 ns
[    0.128197] Calibrating delay loop (skipped), value calculated using timer frequency.. 7386.70 BogoMIPS (lpj=3693353)
[    0.128200] pid_max: default: 32768 minimum: 301
[    0.130222] LSM: initializing lsm=capability,integrity,selinux
[    0.130231] SELinux:  Initializing.
[    0.130299] Mount-cache hash table entries: 65536 (order: 7, 524288 bytes, linear)
[    0.130341] Mountpoint-cache hash table entries: 65536 (order: 7, 524288 bytes, linear)
[    0.130565] x86/cpu: User Mode Instruction Prevention (UMIP) activated
[    0.130593] LVT offset 1 assigned for vector 0xf9
[    0.130647] LVT offset 2 assigned for vector 0xf4
[    0.130663] process: using mwait in idle threads
[    0.130665] Last level iTLB entries: 4KB 1024, 2MB 1024, 4MB 512
[    0.130667] Last level dTLB entries: 4KB 2048, 2MB 2048, 4MB 1024, 1GB 0
[    0.130671] Spectre V1 : Mitigation: usercopy/swapgs barriers and __user pointer sanitization
[    0.130674] Spectre V2 : Mitigation: Retpolines
[    0.130675] Spectre V2 : Spectre v2 / SpectreRSB mitigation: Filling RSB on context switch
[    0.130677] Spectre V2 : Spectre v2 / SpectreRSB : Filling RSB on VMEXIT
[    0.130679] Spectre V2 : Enabling Speculation Barrier for firmware calls
[    0.130680] RETBleed: Mitigation: untrained return thunk
[    0.130683] Spectre V2 : mitigation: Enabling conditional Indirect Branch Prediction Barrier
[    0.130685] Spectre V2 : Selecting STIBP always-on mode to complement retbleed mitigation
[    0.130687] Spectre V2 : User space: Mitigation: STIBP always-on protection
[    0.130689] Speculative Store Bypass: Mitigation: Speculative Store Bypass disabled via prctl
[    0.136476] Freeing SMP alternatives memory: 44K
[    0.238699] smpboot: CPU0: AMD Ryzen 5 PRO 4650G with Radeon Graphics (family: 0x17, model: 0x60, stepping: 0x1)
[    0.238776] cblist_init_generic: Setting adjustable number of callback queues.
[    0.238781] cblist_init_generic: Setting shift to 5 and lim to 1.
[    0.238790] Performance Events: Fam17h+ core perfctr, AMD PMU driver.
[    0.238805] ... version:                0
[    0.238807] ... bit width:              48
[    0.238808] ... generic registers:      6
[    0.238809] ... value mask:             0000ffffffffffff
[    0.238811] ... max period:             00007fffffffffff
[    0.238812] ... fixed-purpose events:   0
[    0.238813] ... event mask:             000000000000003f
[    0.238885] rcu: Hierarchical SRCU implementation.
[    0.238887] rcu: 	Max phase no-delay instances is 400.
[    0.239109] smp: Bringing up secondary CPUs ...
[    0.239156] x86: Booting SMP configuration:
[    0.239157] .... node  #0, CPUs:        #1  #2  #3  #4  #5  #6
[    0.245234] Spectre V2 : Update user space SMT mitigation: STIBP always-on
[    0.245267]   #7  #8  #9 #10 #11
[    0.251209] smp: Brought up 1 node, 12 CPUs
[    0.251214] smpboot: Max logical packages: 3
[    0.251216] smpboot: Total of 12 processors activated (88640.47 BogoMIPS)
[    0.253412] devtmpfs: initialized
[    0.253412] x86/mm: Memory block size: 128MB
[    0.254949] ACPI: PM: Registering ACPI NVS region [mem 0x0a200000-0x0a20cfff] (53248 bytes)
[    0.254949] ACPI: PM: Registering ACPI NVS region [mem 0xead24000-0xec3dafff] (23818240 bytes)
[    0.254949] clocksource: jiffies: mask: 0xffffffff max_cycles: 0xffffffff, max_idle_ns: 1911260446275000 ns
[    0.254949] futex hash table entries: 8192 (order: 7, 524288 bytes, linear)
[    0.255234] pinctrl core: initialized pinctrl subsystem
[    0.255285] PM: RTC time: 11:13:19, date: 2022-11-17
[    0.255354] NET: Registered PF_NETLINK/PF_ROUTE protocol family
[    0.255402] audit: initializing netlink subsys (disabled)
[    0.255415] audit: type=2000 audit(1668683599.132:1): state=initialized audit_enabled=0 res=1
[    0.255415] thermal_sys: Registered thermal governor 'step_wise'
[    0.255415] thermal_sys: Registered thermal governor 'user_space'
[    0.255415] cpuidle: using governor menu
[    0.255415] PCI: MMCONFIG for domain 0000 [bus 00-7f] at [mem 0xf0000000-0xf7ffffff] (base 0xf0000000)
[    0.255415] PCI: MMCONFIG at [mem 0xf0000000-0xf7ffffff] reserved in E820
[    0.255415] PCI: Using configuration type 1 for base access
[    0.255467] kprobes: kprobe jump-optimization is enabled. All kprobes are optimized if possible.
[    0.255467] HugeTLB: registered 1.00 GiB page size, pre-allocated 0 pages
[    0.255467] HugeTLB: 16380 KiB vmemmap can be freed for a 1.00 GiB page
[    0.255467] HugeTLB: registered 2.00 MiB page size, pre-allocated 0 pages
[    0.255467] HugeTLB: 28 KiB vmemmap can be freed for a 2.00 MiB page
[    0.256246] ACPI: Added _OSI(Module Device)
[    0.256249] ACPI: Added _OSI(Processor Device)
[    0.256251] ACPI: Added _OSI(3.0 _SCP Extensions)
[    0.256253] ACPI: Added _OSI(Processor Aggregator Device)
[    0.261554] ACPI: 12 ACPI AML tables successfully acquired and loaded
[    0.262423] ACPI: [Firmware Bug]: BIOS _OSI(Linux) query ignored
[    0.328916] ACPI: Interpreter enabled
[    0.328923] ACPI: PM: (supports S0 S3 S4 S5)
[    0.328926] ACPI: Using IOAPIC for interrupt routing
[    0.329167] PCI: Using host bridge windows from ACPI; if necessary, use "pci=nocrs" and report a bug
[    0.329169] PCI: Using E820 reservations for host bridge windows
[    0.329439] ACPI: Enabled 7 GPEs in block 00 to 1F
[    0.331177] ACPI: \_SB_.PCI0.GPP4.P0NV: New power resource
[    0.334733] ACPI: PCI Root Bridge [PCI0] (domain 0000 [bus 00-ff])
[    0.334739] acpi PNP0A08:00: _OSC: OS supports [ExtendedConfig ASPM ClockPM Segments MSI HPX-Type3]
[    0.334784] acpi PNP0A08:00: _OSC: platform does not support [LTR]
[    0.334860] acpi PNP0A08:00: _OSC: OS now controls [PME PCIeCapability]
[    0.334867] acpi PNP0A08:00: [Firmware Info]: MMCONFIG for domain 0000 [bus 00-7f] only partially covers this bridge
[    0.335035] PCI host bridge to bus 0000:00
[    0.335037] pci_bus 0000:00: root bus resource [io  0x0000-0x03af window]
[    0.335039] pci_bus 0000:00: root bus resource [io  0x03e0-0x0cf7 window]
[    0.335041] pci_bus 0000:00: root bus resource [io  0x03b0-0x03df window]
[    0.335043] pci_bus 0000:00: root bus resource [io  0x0d00-0xffff window]
[    0.335045] pci_bus 0000:00: root bus resource [mem 0x000a0000-0x000dffff window]
[    0.335048] pci_bus 0000:00: root bus resource [mem 0xf0000000-0xfcffffff window]
[    0.335050] pci_bus 0000:00: root bus resource [mem 0x810000000-0x7fffffffff window]
[    0.335052] pci_bus 0000:00: root bus resource [bus 00-ff]
[    0.335066] pci 0000:00:00.0: [1022:1630] type 00 class 0x060000
[    0.335145] pci 0000:00:01.0: [1022:1632] type 00 class 0x060000
[    0.335198] pci 0000:00:02.0: [1022:1632] type 00 class 0x060000
[    0.335243] pci 0000:00:02.1: [1022:1634] type 01 class 0x060400
[    0.335265] pci 0000:00:02.1: enabling Extended Tags
[    0.335293] pci 0000:00:02.1: PME# supported from D0 D3hot D3cold
[    0.335375] pci 0000:00:02.2: [1022:1634] type 01 class 0x060400
[    0.335396] pci 0000:00:02.2: enabling Extended Tags
[    0.335423] pci 0000:00:02.2: PME# supported from D0 D3hot D3cold
[    0.335488] pci 0000:00:08.0: [1022:1632] type 00 class 0x060000
[    0.335532] pci 0000:00:08.1: [1022:1635] type 01 class 0x060400
[    0.335552] pci 0000:00:08.1: enabling Extended Tags
[    0.335582] pci 0000:00:08.1: PME# supported from D0 D3hot D3cold
[    0.335681] pci 0000:00:14.0: [1022:790b] type 00 class 0x0c0500
[    0.335783] pci 0000:00:14.3: [1022:790e] type 00 class 0x060100
[    0.335898] pci 0000:00:18.0: [1022:1448] type 00 class 0x060000
[    0.335926] pci 0000:00:18.1: [1022:1449] type 00 class 0x060000
[    0.335952] pci 0000:00:18.2: [1022:144a] type 00 class 0x060000
[    0.335976] pci 0000:00:18.3: [1022:144b] type 00 class 0x060000
[    0.336001] pci 0000:00:18.4: [1022:144c] type 00 class 0x060000
[    0.336025] pci 0000:00:18.5: [1022:144d] type 00 class 0x060000
[    0.336049] pci 0000:00:18.6: [1022:144e] type 00 class 0x060000
[    0.336074] pci 0000:00:18.7: [1022:144f] type 00 class 0x060000
[    0.336142] pci 0000:01:00.0: [1022:43ec] type 00 class 0x0c0330
[    0.336159] pci 0000:01:00.0: reg 0x10: [mem 0xfcea0000-0xfcea7fff 64bit]
[    0.336200] pci 0000:01:00.0: enabling Extended Tags
[    0.336252] pci 0000:01:00.0: PME# supported from D3hot D3cold
[    0.336348] pci 0000:01:00.1: [1022:43eb] type 00 class 0x010601
[    0.336393] pci 0000:01:00.1: reg 0x24: [mem 0xfce80000-0xfce9ffff]
[    0.336401] pci 0000:01:00.1: reg 0x30: [mem 0xfce00000-0xfce7ffff pref]
[    0.336408] pci 0000:01:00.1: enabling Extended Tags
[    0.336448] pci 0000:01:00.1: PME# supported from D3hot D3cold
[    0.336507] pci 0000:01:00.2: [1022:43e9] type 01 class 0x060400
[    0.336548] pci 0000:01:00.2: enabling Extended Tags
[    0.336592] pci 0000:01:00.2: PME# supported from D3hot D3cold
[    0.336673] pci 0000:00:02.1: PCI bridge to [bus 01-05]
[    0.336677] pci 0000:00:02.1:   bridge window [io  0xf000-0xffff]
[    0.336680] pci 0000:00:02.1:   bridge window [mem 0xfcc00000-0xfcefffff]
[    0.336723] pci 0000:02:00.0: [1022:43ea] type 01 class 0x060400
[    0.336768] pci 0000:02:00.0: enabling Extended Tags
[    0.336819] pci 0000:02:00.0: PME# supported from D3hot D3cold
[    0.336899] pci 0000:02:02.0: [1022:43ea] type 01 class 0x060400
[    0.336944] pci 0000:02:02.0: enabling Extended Tags
[    0.336995] pci 0000:02:02.0: PME# supported from D3hot D3cold
[    0.337067] pci 0000:02:03.0: [1022:43ea] type 01 class 0x060400
[    0.337112] pci 0000:02:03.0: enabling Extended Tags
[    0.337163] pci 0000:02:03.0: PME# supported from D3hot D3cold
[    0.337250] pci 0000:01:00.2: PCI bridge to [bus 02-05]
[    0.337256] pci 0000:01:00.2:   bridge window [io  0xf000-0xffff]
[    0.337259] pci 0000:01:00.2:   bridge window [mem 0xfcc00000-0xfcdfffff]
[    0.337292] pci 0000:02:00.0: PCI bridge to [bus 03]
[    0.337357] pci 0000:04:00.0: [10ec:8168] type 00 class 0x020000
[    0.337385] pci 0000:04:00.0: reg 0x10: [io  0xf000-0xf0ff]
[    0.337422] pci 0000:04:00.0: reg 0x18: [mem 0xfcd04000-0xfcd04fff 64bit]
[    0.337446] pci 0000:04:00.0: reg 0x20: [mem 0xfcd00000-0xfcd03fff 64bit]
[    0.337602] pci 0000:04:00.0: supports D1 D2
[    0.337604] pci 0000:04:00.0: PME# supported from D0 D1 D2 D3hot D3cold
[    0.337778] pci 0000:02:02.0: PCI bridge to [bus 04]
[    0.337784] pci 0000:02:02.0:   bridge window [io  0xf000-0xffff]
[    0.337788] pci 0000:02:02.0:   bridge window [mem 0xfcd00000-0xfcdfffff]
[    0.337869] pci 0000:05:00.0: [8086:24fd] type 00 class 0x028000
[    0.337912] pci 0000:05:00.0: reg 0x10: [mem 0xfcc00000-0xfcc01fff 64bit]
[    0.338149] pci 0000:05:00.0: PME# supported from D0 D3hot D3cold
[    0.338355] pci 0000:02:03.0: PCI bridge to [bus 05]
[    0.338363] pci 0000:02:03.0:   bridge window [mem 0xfcc00000-0xfccfffff]
[    0.338433] pci 0000:06:00.0: [1cc1:8201] type 00 class 0x010802
[    0.338457] pci 0000:06:00.0: reg 0x10: [mem 0xfcf00000-0xfcf03fff 64bit]
[    0.338673] pci 0000:00:02.2: PCI bridge to [bus 06]
[    0.338677] pci 0000:00:02.2:   bridge window [mem 0xfcf00000-0xfcffffff]
[    0.338705] pci 0000:07:00.0: [1002:1636] type 00 class 0x030000
[    0.338716] pci 0000:07:00.0: reg 0x10: [mem 0x7fe0000000-0x7fefffffff 64bit pref]
[    0.338724] pci 0000:07:00.0: reg 0x18: [mem 0x7ff0000000-0x7ff01fffff 64bit pref]
[    0.338731] pci 0000:07:00.0: reg 0x20: [io  0xe000-0xe0ff]
[    0.338736] pci 0000:07:00.0: reg 0x24: [mem 0xfcb00000-0xfcb7ffff]
[    0.338745] pci 0000:07:00.0: enabling Extended Tags
[    0.338792] pci 0000:07:00.0: PME# supported from D1 D2 D3hot D3cold
[    0.338810] pci 0000:07:00.0: 126.016 Gb/s available PCIe bandwidth, limited by 8.0 GT/s PCIe x16 link at 0000:00:08.1 (capable of 252.048 Gb/s with 16.0 GT/s PCIe x16 link)
[    0.338872] pci 0000:07:00.1: [1002:1637] type 00 class 0x040300
[    0.338880] pci 0000:07:00.1: reg 0x10: [mem 0xfcb88000-0xfcb8bfff]
[    0.338900] pci 0000:07:00.1: enabling Extended Tags
[    0.338928] pci 0000:07:00.1: PME# supported from D1 D2 D3hot D3cold
[    0.338975] pci 0000:07:00.2: [1022:15df] type 00 class 0x108000
[    0.338988] pci 0000:07:00.2: reg 0x18: [mem 0xfca00000-0xfcafffff]
[    0.338997] pci 0000:07:00.2: reg 0x24: [mem 0xfcb8c000-0xfcb8dfff]
[    0.339005] pci 0000:07:00.2: enabling Extended Tags
[    0.339075] pci 0000:07:00.3: [1022:1639] type 00 class 0x0c0330
[    0.339086] pci 0000:07:00.3: reg 0x10: [mem 0xfc900000-0xfc9fffff 64bit]
[    0.339109] pci 0000:07:00.3: enabling Extended Tags
[    0.339137] pci 0000:07:00.3: PME# supported from D0 D3hot D3cold
[    0.339188] pci 0000:07:00.4: [1022:1639] type 00 class 0x0c0330
[    0.339202] pci 0000:07:00.4: reg 0x10: [mem 0xfc800000-0xfc8fffff 64bit]
[    0.339225] pci 0000:07:00.4: enabling Extended Tags
[    0.339253] pci 0000:07:00.4: PME# supported from D0 D3hot D3cold
[    0.339305] pci 0000:07:00.6: [1022:15e3] type 00 class 0x040300
[    0.339313] pci 0000:07:00.6: reg 0x10: [mem 0xfcb80000-0xfcb87fff]
[    0.339333] pci 0000:07:00.6: enabling Extended Tags
[    0.339360] pci 0000:07:00.6: PME# supported from D0 D3hot D3cold
[    0.339421] pci 0000:00:08.1: PCI bridge to [bus 07]
[    0.339424] pci 0000:00:08.1:   bridge window [io  0xe000-0xefff]
[    0.339427] pci 0000:00:08.1:   bridge window [mem 0xfc800000-0xfcbfffff]
[    0.339431] pci 0000:00:08.1:   bridge window [mem 0x7fe0000000-0x7ff01fffff 64bit pref]
[    0.339724] ACPI: PCI: Interrupt link LNKA configured for IRQ 0
[    0.339756] ACPI: PCI: Interrupt link LNKB configured for IRQ 0
[    0.339783] ACPI: PCI: Interrupt link LNKC configured for IRQ 0
[    0.339817] ACPI: PCI: Interrupt link LNKD configured for IRQ 0
[    0.339847] ACPI: PCI: Interrupt link LNKE configured for IRQ 0
[    0.339872] ACPI: PCI: Interrupt link LNKF configured for IRQ 0
[    0.339897] ACPI: PCI: Interrupt link LNKG configured for IRQ 0
[    0.339923] ACPI: PCI: Interrupt link LNKH configured for IRQ 0
[    0.340295] iommu: Default domain type: Translated 
[    0.340298] iommu: DMA domain TLB invalidation policy: lazy mode 
[    0.340344] SCSI subsystem initialized
[    0.340355] libata version 3.00 loaded.
[    0.340355] ACPI: bus type USB registered
[    0.340355] usbcore: registered new interface driver usbfs
[    0.340355] usbcore: registered new interface driver hub
[    0.340355] usbcore: registered new device driver usb
[    0.340355] pps_core: LinuxPPS API ver. 1 registered
[    0.340355] pps_core: Software ver. 5.3.6 - Copyright 2005-2007 Rodolfo Giometti <giometti@linux.it>
[    0.340355] PTP clock support registered
[    0.341228] Registered efivars operations
[    0.341320] NetLabel: Initializing
[    0.341321] NetLabel:  domain hash size = 128
[    0.341323] NetLabel:  protocols = UNLABELED CIPSOv4 CALIPSO
[    0.341336] NetLabel:  unlabeled traffic allowed by default
[    0.341344] PCI: Using ACPI for IRQ routing
[    0.344691] PCI: pci_cache_line_size set to 64 bytes
[    0.344801] resource: Expanded resource Reserved due to conflict with PCI Bus 0000:00
[    0.344804] e820: reserve RAM buffer [mem 0x09bff000-0x0bffffff]
[    0.344806] e820: reserve RAM buffer [mem 0x0a200000-0x0bffffff]
[    0.344806] e820: reserve RAM buffer [mem 0x0b000000-0x0bffffff]
[    0.344807] e820: reserve RAM buffer [mem 0xcac7f000-0xcbffffff]
[    0.344808] e820: reserve RAM buffer [mem 0xcacd9000-0xcbffffff]
[    0.344809] e820: reserve RAM buffer [mem 0xe5f81000-0xe7ffffff]
[    0.344809] e820: reserve RAM buffer [mem 0xe83ec000-0xebffffff]
[    0.344810] e820: reserve RAM buffer [mem 0xe96ec000-0xebffffff]
[    0.344811] e820: reserve RAM buffer [mem 0xee000000-0xefffffff]
[    0.344811] e820: reserve RAM buffer [mem 0x7ef340000-0x7efffffff]
[    0.345200] pci 0000:07:00.0: vgaarb: setting as boot VGA device
[    0.345202] pci 0000:07:00.0: vgaarb: bridge control possible
[    0.345204] pci 0000:07:00.0: vgaarb: VGA device added: decodes=io+mem,owns=none,locks=none
[    0.345207] vgaarb: loaded
[    0.345318] hpet0: at MMIO 0xfed00000, IRQs 2, 8, 0
[    0.345322] hpet0: 3 comparators, 32-bit 14.318180 MHz counter
[    0.347228] clocksource: Switched to clocksource tsc-early
[    0.347283] VFS: Disk quotas dquot_6.6.0
[    0.347299] VFS: Dquot-cache hash table entries: 512 (order 0, 4096 bytes)
[    0.347334] pnp: PnP ACPI init
[    0.347380] system 00:00: [mem 0xf0000000-0xf7ffffff] has been reserved
[    0.347380] system 00:01: [mem 0xfeb80000-0xfebfffff] has been reserved
[    0.347410] system 00:02: [mem 0x7f0000000-0x80fffffff window] has been reserved
[    0.347558] system 00:04: [io  0x0280-0x028f] has been reserved
[    0.347560] system 00:04: [io  0x0290-0x029f] has been reserved
[    0.347562] system 00:04: [io  0x02a0-0x02af] has been reserved
[    0.347564] system 00:04: [io  0x02b0-0x02bf] has been reserved
[    0.347714] pnp 00:05: [dma 0 disabled]
[    0.347860] system 00:06: [io  0x04d0-0x04d1] has been reserved
[    0.347863] system 00:06: [io  0x040b] has been reserved
[    0.347865] system 00:06: [io  0x04d6] has been reserved
[    0.347867] system 00:06: [io  0x0c00-0x0c01] has been reserved
[    0.347869] system 00:06: [io  0x0c14] has been reserved
[    0.347871] system 00:06: [io  0x0c50-0x0c51] has been reserved
[    0.347873] system 00:06: [io  0x0c52] has been reserved
[    0.347874] system 00:06: [io  0x0c6c] has been reserved
[    0.347876] system 00:06: [io  0x0c6f] has been reserved
[    0.347878] system 00:06: [io  0x0cd0-0x0cd1] has been reserved
[    0.347880] system 00:06: [io  0x0cd2-0x0cd3] has been reserved
[    0.347882] system 00:06: [io  0x0cd4-0x0cd5] has been reserved
[    0.347884] system 00:06: [io  0x0cd6-0x0cd7] has been reserved
[    0.347886] system 00:06: [io  0x0cd8-0x0cdf] has been reserved
[    0.347887] system 00:06: [io  0x0800-0x089f] has been reserved
[    0.347889] system 00:06: [io  0x0b00-0x0b0f] has been reserved
[    0.347891] system 00:06: [io  0x0b20-0x0b3f] has been reserved
[    0.347893] system 00:06: [io  0x0900-0x090f] has been reserved
[    0.347895] system 00:06: [io  0x0910-0x091f] has been reserved
[    0.347897] system 00:06: [mem 0xfec00000-0xfec00fff] could not be reserved
[    0.347900] system 00:06: [mem 0xfec01000-0xfec01fff] could not be reserved
[    0.347902] system 00:06: [mem 0xfedc0000-0xfedc0fff] has been reserved
[    0.347904] system 00:06: [mem 0xfee00000-0xfee00fff] has been reserved
[    0.347906] system 00:06: [mem 0xfed80000-0xfed8ffff] could not be reserved
[    0.347908] system 00:06: [mem 0xfec10000-0xfec10fff] has been reserved
[    0.347910] system 00:06: [mem 0xff000000-0xffffffff] has been reserved
[    0.348201] pnp: PnP ACPI: found 7 devices
[    0.353634] clocksource: acpi_pm: mask: 0xffffff max_cycles: 0xffffff, max_idle_ns: 2085701024 ns
[    0.353673] NET: Registered PF_INET protocol family
[    0.353867] IP idents hash table entries: 262144 (order: 9, 2097152 bytes, linear)
[    0.355693] tcp_listen_portaddr_hash hash table entries: 16384 (order: 6, 262144 bytes, linear)
[    0.355719] Table-perturb hash table entries: 65536 (order: 6, 262144 bytes, linear)
[    0.355725] TCP established hash table entries: 262144 (order: 9, 2097152 bytes, linear)
[    0.355947] TCP bind hash table entries: 65536 (order: 9, 2097152 bytes, linear)
[    0.356097] TCP: Hash tables configured (established 262144 bind 65536)
[    0.356142] UDP hash table entries: 16384 (order: 7, 524288 bytes, linear)
[    0.356195] UDP-Lite hash table entries: 16384 (order: 7, 524288 bytes, linear)
[    0.356298] NET: Registered PF_UNIX/PF_LOCAL protocol family
[    0.356384] RPC: Registered named UNIX socket transport module.
[    0.356387] RPC: Registered udp transport module.
[    0.356388] RPC: Registered tcp transport module.
[    0.356389] RPC: Registered tcp NFSv4.1 backchannel transport module.
[    0.356611] pci 0000:02:00.0: PCI bridge to [bus 03]
[    0.356629] pci 0000:02:02.0: PCI bridge to [bus 04]
[    0.356633] pci 0000:02:02.0:   bridge window [io  0xf000-0xffff]
[    0.356638] pci 0000:02:02.0:   bridge window [mem 0xfcd00000-0xfcdfffff]
[    0.356645] pci 0000:02:03.0: PCI bridge to [bus 05]
[    0.356650] pci 0000:02:03.0:   bridge window [mem 0xfcc00000-0xfccfffff]
[    0.356658] pci 0000:01:00.2: PCI bridge to [bus 02-05]
[    0.356660] pci 0000:01:00.2:   bridge window [io  0xf000-0xffff]
[    0.356665] pci 0000:01:00.2:   bridge window [mem 0xfcc00000-0xfcdfffff]
[    0.356672] pci 0000:00:02.1: PCI bridge to [bus 01-05]
[    0.356674] pci 0000:00:02.1:   bridge window [io  0xf000-0xffff]
[    0.356677] pci 0000:00:02.1:   bridge window [mem 0xfcc00000-0xfcefffff]
[    0.356682] pci 0000:00:02.2: PCI bridge to [bus 06]
[    0.356685] pci 0000:00:02.2:   bridge window [mem 0xfcf00000-0xfcffffff]
[    0.356690] pci 0000:00:08.1: PCI bridge to [bus 07]
[    0.356692] pci 0000:00:08.1:   bridge window [io  0xe000-0xefff]
[    0.356696] pci 0000:00:08.1:   bridge window [mem 0xfc800000-0xfcbfffff]
[    0.356698] pci 0000:00:08.1:   bridge window [mem 0x7fe0000000-0x7ff01fffff 64bit pref]
[    0.356703] pci_bus 0000:00: resource 4 [io  0x0000-0x03af window]
[    0.356706] pci_bus 0000:00: resource 5 [io  0x03e0-0x0cf7 window]
[    0.356708] pci_bus 0000:00: resource 6 [io  0x03b0-0x03df window]
[    0.356709] pci_bus 0000:00: resource 7 [io  0x0d00-0xffff window]
[    0.356711] pci_bus 0000:00: resource 8 [mem 0x000a0000-0x000dffff window]
[    0.356713] pci_bus 0000:00: resource 9 [mem 0xf0000000-0xfcffffff window]
[    0.356715] pci_bus 0000:00: resource 10 [mem 0x810000000-0x7fffffffff window]
[    0.356718] pci_bus 0000:01: resource 0 [io  0xf000-0xffff]
[    0.356720] pci_bus 0000:01: resource 1 [mem 0xfcc00000-0xfcefffff]
[    0.356722] pci_bus 0000:02: resource 0 [io  0xf000-0xffff]
[    0.356724] pci_bus 0000:02: resource 1 [mem 0xfcc00000-0xfcdfffff]
[    0.356726] pci_bus 0000:04: resource 0 [io  0xf000-0xffff]
[    0.356727] pci_bus 0000:04: resource 1 [mem 0xfcd00000-0xfcdfffff]
[    0.356729] pci_bus 0000:05: resource 1 [mem 0xfcc00000-0xfccfffff]
[    0.356731] pci_bus 0000:06: resource 1 [mem 0xfcf00000-0xfcffffff]
[    0.356733] pci_bus 0000:07: resource 0 [io  0xe000-0xefff]
[    0.356735] pci_bus 0000:07: resource 1 [mem 0xfc800000-0xfcbfffff]
[    0.356737] pci_bus 0000:07: resource 2 [mem 0x7fe0000000-0x7ff01fffff 64bit pref]
[    0.356928] pci 0000:07:00.1: D0 power state depends on 0000:07:00.0
[    0.356934] pci 0000:07:00.3: extending delay after power-on from D3hot to 20 msec
[    0.356995] pci 0000:07:00.4: extending delay after power-on from D3hot to 20 msec
[    0.357036] PCI: CLS 64 bytes, default 64
[    0.357042] PCI-DMA: Using software bounce buffering for IO (SWIOTLB)
[    0.357043] software IO TLB: mapped [mem 0x00000000e1950000-0x00000000e5950000] (64MB)
[    0.357134] RAPL PMU: API unit is 2^-32 Joules, 1 fixed counters, 163840 ms ovfl timer
[    0.357140] RAPL PMU: hw unit of domain package 2^-16 Joules
[    0.357145] LVT offset 0 assigned for vector 0x400
[    0.357209] perf: AMD IBS detected (0x000003ff)
[    0.357219] amd_uncore: 4  amd_df counters detected
[    0.357231] amd_uncore: 6  amd_l3 counters detected
[    0.358334] Initialise system trusted keyrings
[    0.358357] workingset: timestamp_bits=56 max_order=23 bucket_order=0
[    0.358467] NFS: Registering the id_resolver key type
[    0.358470] Key type id_resolver registered
[    0.358472] Key type id_legacy registered
[    0.358489] 9p: Installing v9fs 9p2000 file system support
[    0.360999] Key type asymmetric registered
[    0.361001] Asymmetric key parser 'x509' registered
[    0.361009] Block layer SCSI generic (bsg) driver version 0.4 loaded (major 251)
[    0.361017] io scheduler mq-deadline registered
[    0.361019] io scheduler kyber registered
[    0.361108] pcieport 0000:00:02.1: PME: Signaling with IRQ 25
[    0.361176] pcieport 0000:00:02.2: PME: Signaling with IRQ 26
[    0.361244] pcieport 0000:00:08.1: PME: Signaling with IRQ 27
[    0.361679] input: Power Button as /devices/LNXSYSTM:00/LNXSYBUS:00/PNP0C0C:00/input/input0
[    0.361694] ACPI: button: Power Button [PWRB]
[    0.361715] input: Power Button as /devices/LNXSYSTM:00/LNXPWRBN:00/input/input1
[    0.361744] ACPI: button: Power Button [PWRF]
[    0.361783] ACPI: video: Video Device [VGA] (multi-head: yes  rom: no  post: no)
[    0.361814] input: Video Bus as /devices/LNXSYSTM:00/LNXSYBUS:00/PNP0A08:00/device:09/LNXVIDEO:00/input/input2
[    0.362155] Serial: 8250/16550 driver, 4 ports, IRQ sharing enabled
[    0.362216] 00:05: ttyS0 at I/O 0x3f8 (irq = 4, base_baud = 115200) is a 16550A
[    0.362449] kworker/u64:0 (95) used greatest stack depth: 14696 bytes left
[    0.362455] lp: driver loaded but no devices found
[    0.362508] Non-volatile memory driver v1.3
[    0.362510] Linux agpgart interface v0.103
[    0.362715] AMD-Vi: AMD IOMMUv2 functionality not available on this system - This is not a bug.
[    0.362730] ACPI: bus type drm_connector registered
[    0.364791] loop: module loaded
[    0.364841] ahci 0000:01:00.1: version 3.0
[    0.364930] ahci 0000:01:00.1: SSS flag set, parallel bus scan disabled
[    0.364965] ahci 0000:01:00.1: AHCI 0001.0301 32 slots 6 ports 6 Gbps 0x33 impl SATA mode
[    0.364969] ahci 0000:01:00.1: flags: 64bit ncq sntf stag pm led clo only pmp pio slum part sxs deso sadm sds apst 
[    0.365217] scsi host0: ahci
[    0.365273] scsi host1: ahci
[    0.365317] scsi host2: ahci
[    0.365362] scsi host3: ahci
[    0.365406] scsi host4: ahci
[    0.365450] scsi host5: ahci
[    0.365477] ata1: SATA max UDMA/133 abar m131072@0xfce80000 port 0xfce80100 irq 35
[    0.365481] ata2: SATA max UDMA/133 abar m131072@0xfce80000 port 0xfce80180 irq 35
[    0.365483] ata3: DUMMY
[    0.365484] ata4: DUMMY
[    0.365486] ata5: SATA max UDMA/133 abar m131072@0xfce80000 port 0xfce80300 irq 35
[    0.365489] ata6: SATA max UDMA/133 abar m131072@0xfce80000 port 0xfce80380 irq 35
[    0.365621] e100: Intel(R) PRO/100 Network Driver
[    0.365622] e100: Copyright(c) 1999-2006 Intel Corporation
[    0.365630] e1000: Intel(R) PRO/1000 Network Driver
[    0.365632] e1000: Copyright (c) 1999-2006 Intel Corporation.
[    0.365639] e1000e: Intel(R) PRO/1000 Network Driver
[    0.365640] e1000e: Copyright(c) 1999 - 2015 Intel Corporation.
[    0.365650] sky2: driver version 1.30
[    0.371846] r8169 0000:04:00.0 eth0: RTL8168h/8111h, a8:a1:59:50:97:36, XID 541, IRQ 36
[    0.371852] r8169 0000:04:00.0 eth0: jumbo features [frames: 9194 bytes, tx checksumming: ko]
[    0.371937] usbcore: registered new interface driver usblp
[    0.371943] usbcore: registered new interface driver usb-storage
[    0.371973] i8042: PNP: No PS/2 controller found.
[    0.372031] xhci_hcd 0000:01:00.0: xHCI Host Controller
[    0.372039] xhci_hcd 0000:07:00.4: xHCI Host Controller
[    0.372043] xhci_hcd 0000:07:00.3: xHCI Host Controller
[    0.372067] rtc_cmos 00:03: RTC can wake from S4
[    0.372102] xhci_hcd 0000:01:00.0: new USB bus registered, assigned bus number 1
[    0.372106] xhci_hcd 0000:07:00.3: new USB bus registered, assigned bus number 3
[    0.372108] xhci_hcd 0000:07:00.4: new USB bus registered, assigned bus number 2
[    0.372211] xhci_hcd 0000:07:00.3: hcc params 0x0268ffe5 hci version 0x110 quirks 0x0000020000000410
[    0.372211] xhci_hcd 0000:07:00.4: hcc params 0x0268ffe5 hci version 0x110 quirks 0x0000020000000410
[    0.372311] rtc_cmos 00:03: registered as rtc0
[    0.372337] rtc_cmos 00:03: alarms up to one month, y3k, 114 bytes nvram, hpet irqs
[    0.372368] fail to initialize ptp_kvm
[    0.372397] device-mapper: ioctl: 4.47.0-ioctl (2022-07-28) initialised: dm-devel@redhat.com
[    0.372440] hid: raw HID events driver (C) Jiri Kosina
[    0.372505] xhci_hcd 0000:07:00.4: xHCI Host Controller
[    0.372506] xhci_hcd 0000:07:00.3: xHCI Host Controller
[    0.372535] xhci_hcd 0000:07:00.4: new USB bus registered, assigned bus number 4
[    0.372537] xhci_hcd 0000:07:00.3: new USB bus registered, assigned bus number 5
[    0.372539] xhci_hcd 0000:07:00.4: Host supports USB 3.1 Enhanced SuperSpeed
[    0.372542] xhci_hcd 0000:07:00.3: Host supports USB 3.1 Enhanced SuperSpeed
[    0.372542] usbcore: registered new interface driver usbhid
[    0.372547] usbhid: USB HID core driver
[    0.372569] usb usb2: New USB device found, idVendor=1d6b, idProduct=0002, bcdDevice= 6.01
[    0.372574] usb usb2: New USB device strings: Mfr=3, Product=2, SerialNumber=1
[    0.372578] usb usb2: Product: xHCI Host Controller
[    0.372580] usb usb2: Manufacturer: Linux 6.1.0-rc5-next-20221117 xhci-hcd
[    0.372583] usb usb2: SerialNumber: 0000:07:00.4
[    0.372672] hub 2-0:1.0: USB hub found
[    0.372680] hub 2-0:1.0: 4 ports detected
[    0.372857] usb usb4: We don't know the algorithms for LPM for this host, disabling LPM.
[    0.372875] usb usb4: New USB device found, idVendor=1d6b, idProduct=0003, bcdDevice= 6.01
[    0.372879] usb usb4: New USB device strings: Mfr=3, Product=2, SerialNumber=1
[    0.372882] usb usb4: Product: xHCI Host Controller
[    0.372884] usb usb4: Manufacturer: Linux 6.1.0-rc5-next-20221117 xhci-hcd
[    0.372887] usb usb4: SerialNumber: 0000:07:00.4
[    0.372945] hub 4-0:1.0: USB hub found
[    0.372951] hub 4-0:1.0: 2 ports detected
[    0.373062] usb usb3: New USB device found, idVendor=1d6b, idProduct=0002, bcdDevice= 6.01
[    0.373067] usb usb3: New USB device strings: Mfr=3, Product=2, SerialNumber=1
[    0.373070] usb usb3: Product: xHCI Host Controller
[    0.373072] usb usb3: Manufacturer: Linux 6.1.0-rc5-next-20221117 xhci-hcd
[    0.373075] usb usb3: SerialNumber: 0000:07:00.3
[    0.373150] hub 3-0:1.0: USB hub found
[    0.373157] hub 3-0:1.0: 4 ports detected
[    0.373181] Initializing XFRM netlink socket
[    0.373230] NET: Registered PF_INET6 protocol family
[    0.373292] usb usb5: We don't know the algorithms for LPM for this host, disabling LPM.
[    0.373312] usb usb5: New USB device found, idVendor=1d6b, idProduct=0003, bcdDevice= 6.01
[    0.373316] usb usb5: New USB device strings: Mfr=3, Product=2, SerialNumber=1
[    0.373320] usb usb5: Product: xHCI Host Controller
[    0.373322] usb usb5: Manufacturer: Linux 6.1.0-rc5-next-20221117 xhci-hcd
[    0.373325] usb usb5: SerialNumber: 0000:07:00.3
[    0.373392] hub 5-0:1.0: USB hub found
[    0.373398] hub 5-0:1.0: 2 ports detected
[    0.373421] Segment Routing with IPv6
[    0.373427] In-situ OAM (IOAM) with IPv6
[    0.373446] sit: IPv6, IPv4 and MPLS over IPv4 tunneling driver
[    0.373543] NET: Registered PF_PACKET protocol family
[    0.373559] 9pnet: Installing 9P2000 support
[    0.373570] Key type dns_resolver registered
[    0.426996] xhci_hcd 0000:01:00.0: hcc params 0x0200ef81 hci version 0x110 quirks 0x0000000000000410
[    0.427268] xhci_hcd 0000:01:00.0: xHCI Host Controller
[    0.427290] xhci_hcd 0000:01:00.0: new USB bus registered, assigned bus number 6
[    0.427294] xhci_hcd 0000:01:00.0: Host supports USB 3.1 Enhanced SuperSpeed
[    0.427301] microcode: CPU1: patch_level=0x08600106
[    0.427301] microcode: CPU0: patch_level=0x08600106
[    0.427302] microcode: CPU3: patch_level=0x08600106
[    0.427308] microcode: CPU9: patch_level=0x08600106
[    0.427310] microcode: CPU2: patch_level=0x08600106
[    0.427329] microcode: CPU4: patch_level=0x08600106
[    0.427338] microcode: CPU5: patch_level=0x08600106
[    0.427342] usb usb1: New USB device found, idVendor=1d6b, idProduct=0002, bcdDevice= 6.01
[    0.427347] usb usb1: New USB device strings: Mfr=3, Product=2, SerialNumber=1
[    0.427349] microcode: CPU7: patch_level=0x08600106
[    0.427350] usb usb1: Product: xHCI Host Controller
[    0.427351] usb usb1: Manufacturer: Linux 6.1.0-rc5-next-20221117 xhci-hcd
[    0.427357] usb usb1: SerialNumber: 0000:01:00.0
[    0.427357] microcode: CPU8: patch_level=0x08600106
[    0.427363] microcode: CPU10: patch_level=0x08600106
[    0.427366] microcode: CPU6: patch_level=0x08600106
[    0.427369] microcode: CPU11: patch_level=0x08600106
[    0.427376] microcode: Microcode Update Driver: v2.2.
[    0.427380] IPI shorthand broadcast: enabled
[    0.427447] hub 1-0:1.0: USB hub found
[    0.427459] hub 1-0:1.0: 9 ports detected
[    0.427814] usb usb6: We don't know the algorithms for LPM for this host, disabling LPM.
[    0.427826] usb usb6: New USB device found, idVendor=1d6b, idProduct=0003, bcdDevice= 6.01
[    0.427829] usb usb6: New USB device strings: Mfr=3, Product=2, SerialNumber=1
[    0.427832] usb usb6: Product: xHCI Host Controller
[    0.427833] usb usb6: Manufacturer: Linux 6.1.0-rc5-next-20221117 xhci-hcd
[    0.427835] usb usb6: SerialNumber: 0000:01:00.0
[    0.427913] hub 6-0:1.0: USB hub found
[    0.427923] hub 6-0:1.0: 3 ports detected
[    0.429327] sched_clock: Marking stable (428648349, 547056)->(441281095, -12085690)
[    0.429380] registered taskstats version 1
[    0.429382] Loading compiled-in X.509 certificates
[    0.430803] PM:   Magic number: 14:641:226
[    0.430843] memory memory108: hash matches
[    0.430853] printk: console [netcon0] enabled
[    0.430855] netconsole: network logging started
[    0.430939] acpi_cpufreq: overriding BIOS provided _PSD data
[    0.431186] cfg80211: Loading compiled-in X.509 certificates for regulatory database
[    0.431443] cfg80211: Loaded X.509 cert 'sforshee: 00b28ddf47aef9cea7'
[    0.431474] platform regulatory.0: Direct firmware load for regulatory.db failed with error -2
[    0.431477] cfg80211: failed to load regulatory.db
[    0.612843] usb 3-2: new high-speed USB device number 2 using xhci_hcd
[    0.669288] usb 1-5: new full-speed USB device number 2 using xhci_hcd
[    0.743664] usb 3-2: New USB device found, idVendor=174c, idProduct=2074, bcdDevice= 2.00
[    0.743670] usb 3-2: New USB device strings: Mfr=2, Product=3, SerialNumber=0
[    0.743673] usb 3-2: Product: ASM107x
[    0.743676] usb 3-2: Manufacturer: Asmedia
[    0.788810] hub 3-2:1.0: USB hub found
[    0.789410] hub 3-2:1.0: 4 ports detected
[    0.835602] ata1: SATA link up 3.0 Gbps (SStatus 123 SControl 300)
[    0.841426] ata1.00: ATA-8: SAMSUNG HM321HI, 2AJ10001, max UDMA/133
[    0.842971] ata1.00: 625142448 sectors, multi 16: LBA48 NCQ (depth 32), AA
[    0.848895] ata1.00: configured for UDMA/133
[    0.848971] scsi 0:0:0:0: Direct-Access     ATA      SAMSUNG HM321HI  0001 PQ: 0 ANSI: 5
[    0.849142] sd 0:0:0:0: Attached scsi generic sg0 type 0
[    0.849195] sd 0:0:0:0: [sda] 625142448 512-byte logical blocks: (320 GB/298 GiB)
[    0.849209] sd 0:0:0:0: [sda] Write Protect is off
[    0.849214] sd 0:0:0:0: [sda] Mode Sense: 00 3a 00 00
[    0.849225] sd 0:0:0:0: [sda] Write cache: enabled, read cache: enabled, doesn't support DPO or FUA
[    0.849242] sd 0:0:0:0: [sda] Preferred minimum I/O size 512 bytes
[    0.854904] usb 5-2: new SuperSpeed USB device number 2 using xhci_hcd
[    0.868348] usb 5-2: New USB device found, idVendor=174c, idProduct=3074, bcdDevice= 2.00
[    0.868353] usb 5-2: New USB device strings: Mfr=2, Product=3, SerialNumber=0
[    0.868356] usb 5-2: Product: ASM107x
[    0.868359] usb 5-2: Manufacturer: Asmedia
[    0.895655] usb 1-5: New USB device found, idVendor=25a7, idProduct=fa70, bcdDevice= 1.41
[    0.895661] usb 1-5: New USB device strings: Mfr=1, Product=2, SerialNumber=0
[    0.895665] usb 1-5: Product: 2.4G Wireless Receiver
[    0.895667] usb 1-5: Manufacturer: Compx
[    0.897916]  sda: sda1
[    0.897972] sd 0:0:0:0: [sda] Attached SCSI disk
[    0.900612] hub 5-2:1.0: USB hub found
[    0.900733] hub 5-2:1.0: 4 ports detected
[    0.910528] input: Compx 2.4G Wireless Receiver as /devices/pci0000:00/0000:00:02.1/0000:01:00.0/usb1/1-5/1-5:1.0/0003:25A7:FA70.0001/input/input3
[    0.962367] hid-generic 0003:25A7:FA70.0001: input,hidraw0: USB HID v1.10 Keyboard [Compx 2.4G Wireless Receiver] on usb-0000:01:00.0-5/input0
[    0.969669] input: Compx 2.4G Wireless Receiver Mouse as /devices/pci0000:00/0000:00:02.1/0000:01:00.0/usb1/1-5/1-5:1.1/0003:25A7:FA70.0002/input/input4
[    0.969705] input: Compx 2.4G Wireless Receiver as /devices/pci0000:00/0000:00:02.1/0000:01:00.0/usb1/1-5/1-5:1.1/0003:25A7:FA70.0002/input/input5
[    0.969750] input: Compx 2.4G Wireless Receiver Keyboard as /devices/pci0000:00/0000:00:02.1/0000:01:00.0/usb1/1-5/1-5:1.1/0003:25A7:FA70.0002/input/input6
[    1.022340] hid-generic 0003:25A7:FA70.0002: input,hiddev96,hidraw1: USB HID v1.10 Mouse [Compx 2.4G Wireless Receiver] on usb-0000:01:00.0-5/input1
[    1.135200] usb 1-6: new full-speed USB device number 3 using xhci_hcd
[    1.322210] ata2: SATA link up 6.0 Gbps (SStatus 133 SControl 300)
[    1.326299] ata2.00: ATA-10: ADATA SU650, XD0R01D2, max UDMA/133
[    1.327328] ata2.00: 468862128 sectors, multi 16: LBA48 NCQ (depth 32), AA
[    1.333468] ata2.00: configured for UDMA/133
[    1.333536] scsi 1:0:0:0: Direct-Access     ATA      ADATA SU650      01D2 PQ: 0 ANSI: 5
[    1.333666] sd 1:0:0:0: Attached scsi generic sg1 type 0
[    1.333708] sd 1:0:0:0: [sdb] 468862128 512-byte logical blocks: (240 GB/224 GiB)
[    1.333721] sd 1:0:0:0: [sdb] Write Protect is off
[    1.333727] sd 1:0:0:0: [sdb] Mode Sense: 00 3a 00 00
[    1.333740] sd 1:0:0:0: [sdb] Write cache: enabled, read cache: enabled, doesn't support DPO or FUA
[    1.333759] sd 1:0:0:0: [sdb] Preferred minimum I/O size 512 bytes
[    1.334159] sd 1:0:0:0: [sdb] Attached SCSI disk
[    1.359322] usb 1-6: New USB device found, idVendor=25a7, idProduct=fa09, bcdDevice=13.00
[    1.359328] usb 1-6: New USB device strings: Mfr=1, Product=2, SerialNumber=0
[    1.359331] usb 1-6: Product: 2.4G Wireless Receiver
[    1.359334] usb 1-6: Manufacturer: Compx
[    1.370206] tsc: Refined TSC clocksource calibration: 3693.045 MHz
[    1.370215] clocksource: tsc: mask: 0xffffffffffffffff max_cycles: 0x6a7758a08df, max_idle_ns: 881590962127 ns
[    1.370237] clocksource: Switched to clocksource tsc
[    1.376439] input: Compx 2.4G Wireless Receiver as /devices/pci0000:00/0000:00:02.1/0000:01:00.0/usb1/1-6/1-6:1.0/0003:25A7:FA09.0003/input/input7
[    1.376479] hid-generic 0003:25A7:FA09.0003: input,hidraw2: USB HID v1.10 Mouse [Compx 2.4G Wireless Receiver] on usb-0000:01:00.0-6/input0
[    1.383565] input: Compx 2.4G Wireless Receiver Keyboard as /devices/pci0000:00/0000:00:02.1/0000:01:00.0/usb1/1-6/1-6:1.1/0003:25A7:FA09.0004/input/input8
[    1.435235] input: Compx 2.4G Wireless Receiver as /devices/pci0000:00/0000:00:02.1/0000:01:00.0/usb1/1-6/1-6:1.1/0003:25A7:FA09.0004/input/input9
[    1.435268] input: Compx 2.4G Wireless Receiver as /devices/pci0000:00/0000:00:02.1/0000:01:00.0/usb1/1-6/1-6:1.1/0003:25A7:FA09.0004/input/input10
[    1.435315] hid-generic 0003:25A7:FA09.0004: input,hiddev97,hidraw3: USB HID v1.10 Keyboard [Compx 2.4G Wireless Receiver] on usb-0000:01:00.0-6/input1
[    1.549200] usb 1-7: new high-speed USB device number 4 using xhci_hcd
[    1.698783] usb 1-7: New USB device found, idVendor=05e3, idProduct=0610, bcdDevice=60.60
[    1.698788] usb 1-7: New USB device strings: Mfr=0, Product=1, SerialNumber=0
[    1.698791] usb 1-7: Product: USB2.0 Hub
[    1.706794] hub 1-7:1.0: USB hub found
[    1.710770] hub 1-7:1.0: 4 ports detected
[    1.794209] ata5: SATA link up 6.0 Gbps (SStatus 133 SControl 300)
[    1.822011] ata5.00: ATA-10: ST1000LM035-1RK172, SBM3, max UDMA/133
[    1.831125] ata5.00: 1953525168 sectors, multi 16: LBA48 NCQ (depth 32), AA
[    1.853199] usb 1-8: new full-speed USB device number 5 using xhci_hcd
[    1.880391] ata5.00: configured for UDMA/133
[    1.880454] scsi 4:0:0:0: Direct-Access     ATA      ST1000LM035-1RK1 SBM3 PQ: 0 ANSI: 5
[    1.880602] sd 4:0:0:0: Attached scsi generic sg2 type 0
[    1.880646] sd 4:0:0:0: [sdc] 1953525168 512-byte logical blocks: (1.00 TB/932 GiB)
[    1.880652] sd 4:0:0:0: [sdc] 4096-byte physical blocks
[    1.880663] sd 4:0:0:0: [sdc] Write Protect is off
[    1.880668] sd 4:0:0:0: [sdc] Mode Sense: 00 3a 00 00
[    1.880682] sd 4:0:0:0: [sdc] Write cache: enabled, read cache: enabled, doesn't support DPO or FUA
[    1.880704] sd 4:0:0:0: [sdc] Preferred minimum I/O size 4096 bytes
[    1.889284]  sdc: sdc1
[    1.889328] sd 4:0:0:0: [sdc] Attached SCSI disk
[    2.094531] usb 1-8: New USB device found, idVendor=26ce, idProduct=01a2, bcdDevice= 0.00
[    2.094536] usb 1-8: New USB device strings: Mfr=1, Product=2, SerialNumber=3
[    2.094540] usb 1-8: Product: LED Controller
[    2.094543] usb 1-8: Manufacturer: ASRock
[    2.094545] usb 1-8: SerialNumber: A02019100900
[    2.121350] input: ASRock LED Controller as /devices/pci0000:00/0000:00:02.1/0000:01:00.0/usb1/1-8/1-8:1.0/0003:26CE:01A2.0005/input/input11
[    2.173236] hid-generic 0003:26CE:01A2.0005: input,hidraw4: USB HID v1.10 Device [ASRock LED Controller] on usb-0000:01:00.0-8/input0
[    2.191355] ata6: SATA link down (SStatus 0 SControl 300)
[    2.191370] md: Waiting for all devices to be available before autodetect
[    2.191374] md: If you don't use raid, use raid=noautodetect
[    2.191377] md: Autodetecting RAID arrays.
[    2.191379] md: autorun ...
[    2.191381] md: ... autorun DONE.
[    2.194936] EXT4-fs (sdb): mounted filesystem with ordered data mode. Quota mode: none.
[    2.194947] VFS: Mounted root (ext4 filesystem) readonly on device 8:16.
[    2.195999] devtmpfs: mounted
[    2.196175] Freeing unused kernel image (initmem) memory: 2428K
[    2.201201] Write protecting the kernel read-only data: 26624k
[    2.201512] Freeing unused kernel image (rodata/data gap) memory: 1864K
[    2.201519] Run /sbin/init as init process
[    2.201521]   with arguments:
[    2.201522]     /sbin/init
[    2.201523]   with environment:
[    2.201523]     HOME=/
[    2.201524]     TERM=linux
[    2.201524]     BOOT_IMAGE=/boot/vmlinuz-6.1.0-rc5-next
[    2.287201] usb 1-9: new full-speed USB device number 6 using xhci_hcd
[    2.303841] systemd[1]: systemd 251 running in system mode (+PAM -AUDIT -SELINUX -APPARMOR +IMA +SMACK -SECCOMP -GCRYPT -GNUTLS +OPENSSL +ACL +BLKID +CURL -ELFUTILS -FIDO2 -IDN2 -IDN -IPTC +KMOD -LIBCRYPTSETUP +LIBFDISK -PCRE2 -PWQUALITY +P11KIT -QRENCODE -TPM2 +BZIP2 -LZ4 +XZ +ZLIB +ZSTD -BPF_FRAMEWORK -XKBCOMMON +UTMP +SYSVINIT default-hierarchy=unified)
[    2.303851] systemd[1]: Detected architecture x86-64.
[    2.305065] systemd[1]: Hostname set to <lfs-eyohn>.
[    2.325819] systemd-getty-g (168) used greatest stack depth: 13376 bytes left
[    2.326156] systemd-hiberna (170) used greatest stack depth: 13312 bytes left
[    2.326164] systemd-debug-g (166) used greatest stack depth: 13120 bytes left
[    2.373761] systemd[1]: /usr/lib/systemd/system/cups.socket:6: ListenStream= references a path below legacy directory /var/run/, updating /var/run/cups/cups.sock \xe2\x86\x92 /run/cups/cups.sock; please update the unit file accordingly.
[    2.393062] systemd[1]: Queued start job for default target Graphical Interface.
[    2.402386] systemd[1]: Created slice Slice /system/getty.
[    2.402588] systemd[1]: Created slice Slice /system/modprobe.
[    2.402712] systemd[1]: Created slice User and Session Slice.
[    2.402779] systemd[1]: Started Dispatch Password Requests to Console Directory Watch.
[    2.402839] systemd[1]: Started Forward Password Requests to Wall Directory Watch.
[    2.402960] systemd[1]: Set up automount Arbitrary Executable File Formats File System Automount Point.
[    2.402999] systemd[1]: Reached target Login Prompts.
[    2.403035] systemd[1]: Reached target User and Group Name Lookups.
[    2.403055] systemd[1]: Reached target Remote File Systems.
[    2.403071] systemd[1]: Reached target Slice Units.
[    2.403092] systemd[1]: Reached target Swaps.
[    2.403111] systemd[1]: Reached target System Time Set.
[    2.403821] systemd[1]: Listening on Process Core Dump Socket.
[    2.403872] systemd[1]: Listening on initctl Compatibility Named Pipe.
[    2.403965] systemd[1]: Listening on Journal Audit Socket.
[    2.404033] systemd[1]: Listening on Journal Socket (/dev/log).
[    2.404100] systemd[1]: Listening on Journal Socket.
[    2.404179] systemd[1]: Listening on Network Service Netlink Socket.
[    2.404245] systemd[1]: Listening on Userspace Out-Of-Memory (OOM) Killer Socket.
[    2.404962] systemd[1]: Listening on udev Control Socket.
[    2.405024] systemd[1]: Listening on udev Kernel Socket.
[    2.405391] systemd[1]: Mounting Huge Pages File System...
[    2.405719] systemd[1]: Mounting POSIX Message Queue File System...
[    2.406060] systemd[1]: Mounting Kernel Debug File System...
[    2.406407] systemd[1]: Mounting Kernel Trace File System...
[    2.408309] systemd[1]: tmp.mount: Directory /tmp to mount over is not empty, mounting anyway.
[    2.408610] systemd[1]: Mounting Temporary Directory /tmp...
[    2.409909] systemd[1]: Starting Create List of Static Device Nodes...
[    2.410302] systemd[1]: Starting Load Kernel Module configfs...
[    2.410682] systemd[1]: Starting Load Kernel Module drm...
[    2.411072] systemd[1]: Starting Load Kernel Module fuse...
[    2.411413] systemd[1]: Starting File System Check on Root Device...
[    2.411515] systemd[1]: systemd-journald.service: unit configures an IP firewall, but the local system does not support BPF/cgroup firewalling.
[    2.411519] systemd[1]: (This warning is only shown for the first unit using IP firewalling.)
[    2.411797] systemd[1]: Starting Journal Service...
[    2.412356] systemd[1]: Load Kernel Modules was skipped because all trigger condition checks failed.
[    2.412783] systemd[1]: Starting Generate network units from Kernel command line...
[    2.413241] systemd[1]: Repartition Root Disk was skipped because all trigger condition checks failed.
[    2.413627] systemd[1]: Starting Apply Kernel Variables...
[    2.414050] systemd[1]: Starting Coldplug All udev Devices...
[    2.414858] systemd[1]: Mounted Huge Pages File System.
[    2.414930] systemd[1]: Mounted POSIX Message Queue File System.
[    2.414970] systemd[1]: Mounted Kernel Debug File System.
[    2.415014] systemd[1]: Mounted Kernel Trace File System.
[    2.415054] systemd[1]: Mounted Temporary Directory /tmp.
[    2.415166] systemd[1]: Finished Create List of Static Device Nodes.
[    2.415298] systemd[1]: Finished Generate network units from Kernel command line.
[    2.415398] systemd[1]: Reached target Preparation for Network.
[    2.415793] systemd[1]: Starting Create Static Device Nodes in /dev...
[    2.418431] systemd[1]: modprobe@configfs.service: Deactivated successfully.
[    2.418502] systemd[1]: Finished Load Kernel Module configfs.
[    2.418632] systemd[1]: modprobe@drm.service: Deactivated successfully.
[    2.418681] systemd[1]: Finished Load Kernel Module drm.
[    2.418780] systemd[1]: modprobe@fuse.service: Deactivated successfully.
[    2.418828] systemd[1]: Finished Load Kernel Module fuse.
[    2.418908] systemd[1]: FUSE Control File System was skipped because of a failed condition check (ConditionPathExists=/sys/fs/fuse/connections).
[    2.418944] systemd[1]: Kernel Configuration File System was skipped because of a failed condition check (ConditionPathExists=/sys/kernel/config).
[    2.421018] systemd[1]: Finished Apply Kernel Variables.
[    2.436403] systemd[1]: Finished Create Static Device Nodes in /dev.
[    2.437139] systemd[1]: Started Journal Service.
[    2.439130] fsck.ext4 (198) used greatest stack depth: 13064 bytes left
[    2.594227] usb 1-9: New USB device found, idVendor=8087, idProduct=0a2b, bcdDevice= 0.10
[    2.594236] usb 1-9: New USB device strings: Mfr=0, Product=0, SerialNumber=0
[    2.771772] EXT4-fs (sdb): re-mounted. Quota mode: none.
[    2.789244] systemd-journald[190]: Received client request to flush runtime journal.
[    2.911642] r8169 0000:04:00.0: Direct firmware load for rtl_nic/rtl8168h-2.fw failed with error -2
[    2.911653] r8169 0000:04:00.0: Unable to load firmware rtl_nic/rtl8168h-2.fw (-2)
[    2.924785] snd_hda_intel 0000:07:00.1: enabling device (0000 -> 0002)
[    2.924891] snd_hda_intel 0000:07:00.6: enabling device (0000 -> 0002)
[    2.930932] input: HD-Audio Generic HDMI/DP,pcm=3 as /devices/pci0000:00/0000:00:08.1/0000:07:00.1/sound/card0/input12
[    2.930986] input: HD-Audio Generic HDMI/DP,pcm=7 as /devices/pci0000:00/0000:00:08.1/0000:07:00.1/sound/card0/input13
[    2.931015] input: HD-Audio Generic HDMI/DP,pcm=8 as /devices/pci0000:00/0000:00:08.1/0000:07:00.1/sound/card0/input14
[    2.931043] input: HD-Audio Generic HDMI/DP,pcm=9 as /devices/pci0000:00/0000:00:08.1/0000:07:00.1/sound/card0/input15
[    2.931803] input: HD-Audio Generic HDMI/DP,pcm=10 as /devices/pci0000:00/0000:00:08.1/0000:07:00.1/sound/card0/input16
[    2.931880] input: HD-Audio Generic HDMI/DP,pcm=11 as /devices/pci0000:00/0000:00:08.1/0000:07:00.1/sound/card0/input17
[    2.934202] Generic FE-GE Realtek PHY r8169-0-400:00: attached PHY driver (mii_bus:phy_addr=r8169-0-400:00, irq=MAC)
[    2.970417] [drm] amdgpu kernel modesetting enabled.
[    2.972902] snd_hda_codec_realtek hdaudioC1D0: ALCS1200A: SKU not ready 0x00000000
[    2.973402] snd_hda_codec_realtek hdaudioC1D0: autoconfig for ALCS1200A: line_outs=1 (0x14/0x0/0x0/0x0/0x0) type:line
[    2.973409] snd_hda_codec_realtek hdaudioC1D0:    speaker_outs=0 (0x0/0x0/0x0/0x0/0x0)
[    2.973414] snd_hda_codec_realtek hdaudioC1D0:    hp_outs=1 (0x1b/0x0/0x0/0x0/0x0)
[    2.973419] snd_hda_codec_realtek hdaudioC1D0:    mono: mono_out=0x0
[    2.973422] snd_hda_codec_realtek hdaudioC1D0:    inputs:
[    2.973425] snd_hda_codec_realtek hdaudioC1D0:      Front Mic=0x19
[    2.973429] snd_hda_codec_realtek hdaudioC1D0:      Rear Mic=0x18
[    2.973432] snd_hda_codec_realtek hdaudioC1D0:      Line=0x1a
[    2.974091] amdgpu: Virtual CRAT table created for CPU
[    2.974102] amdgpu: Topology: Add CPU node
[    2.974173] amdgpu 0000:07:00.0: vgaarb: deactivate vga console
[    2.974215] amdgpu 0000:07:00.0: enabling device (0006 -> 0007)
[    2.974246] [drm] initializing kernel modesetting (RENOIR 0x1002:0x1636 0x1002:0x1636 0xD9).
[    2.974257] [drm] register mmio base: 0xFCB00000
[    2.974260] [drm] register mmio size: 524288
[    2.975815] [drm] add ip block number 0 <soc15_common>
[    2.975818] [drm] add ip block number 1 <gmc_v9_0>
[    2.975820] [drm] add ip block number 2 <vega10_ih>
[    2.975822] [drm] add ip block number 3 <psp>
[    2.975824] [drm] add ip block number 4 <smu>
[    2.975825] [drm] add ip block number 5 <dm>
[    2.975827] [drm] add ip block number 6 <gfx_v9_0>
[    2.975829] [drm] add ip block number 7 <sdma_v4_0>
[    2.975831] [drm] add ip block number 8 <vcn_v2_0>
[    2.975833] [drm] add ip block number 9 <jpeg_v2_0>
[    2.975842] amdgpu 0000:07:00.0: amdgpu: Fetched VBIOS from VFCT
[    2.975845] amdgpu: ATOM BIOS: 113-RENOIR-031
[    2.975855] [drm] VCN decode is enabled in VM mode
[    2.975856] [drm] VCN encode is enabled in VM mode
[    2.975858] [drm] JPEG decode is enabled in VM mode
[    2.975860] amdgpu 0000:07:00.0: amdgpu: Trusted Memory Zone (TMZ) feature enabled
[    2.975863] amdgpu 0000:07:00.0: amdgpu: PCIE atomic ops is not supported
[    2.975870] amdgpu 0000:07:00.0: amdgpu: MODE2 reset
[    2.976304] [drm] vm size is 262144 GB, 4 levels, block size is 9-bit, fragment size is 9-bit
[    2.976314] amdgpu 0000:07:00.0: amdgpu: VRAM: 512M 0x000000F400000000 - 0x000000F41FFFFFFF (512M used)
[    2.976317] amdgpu 0000:07:00.0: amdgpu: GART: 1024M 0x0000000000000000 - 0x000000003FFFFFFF
[    2.976320] amdgpu 0000:07:00.0: amdgpu: AGP: 267419648M 0x000000F800000000 - 0x0000FFFFFFFFFFFF
[    2.976326] [drm] Detected VRAM RAM=512M, BAR=512M
[    2.976328] [drm] RAM width 128bits DDR4
[    2.976368] [drm] amdgpu: 512M of VRAM memory ready
[    2.976371] [drm] amdgpu: 15744M of GTT memory ready.
[    2.976379] [drm] GART: num cpu pages 262144, num gpu pages 262144
[    2.976516] [drm] PCIE GART of 1024M enabled.
[    2.976518] [drm] PTB located at 0x000000F41FC00000
[    2.979913] amdgpu 0000:07:00.0: amdgpu: PSP runtime database doesn't exist
[    2.979921] amdgpu 0000:07:00.0: amdgpu: PSP runtime database doesn't exist
[    2.981043] [drm] Loading DMUB firmware via PSP: version=0x01010019
[    2.986099] [drm] Found VCN firmware Version ENC: 1.16 DEC: 5 VEP: 0 Revision: 3
[    2.986117] amdgpu 0000:07:00.0: amdgpu: Will use PSP to load VCN firmware
[    2.987642] input: HDA Digital PCBeep as /devices/pci0000:00/0000:00:08.1/0000:07:00.6/sound/card1/input18
[    2.987676] input: HD-Audio Generic Front Mic as /devices/pci0000:00/0000:00:08.1/0000:07:00.6/sound/card1/input19
[    2.987702] input: HD-Audio Generic Rear Mic as /devices/pci0000:00/0000:00:08.1/0000:07:00.6/sound/card1/input20
[    2.987727] input: HD-Audio Generic Line as /devices/pci0000:00/0000:00:08.1/0000:07:00.6/sound/card1/input21
[    2.987759] input: HD-Audio Generic Line Out as /devices/pci0000:00/0000:00:08.1/0000:07:00.6/sound/card1/input22
[    2.987836] input: HD-Audio Generic Front Headphone as /devices/pci0000:00/0000:00:08.1/0000:07:00.6/sound/card1/input23
[    3.041647] r8169 0000:04:00.0 eth0: Link is Down
[    3.667110] [drm] reserve 0x400000 from 0xf41f400000 for PSP TMR
[    3.747893] amdgpu 0000:07:00.0: amdgpu: RAS: optional ras ta ucode is not available
[    3.756298] amdgpu 0000:07:00.0: amdgpu: RAP: optional rap ta ucode is not available
[    3.756303] amdgpu 0000:07:00.0: amdgpu: SECUREDISPLAY: securedisplay ta ucode is not available
[    3.756859] amdgpu 0000:07:00.0: amdgpu: SMU is initialized successfully!
[    3.757115] [drm] Display Core initialized with v3.2.212!
[    3.757662] [drm] DMUB hardware initialized: version=0x01010019
[    3.841051] snd_hda_intel 0000:07:00.1: bound 0000:07:00.0 (ops amdgpu_dm_audio_component_bind_ops [amdgpu])
[    3.869437] [drm] Unknown EDID CEA parser results
[    3.870815] [drm] kiq ring mec 2 pipe 1 q 0
[    3.873245] [drm] VCN decode and encode initialized successfully(under DPG Mode).
[    3.873258] [drm] JPEG decode initialized successfully.
[    3.874228] kfd kfd: amdgpu: Allocated 3969056 bytes on gart
[    3.874282] amdgpu: sdma_bitmap: 3
[    3.881109] memmap_init_zone_device initialised 131072 pages in 0ms
[    3.881116] amdgpu: HMM registered 512MB device memory
[    3.881140] amdgpu: SRAT table not found
[    3.881142] amdgpu: Virtual CRAT table created for GPU
[    3.881222] amdgpu: Topology: Add dGPU node [0x1636:0x1002]
[    3.881228] kfd kfd: amdgpu: added device 1002:1636
[    3.881289] amdgpu 0000:07:00.0: amdgpu: SE 1, SH per SE 1, CU per SH 8, active_cu_number 7
[    3.881377] amdgpu 0000:07:00.0: amdgpu: ring gfx uses VM inv eng 0 on hub 0
[    3.881381] amdgpu 0000:07:00.0: amdgpu: ring comp_1.0.0 uses VM inv eng 1 on hub 0
[    3.881385] amdgpu 0000:07:00.0: amdgpu: ring comp_1.1.0 uses VM inv eng 4 on hub 0
[    3.881388] amdgpu 0000:07:00.0: amdgpu: ring comp_1.2.0 uses VM inv eng 5 on hub 0
[    3.881392] amdgpu 0000:07:00.0: amdgpu: ring comp_1.3.0 uses VM inv eng 6 on hub 0
[    3.881395] amdgpu 0000:07:00.0: amdgpu: ring comp_1.0.1 uses VM inv eng 7 on hub 0
[    3.881399] amdgpu 0000:07:00.0: amdgpu: ring comp_1.1.1 uses VM inv eng 8 on hub 0
[    3.881402] amdgpu 0000:07:00.0: amdgpu: ring comp_1.2.1 uses VM inv eng 9 on hub 0
[    3.881406] amdgpu 0000:07:00.0: amdgpu: ring comp_1.3.1 uses VM inv eng 10 on hub 0
[    3.881409] amdgpu 0000:07:00.0: amdgpu: ring kiq_2.1.0 uses VM inv eng 11 on hub 0
[    3.881413] amdgpu 0000:07:00.0: amdgpu: ring sdma0 uses VM inv eng 0 on hub 1
[    3.881416] amdgpu 0000:07:00.0: amdgpu: ring vcn_dec uses VM inv eng 1 on hub 1
[    3.881420] amdgpu 0000:07:00.0: amdgpu: ring vcn_enc0 uses VM inv eng 4 on hub 1
[    3.881423] amdgpu 0000:07:00.0: amdgpu: ring vcn_enc1 uses VM inv eng 5 on hub 1
[    3.881426] amdgpu 0000:07:00.0: amdgpu: ring jpeg_dec uses VM inv eng 6 on hub 1
[    3.882784] [drm] Initialized amdgpu 3.49.0 20150101 for 0000:07:00.0 on minor 0
[    3.884373] [drm] Unknown EDID CEA parser results
[    3.889303] fbcon: amdgpudrmfb (fb0) is primary device
[    3.889480] [drm] DSC precompute is not needed.
[    4.063483] Console: switching to colour frame buffer device 480x135
[    4.080207] amdgpu 0000:07:00.0: [drm] fb0: amdgpudrmfb frame buffer device
[    4.536548] [drm] Unknown EDID CEA parser results
[    4.542018] [drm] Unknown EDID CEA parser results
[    5.092112] audit: type=1006 audit(1668683603.967:2): pid=428 uid=0 subj=kernel old-auid=4294967295 auid=65 tty=(none) old-ses=4294967295 ses=1 res=1
[    5.092119] audit: type=1300 audit(1668683603.967:2): arch=c000003e syscall=1 success=yes exit=2 a0=8 a1=7ffe0bc740f0 a2=2 a3=14 items=0 ppid=1 pid=428 auid=65 uid=0 gid=0 euid=0 suid=0 fsuid=0 egid=0 sgid=0 fsgid=0 tty=(none) ses=1 comm="(systemd)" exe="/usr/lib/systemd/systemd" subj=kernel key=(null)
[    5.092122] audit: type=1327 audit(1668683603.967:2): proctitle="(systemd)"
[    6.811672] systemd-udevd (243) used greatest stack depth: 10440 bytes left
[    8.794280] acpi device:0a: registered as cooling_device12
[   10.937287] audit: type=1006 audit(1668683609.813:3): pid=489 uid=0 subj=kernel old-auid=4294967295 auid=1000 tty=(none) old-ses=4294967295 ses=2 res=1
[   10.937294] audit: type=1300 audit(1668683609.813:3): arch=c000003e syscall=1 success=yes exit=4 a0=8 a1=7ffe0bc740f0 a2=4 a3=14 items=0 ppid=1 pid=489 auid=1000 uid=0 gid=0 euid=0 suid=0 fsuid=0 egid=0 sgid=0 fsgid=0 tty=(none) ses=2 comm="(systemd)" exe="/usr/lib/systemd/systemd" subj=kernel key=(null)
[   10.937296] audit: type=1327 audit(1668683609.813:3): proctitle="(systemd)"
[   11.324531] amdgpu 0000:07:00.0: amdgpu: [gfxhub0] no-retry page fault (src_id:0 ring:40 vmid:2 pasid:32770, for process xfwm4 pid 525 thread xfwm4:cs0 pid 533)
[   11.324538] amdgpu 0000:07:00.0: amdgpu:   in page starting at address 0x0000800104e80000 from IH client 0x1b (UTCL2)
[   11.324543] amdgpu 0000:07:00.0: amdgpu: VM_L2_PROTECTION_FAULT_STATUS:0x00241051
[   11.324544] amdgpu 0000:07:00.0: amdgpu: 	 Faulty UTCL2 client ID: TCP (0x8)
[   11.324546] amdgpu 0000:07:00.0: amdgpu: 	 MORE_FAULTS: 0x1
[   11.324547] amdgpu 0000:07:00.0: amdgpu: 	 WALKER_ERROR: 0x0
[   11.324548] amdgpu 0000:07:00.0: amdgpu: 	 PERMISSION_FAULTS: 0x5
[   11.324549] amdgpu 0000:07:00.0: amdgpu: 	 MAPPING_ERROR: 0x0
[   11.324550] amdgpu 0000:07:00.0: amdgpu: 	 RW: 0x1
[   11.324552] amdgpu 0000:07:00.0: amdgpu: [gfxhub0] no-retry page fault (src_id:0 ring:40 vmid:2 pasid:32770, for process xfwm4 pid 525 thread xfwm4:cs0 pid 533)
[   11.324554] amdgpu 0000:07:00.0: amdgpu:   in page starting at address 0x0000800104e80000 from IH client 0x1b (UTCL2)
[   11.324558] amdgpu 0000:07:00.0: amdgpu: VM_L2_PROTECTION_FAULT_STATUS:0x00241051
[   11.324559] amdgpu 0000:07:00.0: amdgpu: 	 Faulty UTCL2 client ID: TCP (0x8)
[   11.324560] amdgpu 0000:07:00.0: amdgpu: 	 MORE_FAULTS: 0x1
[   11.324562] amdgpu 0000:07:00.0: amdgpu: 	 WALKER_ERROR: 0x0
[   11.324563] amdgpu 0000:07:00.0: amdgpu: 	 PERMISSION_FAULTS: 0x5
[   11.324564] amdgpu 0000:07:00.0: amdgpu: 	 MAPPING_ERROR: 0x0
[   11.324565] amdgpu 0000:07:00.0: amdgpu: 	 RW: 0x1
[   11.324566] amdgpu 0000:07:00.0: amdgpu: [gfxhub0] no-retry page fault (src_id:0 ring:40 vmid:2 pasid:32770, for process xfwm4 pid 525 thread xfwm4:cs0 pid 533)
[   11.324568] amdgpu 0000:07:00.0: amdgpu:   in page starting at address 0x0000800104e81000 from IH client 0x1b (UTCL2)
[   11.324572] amdgpu 0000:07:00.0: amdgpu: VM_L2_PROTECTION_FAULT_STATUS:0x00000000
[   11.324573] amdgpu 0000:07:00.0: amdgpu: 	 Faulty UTCL2 client ID: CB (0x0)
[   11.324574] amdgpu 0000:07:00.0: amdgpu: 	 MORE_FAULTS: 0x0
[   11.324575] amdgpu 0000:07:00.0: amdgpu: 	 WALKER_ERROR: 0x0
[   11.324576] amdgpu 0000:07:00.0: amdgpu: 	 PERMISSION_FAULTS: 0x0
[   11.324578] amdgpu 0000:07:00.0: amdgpu: 	 MAPPING_ERROR: 0x0
[   11.324579] amdgpu 0000:07:00.0: amdgpu: 	 RW: 0x0
[   11.324580] amdgpu 0000:07:00.0: amdgpu: [gfxhub0] no-retry page fault (src_id:0 ring:40 vmid:2 pasid:32770, for process xfwm4 pid 525 thread xfwm4:cs0 pid 533)
[   11.324582] amdgpu 0000:07:00.0: amdgpu:   in page starting at address 0x0000800104e80000 from IH client 0x1b (UTCL2)
[   11.324585] amdgpu 0000:07:00.0: amdgpu: VM_L2_PROTECTION_FAULT_STATUS:0x00000000
[   11.324586] amdgpu 0000:07:00.0: amdgpu: 	 Faulty UTCL2 client ID: CB (0x0)
[   11.324588] amdgpu 0000:07:00.0: amdgpu: 	 MORE_FAULTS: 0x0
[   11.324589] amdgpu 0000:07:00.0: amdgpu: 	 WALKER_ERROR: 0x0
[   11.324590] amdgpu 0000:07:00.0: amdgpu: 	 PERMISSION_FAULTS: 0x0
[   11.324591] amdgpu 0000:07:00.0: amdgpu: 	 MAPPING_ERROR: 0x0
[   11.324592] amdgpu 0000:07:00.0: amdgpu: 	 RW: 0x0
[   11.324593] amdgpu 0000:07:00.0: amdgpu: [gfxhub0] no-retry page fault (src_id:0 ring:40 vmid:2 pasid:32770, for process xfwm4 pid 525 thread xfwm4:cs0 pid 533)
[   11.324595] amdgpu 0000:07:00.0: amdgpu:   in page starting at address 0x0000800104e81000 from IH client 0x1b (UTCL2)
[   11.324599] amdgpu 0000:07:00.0: amdgpu: VM_L2_PROTECTION_FAULT_STATUS:0x00000000
[   11.324600] amdgpu 0000:07:00.0: amdgpu: 	 Faulty UTCL2 client ID: CB (0x0)
[   11.324601] amdgpu 0000:07:00.0: amdgpu: 	 MORE_FAULTS: 0x0
[   11.324602] amdgpu 0000:07:00.0: amdgpu: 	 WALKER_ERROR: 0x0
[   11.324603] amdgpu 0000:07:00.0: amdgpu: 	 PERMISSION_FAULTS: 0x0
[   11.324604] amdgpu 0000:07:00.0: amdgpu: 	 MAPPING_ERROR: 0x0
[   11.324605] amdgpu 0000:07:00.0: amdgpu: 	 RW: 0x0
[   11.324607] amdgpu 0000:07:00.0: amdgpu: [gfxhub0] no-retry page fault (src_id:0 ring:40 vmid:2 pasid:32770, for process xfwm4 pid 525 thread xfwm4:cs0 pid 533)
[   11.324608] amdgpu 0000:07:00.0: amdgpu:   in page starting at address 0x0000800104e80000 from IH client 0x1b (UTCL2)
[   11.324612] amdgpu 0000:07:00.0: amdgpu: VM_L2_PROTECTION_FAULT_STATUS:0x00000000
[   11.324613] amdgpu 0000:07:00.0: amdgpu: 	 Faulty UTCL2 client ID: CB (0x0)
[   11.324614] amdgpu 0000:07:00.0: amdgpu: 	 MORE_FAULTS: 0x0
[   11.324615] amdgpu 0000:07:00.0: amdgpu: 	 WALKER_ERROR: 0x0
[   11.324616] amdgpu 0000:07:00.0: amdgpu: 	 PERMISSION_FAULTS: 0x0
[   11.324617] amdgpu 0000:07:00.0: amdgpu: 	 MAPPING_ERROR: 0x0
[   11.324619] amdgpu 0000:07:00.0: amdgpu: 	 RW: 0x0
[   11.324620] amdgpu 0000:07:00.0: amdgpu: [gfxhub0] no-retry page fault (src_id:0 ring:40 vmid:2 pasid:32770, for process xfwm4 pid 525 thread xfwm4:cs0 pid 533)
[   11.324622] amdgpu 0000:07:00.0: amdgpu:   in page starting at address 0x0000800104e81000 from IH client 0x1b (UTCL2)
[   11.324625] amdgpu 0000:07:00.0: amdgpu: VM_L2_PROTECTION_FAULT_STATUS:0x00000000
[   11.324626] amdgpu 0000:07:00.0: amdgpu: 	 Faulty UTCL2 client ID: CB (0x0)
[   11.324627] amdgpu 0000:07:00.0: amdgpu: 	 MORE_FAULTS: 0x0
[   11.324628] amdgpu 0000:07:00.0: amdgpu: 	 WALKER_ERROR: 0x0
[   11.324630] amdgpu 0000:07:00.0: amdgpu: 	 PERMISSION_FAULTS: 0x0
[   11.324631] amdgpu 0000:07:00.0: amdgpu: 	 MAPPING_ERROR: 0x0
[   11.324632] amdgpu 0000:07:00.0: amdgpu: 	 RW: 0x0
[   11.346114] [drm] Unknown EDID CEA parser results
[   17.601042] Generic FE-GE Realtek PHY r8169-0-400:00: Downshift occurred from negotiated speed 1Gbps to actual speed 100Mbps, check cabling!
[   17.601051] r8169 0000:04:00.0 eth0: Link is Up - 100Mbps/Full (downshifted) - flow control off
[   17.601060] IPv6: ADDRCONF(NETDEV_CHANGE): eth0: link becomes ready
[   21.593792] [drm:amdgpu_job_timedout [amdgpu]] *ERROR* ring gfx timeout, but soft recovered
[   22.073492] gmc_v9_0_process_interrupt: 41 callbacks suppressed
[   22.073499] amdgpu 0000:07:00.0: amdgpu: [gfxhub0] no-retry page fault (src_id:0 ring:40 vmid:1 pasid:32769, for process Xorg pid 397 thread Xorg:cs0 pid 405)
[   22.073507] amdgpu 0000:07:00.0: amdgpu:   in page starting at address 0x0000800103681000 from IH client 0x1b (UTCL2)
[   22.073511] amdgpu 0000:07:00.0: amdgpu: VM_L2_PROTECTION_FAULT_STATUS:0x00141051
[   22.073513] amdgpu 0000:07:00.0: amdgpu: 	 Faulty UTCL2 client ID: TCP (0x8)
[   22.073515] amdgpu 0000:07:00.0: amdgpu: 	 MORE_FAULTS: 0x1
[   22.073517] amdgpu 0000:07:00.0: amdgpu: 	 WALKER_ERROR: 0x0
[   22.073518] amdgpu 0000:07:00.0: amdgpu: 	 PERMISSION_FAULTS: 0x5
[   22.073520] amdgpu 0000:07:00.0: amdgpu: 	 MAPPING_ERROR: 0x0
[   22.073521] amdgpu 0000:07:00.0: amdgpu: 	 RW: 0x1
[   22.073523] amdgpu 0000:07:00.0: amdgpu: [gfxhub0] no-retry page fault (src_id:0 ring:40 vmid:1 pasid:32769, for process Xorg pid 397 thread Xorg:cs0 pid 405)
[   22.073527] amdgpu 0000:07:00.0: amdgpu:   in page starting at address 0x0000800103680000 from IH client 0x1b (UTCL2)
[   22.073530] amdgpu 0000:07:00.0: amdgpu: VM_L2_PROTECTION_FAULT_STATUS:0x00000000
[   22.073532] amdgpu 0000:07:00.0: amdgpu: 	 Faulty UTCL2 client ID: CB (0x0)
[   22.073534] amdgpu 0000:07:00.0: amdgpu: 	 MORE_FAULTS: 0x0
[   22.073535] amdgpu 0000:07:00.0: amdgpu: 	 WALKER_ERROR: 0x0
[   22.073537] amdgpu 0000:07:00.0: amdgpu: 	 PERMISSION_FAULTS: 0x0
[   22.073538] amdgpu 0000:07:00.0: amdgpu: 	 MAPPING_ERROR: 0x0
[   22.073540] amdgpu 0000:07:00.0: amdgpu: 	 RW: 0x0
[   22.073542] amdgpu 0000:07:00.0: amdgpu: [gfxhub0] no-retry page fault (src_id:0 ring:40 vmid:1 pasid:32769, for process Xorg pid 397 thread Xorg:cs0 pid 405)
[   22.073545] amdgpu 0000:07:00.0: amdgpu:   in page starting at address 0x0000800103680000 from IH client 0x1b (UTCL2)
[   22.073548] amdgpu 0000:07:00.0: amdgpu: VM_L2_PROTECTION_FAULT_STATUS:0x00000000
[   22.073549] amdgpu 0000:07:00.0: amdgpu: 	 Faulty UTCL2 client ID: CB (0x0)
[   22.073551] amdgpu 0000:07:00.0: amdgpu: 	 MORE_FAULTS: 0x0
[   22.073553] amdgpu 0000:07:00.0: amdgpu: 	 WALKER_ERROR: 0x0
[   22.073554] amdgpu 0000:07:00.0: amdgpu: 	 PERMISSION_FAULTS: 0x0
[   22.073556] amdgpu 0000:07:00.0: amdgpu: 	 MAPPING_ERROR: 0x0
[   22.073557] amdgpu 0000:07:00.0: amdgpu: 	 RW: 0x0
[   22.073559] amdgpu 0000:07:00.0: amdgpu: [gfxhub0] no-retry page fault (src_id:0 ring:40 vmid:1 pasid:32769, for process Xorg pid 397 thread Xorg:cs0 pid 405)
[   22.073562] amdgpu 0000:07:00.0: amdgpu:   in page starting at address 0x0000800103680000 from IH client 0x1b (UTCL2)
[   22.073565] amdgpu 0000:07:00.0: amdgpu: VM_L2_PROTECTION_FAULT_STATUS:0x00000000
[   22.073567] amdgpu 0000:07:00.0: amdgpu: 	 Faulty UTCL2 client ID: CB (0x0)
[   22.073569] amdgpu 0000:07:00.0: amdgpu: 	 MORE_FAULTS: 0x0
[   22.073570] amdgpu 0000:07:00.0: amdgpu: 	 WALKER_ERROR: 0x0
[   22.073572] amdgpu 0000:07:00.0: amdgpu: 	 PERMISSION_FAULTS: 0x0
[   22.073573] amdgpu 0000:07:00.0: amdgpu: 	 MAPPING_ERROR: 0x0
[   22.073575] amdgpu 0000:07:00.0: amdgpu: 	 RW: 0x0
[   22.073577] amdgpu 0000:07:00.0: amdgpu: [gfxhub0] no-retry page fault (src_id:0 ring:40 vmid:1 pasid:32769, for process Xorg pid 397 thread Xorg:cs0 pid 405)
[   22.073579] amdgpu 0000:07:00.0: amdgpu:   in page starting at address 0x0000800103682000 from IH client 0x1b (UTCL2)
[   22.073583] amdgpu 0000:07:00.0: amdgpu: VM_L2_PROTECTION_FAULT_STATUS:0x00000000
[   22.073584] amdgpu 0000:07:00.0: amdgpu: 	 Faulty UTCL2 client ID: CB (0x0)
[   22.073586] amdgpu 0000:07:00.0: amdgpu: 	 MORE_FAULTS: 0x0
[   22.073587] amdgpu 0000:07:00.0: amdgpu: 	 WALKER_ERROR: 0x0
[   22.073589] amdgpu 0000:07:00.0: amdgpu: 	 PERMISSION_FAULTS: 0x0
[   22.073591] amdgpu 0000:07:00.0: amdgpu: 	 MAPPING_ERROR: 0x0
[   22.073592] amdgpu 0000:07:00.0: amdgpu: 	 RW: 0x0
[   22.073594] amdgpu 0000:07:00.0: amdgpu: [gfxhub0] no-retry page fault (src_id:0 ring:40 vmid:1 pasid:32769, for process Xorg pid 397 thread Xorg:cs0 pid 405)
[   22.073597] amdgpu 0000:07:00.0: amdgpu:   in page starting at address 0x0000800103681000 from IH client 0x1b (UTCL2)
[   22.073600] amdgpu 0000:07:00.0: amdgpu: VM_L2_PROTECTION_FAULT_STATUS:0x00000000
[   22.073601] amdgpu 0000:07:00.0: amdgpu: 	 Faulty UTCL2 client ID: CB (0x0)
[   22.073603] amdgpu 0000:07:00.0: amdgpu: 	 MORE_FAULTS: 0x0
[   22.073605] amdgpu 0000:07:00.0: amdgpu: 	 WALKER_ERROR: 0x0
[   22.073606] amdgpu 0000:07:00.0: amdgpu: 	 PERMISSION_FAULTS: 0x0
[   22.073607] amdgpu 0000:07:00.0: amdgpu: 	 MAPPING_ERROR: 0x0
[   22.073609] amdgpu 0000:07:00.0: amdgpu: 	 RW: 0x0
[   22.073611] amdgpu 0000:07:00.0: amdgpu: [gfxhub0] no-retry page fault (src_id:0 ring:40 vmid:1 pasid:32769, for process Xorg pid 397 thread Xorg:cs0 pid 405)
[   22.073613] amdgpu 0000:07:00.0: amdgpu:   in page starting at address 0x0000800103681000 from IH client 0x1b (UTCL2)
[   22.073616] amdgpu 0000:07:00.0: amdgpu: VM_L2_PROTECTION_FAULT_STATUS:0x00000000
[   22.073618] amdgpu 0000:07:00.0: amdgpu: 	 Faulty UTCL2 client ID: CB (0x0)
[   22.073619] amdgpu 0000:07:00.0: amdgpu: 	 MORE_FAULTS: 0x0
[   22.073621] amdgpu 0000:07:00.0: amdgpu: 	 WALKER_ERROR: 0x0
[   22.073622] amdgpu 0000:07:00.0: amdgpu: 	 PERMISSION_FAULTS: 0x0
[   22.073624] amdgpu 0000:07:00.0: amdgpu: 	 MAPPING_ERROR: 0x0
[   22.073625] amdgpu 0000:07:00.0: amdgpu: 	 RW: 0x0
[   22.073627] amdgpu 0000:07:00.0: amdgpu: [gfxhub0] no-retry page fault (src_id:0 ring:40 vmid:1 pasid:32769, for process Xorg pid 397 thread Xorg:cs0 pid 405)
[   22.073630] amdgpu 0000:07:00.0: amdgpu:   in page starting at address 0x0000800103683000 from IH client 0x1b (UTCL2)
[   22.073633] amdgpu 0000:07:00.0: amdgpu: VM_L2_PROTECTION_FAULT_STATUS:0x00000000
[   22.073634] amdgpu 0000:07:00.0: amdgpu: 	 Faulty UTCL2 client ID: CB (0x0)
[   22.073636] amdgpu 0000:07:00.0: amdgpu: 	 MORE_FAULTS: 0x0
[   22.073637] amdgpu 0000:07:00.0: amdgpu: 	 WALKER_ERROR: 0x0
[   22.073639] amdgpu 0000:07:00.0: amdgpu: 	 PERMISSION_FAULTS: 0x0
[   22.073640] amdgpu 0000:07:00.0: amdgpu: 	 MAPPING_ERROR: 0x0
[   22.073642] amdgpu 0000:07:00.0: amdgpu: 	 RW: 0x0
[   22.073643] amdgpu 0000:07:00.0: amdgpu: [gfxhub0] no-retry page fault (src_id:0 ring:40 vmid:1 pasid:32769, for process Xorg pid 397 thread Xorg:cs0 pid 405)
[   22.073646] amdgpu 0000:07:00.0: amdgpu:   in page starting at address 0x0000800103685000 from IH client 0x1b (UTCL2)
[   22.073649] amdgpu 0000:07:00.0: amdgpu: VM_L2_PROTECTION_FAULT_STATUS:0x00000000
[   22.073651] amdgpu 0000:07:00.0: amdgpu: 	 Faulty UTCL2 client ID: CB (0x0)
[   22.073652] amdgpu 0000:07:00.0: amdgpu: 	 MORE_FAULTS: 0x0
[   22.073654] amdgpu 0000:07:00.0: amdgpu: 	 WALKER_ERROR: 0x0
[   22.073655] amdgpu 0000:07:00.0: amdgpu: 	 PERMISSION_FAULTS: 0x0
[   22.073657] amdgpu 0000:07:00.0: amdgpu: 	 MAPPING_ERROR: 0x0
[   22.073658] amdgpu 0000:07:00.0: amdgpu: 	 RW: 0x0
[   22.073660] amdgpu 0000:07:00.0: amdgpu: [gfxhub0] no-retry page fault (src_id:0 ring:40 vmid:1 pasid:32769, for process Xorg pid 397 thread Xorg:cs0 pid 405)
[   22.073662] amdgpu 0000:07:00.0: amdgpu:   in page starting at address 0x0000800103682000 from IH client 0x1b (UTCL2)
[   22.073665] amdgpu 0000:07:00.0: amdgpu: VM_L2_PROTECTION_FAULT_STATUS:0x00000000
[   22.073667] amdgpu 0000:07:00.0: amdgpu: 	 Faulty UTCL2 client ID: CB (0x0)
[   22.073668] amdgpu 0000:07:00.0: amdgpu: 	 MORE_FAULTS: 0x0
[   22.073670] amdgpu 0000:07:00.0: amdgpu: 	 WALKER_ERROR: 0x0
[   22.073671] amdgpu 0000:07:00.0: amdgpu: 	 PERMISSION_FAULTS: 0x0
[   22.073673] amdgpu 0000:07:00.0: amdgpu: 	 MAPPING_ERROR: 0x0
[   22.073674] amdgpu 0000:07:00.0: amdgpu: 	 RW: 0x0
[   32.345557] [drm:amdgpu_job_timedout [amdgpu]] *ERROR* ring gfx timeout, but soft recovered
[   32.921051] gmc_v9_0_process_interrupt: 15 callbacks suppressed
[   32.921056] amdgpu 0000:07:00.0: amdgpu: [gfxhub0] no-retry page fault (src_id:0 ring:40 vmid:3 pasid:32771, for process firefox pid 586 thread firefox:cs0 pid 754)
[   32.921063] amdgpu 0000:07:00.0: amdgpu:   in page starting at address 0x0000800103440000 from IH client 0x1b (UTCL2)
[   32.921066] amdgpu 0000:07:00.0: amdgpu: VM_L2_PROTECTION_FAULT_STATUS:0x00341051
[   32.921068] amdgpu 0000:07:00.0: amdgpu: 	 Faulty UTCL2 client ID: TCP (0x8)
[   32.921069] amdgpu 0000:07:00.0: amdgpu: 	 MORE_FAULTS: 0x1
[   32.921070] amdgpu 0000:07:00.0: amdgpu: 	 WALKER_ERROR: 0x0
[   32.921072] amdgpu 0000:07:00.0: amdgpu: 	 PERMISSION_FAULTS: 0x5
[   32.921073] amdgpu 0000:07:00.0: amdgpu: 	 MAPPING_ERROR: 0x0
[   32.921074] amdgpu 0000:07:00.0: amdgpu: 	 RW: 0x1
[   32.921075] amdgpu 0000:07:00.0: amdgpu: [gfxhub0] no-retry page fault (src_id:0 ring:40 vmid:3 pasid:32771, for process firefox pid 586 thread firefox:cs0 pid 754)
[   32.921078] amdgpu 0000:07:00.0: amdgpu:   in page starting at address 0x0000800103441000 from IH client 0x1b (UTCL2)
[   32.921080] amdgpu 0000:07:00.0: amdgpu: VM_L2_PROTECTION_FAULT_STATUS:0x00000000
[   32.921082] amdgpu 0000:07:00.0: amdgpu: 	 Faulty UTCL2 client ID: CB (0x0)
[   32.921083] amdgpu 0000:07:00.0: amdgpu: 	 MORE_FAULTS: 0x0
[   32.921084] amdgpu 0000:07:00.0: amdgpu: 	 WALKER_ERROR: 0x0
[   32.921085] amdgpu 0000:07:00.0: amdgpu: 	 PERMISSION_FAULTS: 0x0
[   32.921086] amdgpu 0000:07:00.0: amdgpu: 	 MAPPING_ERROR: 0x0
[   32.921087] amdgpu 0000:07:00.0: amdgpu: 	 RW: 0x0
[   32.921089] amdgpu 0000:07:00.0: amdgpu: [gfxhub0] no-retry page fault (src_id:0 ring:40 vmid:3 pasid:32771, for process firefox pid 586 thread firefox:cs0 pid 754)
[   32.921091] amdgpu 0000:07:00.0: amdgpu:   in page starting at address 0x0000800103440000 from IH client 0x1b (UTCL2)
[   32.921093] amdgpu 0000:07:00.0: amdgpu: VM_L2_PROTECTION_FAULT_STATUS:0x00000000
[   32.921094] amdgpu 0000:07:00.0: amdgpu: 	 Faulty UTCL2 client ID: CB (0x0)
[   32.921096] amdgpu 0000:07:00.0: amdgpu: 	 MORE_FAULTS: 0x0
[   32.921097] amdgpu 0000:07:00.0: amdgpu: 	 WALKER_ERROR: 0x0
[   32.921098] amdgpu 0000:07:00.0: amdgpu: 	 PERMISSION_FAULTS: 0x0
[   32.921099] amdgpu 0000:07:00.0: amdgpu: 	 MAPPING_ERROR: 0x0
[   32.921100] amdgpu 0000:07:00.0: amdgpu: 	 RW: 0x0
[   32.921101] amdgpu 0000:07:00.0: amdgpu: [gfxhub0] no-retry page fault (src_id:0 ring:40 vmid:3 pasid:32771, for process firefox pid 586 thread firefox:cs0 pid 754)
[   32.921103] amdgpu 0000:07:00.0: amdgpu:   in page starting at address 0x0000800103442000 from IH client 0x1b (UTCL2)
[   32.921106] amdgpu 0000:07:00.0: amdgpu: VM_L2_PROTECTION_FAULT_STATUS:0x00000000
[   32.921107] amdgpu 0000:07:00.0: amdgpu: 	 Faulty UTCL2 client ID: CB (0x0)
[   32.921108] amdgpu 0000:07:00.0: amdgpu: 	 MORE_FAULTS: 0x0
[   32.921109] amdgpu 0000:07:00.0: amdgpu: 	 WALKER_ERROR: 0x0
[   32.921110] amdgpu 0000:07:00.0: amdgpu: 	 PERMISSION_FAULTS: 0x0
[   32.921111] amdgpu 0000:07:00.0: amdgpu: 	 MAPPING_ERROR: 0x0
[   32.921112] amdgpu 0000:07:00.0: amdgpu: 	 RW: 0x0
[   32.921114] amdgpu 0000:07:00.0: amdgpu: [gfxhub0] no-retry page fault (src_id:0 ring:40 vmid:3 pasid:32771, for process firefox pid 586 thread firefox:cs0 pid 754)
[   32.921116] amdgpu 0000:07:00.0: amdgpu:   in page starting at address 0x0000800103440000 from IH client 0x1b (UTCL2)
[   32.921119] amdgpu 0000:07:00.0: amdgpu: VM_L2_PROTECTION_FAULT_STATUS:0x00000000
[   32.921120] amdgpu 0000:07:00.0: amdgpu: 	 Faulty UTCL2 client ID: CB (0x0)
[   32.921121] amdgpu 0000:07:00.0: amdgpu: 	 MORE_FAULTS: 0x0
[   32.921122] amdgpu 0000:07:00.0: amdgpu: 	 WALKER_ERROR: 0x0
[   32.921123] amdgpu 0000:07:00.0: amdgpu: 	 PERMISSION_FAULTS: 0x0
[   32.921124] amdgpu 0000:07:00.0: amdgpu: 	 MAPPING_ERROR: 0x0
[   32.921125] amdgpu 0000:07:00.0: amdgpu: 	 RW: 0x0
[   32.921126] amdgpu 0000:07:00.0: amdgpu: [gfxhub0] no-retry page fault (src_id:0 ring:40 vmid:3 pasid:32771, for process firefox pid 586 thread firefox:cs0 pid 754)
[   32.921128] amdgpu 0000:07:00.0: amdgpu:   in page starting at address 0x0000800103441000 from IH client 0x1b (UTCL2)
[   32.921131] amdgpu 0000:07:00.0: amdgpu: VM_L2_PROTECTION_FAULT_STATUS:0x00000000
[   32.921132] amdgpu 0000:07:00.0: amdgpu: 	 Faulty UTCL2 client ID: CB (0x0)
[   32.921133] amdgpu 0000:07:00.0: amdgpu: 	 MORE_FAULTS: 0x0
[   32.921135] amdgpu 0000:07:00.0: amdgpu: 	 WALKER_ERROR: 0x0
[   32.921136] amdgpu 0000:07:00.0: amdgpu: 	 PERMISSION_FAULTS: 0x0
[   32.921137] amdgpu 0000:07:00.0: amdgpu: 	 MAPPING_ERROR: 0x0
[   32.921138] amdgpu 0000:07:00.0: amdgpu: 	 RW: 0x0
[   32.921139] amdgpu 0000:07:00.0: amdgpu: [gfxhub0] no-retry page fault (src_id:0 ring:40 vmid:3 pasid:32771, for process firefox pid 586 thread firefox:cs0 pid 754)
[   32.921141] amdgpu 0000:07:00.0: amdgpu:   in page starting at address 0x0000800103441000 from IH client 0x1b (UTCL2)
[   32.921144] amdgpu 0000:07:00.0: amdgpu: VM_L2_PROTECTION_FAULT_STATUS:0x00000000
[   32.921145] amdgpu 0000:07:00.0: amdgpu: 	 Faulty UTCL2 client ID: CB (0x0)
[   32.921146] amdgpu 0000:07:00.0: amdgpu: 	 MORE_FAULTS: 0x0
[   32.921147] amdgpu 0000:07:00.0: amdgpu: 	 WALKER_ERROR: 0x0
[   32.921148] amdgpu 0000:07:00.0: amdgpu: 	 PERMISSION_FAULTS: 0x0
[   32.921149] amdgpu 0000:07:00.0: amdgpu: 	 MAPPING_ERROR: 0x0
[   32.921150] amdgpu 0000:07:00.0: amdgpu: 	 RW: 0x0
[   32.921152] amdgpu 0000:07:00.0: amdgpu: [gfxhub0] no-retry page fault (src_id:0 ring:40 vmid:3 pasid:32771, for process firefox pid 586 thread firefox:cs0 pid 754)
[   32.921153] amdgpu 0000:07:00.0: amdgpu:   in page starting at address 0x0000800103444000 from IH client 0x1b (UTCL2)
[   32.921156] amdgpu 0000:07:00.0: amdgpu: VM_L2_PROTECTION_FAULT_STATUS:0x00000000
[   32.921157] amdgpu 0000:07:00.0: amdgpu: 	 Faulty UTCL2 client ID: CB (0x0)
[   32.921158] amdgpu 0000:07:00.0: amdgpu: 	 MORE_FAULTS: 0x0
[   32.921159] amdgpu 0000:07:00.0: amdgpu: 	 WALKER_ERROR: 0x0
[   32.921161] amdgpu 0000:07:00.0: amdgpu: 	 PERMISSION_FAULTS: 0x0
[   32.921162] amdgpu 0000:07:00.0: amdgpu: 	 MAPPING_ERROR: 0x0
[   32.921163] amdgpu 0000:07:00.0: amdgpu: 	 RW: 0x0
[   32.921164] amdgpu 0000:07:00.0: amdgpu: [gfxhub0] no-retry page fault (src_id:0 ring:40 vmid:3 pasid:32771, for process firefox pid 586 thread firefox:cs0 pid 754)
[   32.921166] amdgpu 0000:07:00.0: amdgpu:   in page starting at address 0x0000800103443000 from IH client 0x1b (UTCL2)
[   32.921168] amdgpu 0000:07:00.0: amdgpu: VM_L2_PROTECTION_FAULT_STATUS:0x00000000
[   32.921170] amdgpu 0000:07:00.0: amdgpu: 	 Faulty UTCL2 client ID: CB (0x0)
[   32.921171] amdgpu 0000:07:00.0: amdgpu: 	 MORE_FAULTS: 0x0
[   32.921172] amdgpu 0000:07:00.0: amdgpu: 	 WALKER_ERROR: 0x0
[   32.921173] amdgpu 0000:07:00.0: amdgpu: 	 PERMISSION_FAULTS: 0x0
[   32.921174] amdgpu 0000:07:00.0: amdgpu: 	 MAPPING_ERROR: 0x0
[   32.921175] amdgpu 0000:07:00.0: amdgpu: 	 RW: 0x0
[   32.921176] amdgpu 0000:07:00.0: amdgpu: [gfxhub0] no-retry page fault (src_id:0 ring:40 vmid:3 pasid:32771, for process firefox pid 586 thread firefox:cs0 pid 754)
[   32.921178] amdgpu 0000:07:00.0: amdgpu:   in page starting at address 0x0000800103443000 from IH client 0x1b (UTCL2)
[   32.921181] amdgpu 0000:07:00.0: amdgpu: VM_L2_PROTECTION_FAULT_STATUS:0x00000000
[   32.921182] amdgpu 0000:07:00.0: amdgpu: 	 Faulty UTCL2 client ID: CB (0x0)
[   32.921183] amdgpu 0000:07:00.0: amdgpu: 	 MORE_FAULTS: 0x0
[   32.921184] amdgpu 0000:07:00.0: amdgpu: 	 WALKER_ERROR: 0x0
[   32.921185] amdgpu 0000:07:00.0: amdgpu: 	 PERMISSION_FAULTS: 0x0
[   32.921186] amdgpu 0000:07:00.0: amdgpu: 	 MAPPING_ERROR: 0x0
[   32.921187] amdgpu 0000:07:00.0: amdgpu: 	 RW: 0x0
[   43.097316] [drm:amdgpu_job_timedout [amdgpu]] *ERROR* ring gfx timeout, but soft recovered
[   43.475845] gmc_v9_0_process_interrupt: 37 callbacks suppressed
[   43.475849] amdgpu 0000:07:00.0: amdgpu: [gfxhub0] no-retry page fault (src_id:0 ring:40 vmid:3 pasid:32771, for process firefox pid 586 thread firefox:cs0 pid 754)
[   43.475856] amdgpu 0000:07:00.0: amdgpu:   in page starting at address 0x0000800107201000 from IH client 0x1b (UTCL2)
[   43.475859] amdgpu 0000:07:00.0: amdgpu: VM_L2_PROTECTION_FAULT_STATUS:0x00341051
[   43.475861] amdgpu 0000:07:00.0: amdgpu: 	 Faulty UTCL2 client ID: TCP (0x8)
[   43.475862] amdgpu 0000:07:00.0: amdgpu: 	 MORE_FAULTS: 0x1
[   43.475863] amdgpu 0000:07:00.0: amdgpu: 	 WALKER_ERROR: 0x0
[   43.475865] amdgpu 0000:07:00.0: amdgpu: 	 PERMISSION_FAULTS: 0x5
[   43.475866] amdgpu 0000:07:00.0: amdgpu: 	 MAPPING_ERROR: 0x0
[   43.475867] amdgpu 0000:07:00.0: amdgpu: 	 RW: 0x1
[   43.475868] amdgpu 0000:07:00.0: amdgpu: [gfxhub0] no-retry page fault (src_id:0 ring:40 vmid:3 pasid:32771, for process firefox pid 586 thread firefox:cs0 pid 754)
[   43.475871] amdgpu 0000:07:00.0: amdgpu:   in page starting at address 0x0000800107201000 from IH client 0x1b (UTCL2)
[   43.475873] amdgpu 0000:07:00.0: amdgpu: VM_L2_PROTECTION_FAULT_STATUS:0x00000000
[   43.475875] amdgpu 0000:07:00.0: amdgpu: 	 Faulty UTCL2 client ID: CB (0x0)
[   43.475876] amdgpu 0000:07:00.0: amdgpu: 	 MORE_FAULTS: 0x0
[   43.475877] amdgpu 0000:07:00.0: amdgpu: 	 WALKER_ERROR: 0x0
[   43.475878] amdgpu 0000:07:00.0: amdgpu: 	 PERMISSION_FAULTS: 0x0
[   43.475879] amdgpu 0000:07:00.0: amdgpu: 	 MAPPING_ERROR: 0x0
[   43.475880] amdgpu 0000:07:00.0: amdgpu: 	 RW: 0x0
[   43.475882] amdgpu 0000:07:00.0: amdgpu: [gfxhub0] no-retry page fault (src_id:0 ring:40 vmid:3 pasid:32771, for process firefox pid 586 thread firefox:cs0 pid 754)
[   43.475884] amdgpu 0000:07:00.0: amdgpu:   in page starting at address 0x0000800107201000 from IH client 0x1b (UTCL2)
[   43.475886] amdgpu 0000:07:00.0: amdgpu: VM_L2_PROTECTION_FAULT_STATUS:0x00000000
[   43.475887] amdgpu 0000:07:00.0: amdgpu: 	 Faulty UTCL2 client ID: CB (0x0)
[   43.475889] amdgpu 0000:07:00.0: amdgpu: 	 MORE_FAULTS: 0x0
[   43.475890] amdgpu 0000:07:00.0: amdgpu: 	 WALKER_ERROR: 0x0
[   43.475891] amdgpu 0000:07:00.0: amdgpu: 	 PERMISSION_FAULTS: 0x0
[   43.475892] amdgpu 0000:07:00.0: amdgpu: 	 MAPPING_ERROR: 0x0
[   43.475893] amdgpu 0000:07:00.0: amdgpu: 	 RW: 0x0
[   43.475894] amdgpu 0000:07:00.0: amdgpu: [gfxhub0] no-retry page fault (src_id:0 ring:40 vmid:3 pasid:32771, for process firefox pid 586 thread firefox:cs0 pid 754)
[   43.475896] amdgpu 0000:07:00.0: amdgpu:   in page starting at address 0x0000800107200000 from IH client 0x1b (UTCL2)
[   43.475899] amdgpu 0000:07:00.0: amdgpu: VM_L2_PROTECTION_FAULT_STATUS:0x00000000
[   43.475900] amdgpu 0000:07:00.0: amdgpu: 	 Faulty UTCL2 client ID: CB (0x0)
[   43.475901] amdgpu 0000:07:00.0: amdgpu: 	 MORE_FAULTS: 0x0
[   43.475902] amdgpu 0000:07:00.0: amdgpu: 	 WALKER_ERROR: 0x0
[   43.475903] amdgpu 0000:07:00.0: amdgpu: 	 PERMISSION_FAULTS: 0x0
[   43.475904] amdgpu 0000:07:00.0: amdgpu: 	 MAPPING_ERROR: 0x0
